02-18 09:26:06.321 V/WLAN_PSA(  326): NL MSG, len[3990], NL type[0x1C] WNI type[0x5900] len[32271]
02-18 09:26:06.321 V/WLAN_PSA(  326): NL MSG, PID: 326
02-18 09:26:06.367 V/WLAN_PSA(  326): NL MSG, len[4090], NL type[0x1C] WNI type[0x5900] len[57871]
02-18 09:26:06.367 V/WLAN_PSA(  326): NL MSG, PID: 326
02-18 09:26:06.421 V/WLAN_PSA(  326): NL MSG, len[4062], NL type[0x1C] WNI type[0x5900] len[50703]
02-18 09:26:06.421 V/WLAN_PSA(  326): NL MSG, PID: 326
02-18 09:26:06.471 V/WLAN_PSA(  326): NL MSG, len[4026], NL type[0x1C] WNI type[0x5900] len[41487]
02-18 09:26:06.471 V/WLAN_PSA(  326): NL MSG, PID: 326
02-18 09:26:06.511 V/WLAN_PSA(  326): NL MSG, len[4029], NL type[0x1C] WNI type[0x5900] len[42255]
02-18 09:26:06.511 V/WLAN_PSA(  326): NL MSG, PID: 326
02-18 09:26:06.551 V/WLAN_PSA(  326): NL MSG, len[4014], NL type[0x1C] WNI type[0x5900] len[38415]
02-18 09:26:06.551 V/WLAN_PSA(  326): NL MSG, PID: 326
02-18 09:26:06.597 V/WLAN_PSA(  326): NL MSG, len[4086], NL type[0x1C] WNI type[0x5900] len[56847]
02-18 09:26:06.597 V/WLAN_PSA(  326): NL MSG, PID: 326
02-18 09:26:06.648 V/WLAN_PSA(  326): NL MSG, len[4024], NL type[0x1C] WNI type[0x5900] len[40975]
02-18 09:26:06.648 V/WLAN_PSA(  326): NL MSG, PID: 326
02-18 09:26:06.697 V/WLAN_PSA(  326): NL MSG, len[4035], NL type[0x1C] WNI type[0x5900] len[43791]
02-18 09:26:06.697 V/WLAN_PSA(  326): NL MSG, PID: 326
02-18 09:26:06.746 V/WLAN_PSA(  326): NL MSG, len[4039], NL type[0x1C] WNI type[0x5900] len[44815]
02-18 09:26:06.746 V/WLAN_PSA(  326): NL MSG, PID: 326
02-18 09:26:06.791 V/WLAN_PSA(  326): NL MSG, len[4055], NL type[0x1C] WNI type[0x5900] len[48911]
02-18 09:26:06.791 V/WLAN_PSA(  326): NL MSG, PID: 326
02-18 09:26:06.831 V/WLAN_PSA(  326): NL MSG, len[4017], NL type[0x1C] WNI type[0x5900] len[39183]
02-18 09:26:06.831 V/WLAN_PSA(  326): NL MSG, PID: 326
02-18 09:26:06.861 V/WLAN_PSA(  326): NL MSG, len[3994], NL type[0x1C] WNI type[0x5900] len[33295]
02-18 09:26:06.861 V/WLAN_PSA(  326): NL MSG, PID: 326
02-18 09:26:06.901 V/WLAN_PSA(  326): NL MSG, len[4056], NL type[0x1C] WNI type[0x5900] len[49167]
02-18 09:26:06.901 V/WLAN_PSA(  326): NL MSG, PID: 326
02-18 09:26:06.936 V/WLAN_PSA(  326): NL MSG, len[4046], NL type[0x1C] WNI type[0x5900] len[46607]
02-18 09:26:06.936 V/WLAN_PSA(  326): NL MSG, PID: 326
02-18 09:26:06.976 V/WLAN_PSA(  326): NL MSG, len[4014], NL type[0x1C] WNI type[0x5900] len[38415]
02-18 09:26:06.976 V/WLAN_PSA(  326): NL MSG, PID: 326
02-18 09:26:07.411 V/WLAN_PSA(  326): NL MSG, len[4005], NL type[0x1C] WNI type[0x5900] len[36111]
02-18 09:26:07.411 V/WLAN_PSA(  326): NL MSG, PID: 326
02-18 09:26:07.442 V/WLAN_PSA(  326): NL MSG, len[4031], NL type[0x1C] WNI type[0x5900] len[42767]
02-18 09:26:07.442 V/WLAN_PSA(  326): NL MSG, PID: 326
02-18 09:26:07.477 V/WLAN_PSA(  326): NL MSG, len[4089], NL type[0x1C] WNI type[0x5900] len[57615]
02-18 09:26:07.477 V/WLAN_PSA(  326): NL MSG, PID: 326
02-18 09:26:07.517 V/WLAN_PSA(  326): NL MSG, len[3997], NL type[0x1C] WNI type[0x5900] len[34063]
02-18 09:26:07.517 V/WLAN_PSA(  326): NL MSG, PID: 326
02-18 09:26:07.551 V/WLAN_PSA(  326): NL MSG, len[4007], NL type[0x1C] WNI type[0x5900] len[36623]
02-18 09:26:07.551 V/WLAN_PSA(  326): NL MSG, PID: 326
02-18 09:26:07.562 V/WLAN_PSA(  326): NL MSG, len[4023], NL type[0x1C] WNI type[0x5900] len[40719]
02-18 09:26:07.562 V/WLAN_PSA(  326): NL MSG, PID: 326
02-18 09:26:07.564 V/WLAN_PSA(  326): NL MSG, len[4027], NL type[0x1C] WNI type[0x5900] len[41743]
02-18 09:26:07.564 V/WLAN_PSA(  326): NL MSG, PID: 326
02-18 09:26:07.565 V/WLAN_PSA(  326): NL MSG, len[914], NL type[0x11] WNI type[0x5050] len[894]
02-18 09:26:07.565 V/WLAN_PSA(  326): NL MSG, PID: 326
02-18 09:26:07.566 V/WLAN_PSA(  326): NL MSG, len[4026], NL type[0x1C] WNI type[0x5900] len[41487]
02-18 09:26:07.566 V/WLAN_PSA(  326): NL MSG, PID: 326
02-18 09:26:07.567 V/WLAN_PSA(  326): NL MSG, len[4077], NL type[0x1C] WNI type[0x5900] len[54543]
02-18 09:26:07.567 V/WLAN_PSA(  326): NL MSG, PID: 326
02-18 09:26:07.567 I/WifiHAL ( 2264): Poll result = 1
02-18 09:26:07.567 I/WifiHAL ( 2264): Found some events!!!
02-18 09:26:07.567 D/WifiHAL ( 2264): no_seq_check received
02-18 09:26:07.567 I/WifiHAL ( 2264): event received NL80211_CMD_NEW_SCAN_RESULTS
02-18 09:26:07.567 I/WifiHAL ( 2264): event received NL80211_CMD_NEW_SCAN_RESULTS, vendor_id = 0x0
02-18 09:26:07.567 I/WifiHAL ( 2264): event ignored!!
02-18 09:26:07.592 D/LBSSystemMonitorService( 2264): handleMessage what - 4
02-18 09:26:07.593 D/Wiper_jni( 2264): Send Network Location.
02-18 09:26:07.595 E/LocSvc_api_v02( 2264): I/---> locClientSendReq line 2065 QMI_LOC_INJECT_WIFI_POSITION_REQ_V02
02-18 09:26:07.598 E/LocSvc_ApiV02( 2264): I/<--- void globalRespCb(locClientHandleType, uint32_t, locClientRespIndUnionType, void*) line 111 QMI_LOC_INJECT_WIFI_POSITION_REQ_V02
02-18 09:26:07.761 V/WLAN_PSA(  326): NL MSG, len[048], NL type[0x11] WNI type[0x5050] len[028]
02-18 09:26:07.761 V/WLAN_PSA(  326): NL MSG, PID: 326
02-18 09:26:07.761 V/WLAN_PSA(  326): NL MSG, len[048], NL type[0x11] WNI type[0x5050] len[028]
02-18 09:26:07.761 V/WLAN_PSA(  326): NL MSG, PID: 326
02-18 09:26:07.762 V/WLAN_PSA(  326): NL MSG, len[048], NL type[0x11] WNI type[0x5050] len[028]
02-18 09:26:07.762 V/WLAN_PSA(  326): NL MSG, PID: 326
02-18 09:26:07.961 V/WLAN_PSA(  326): NL MSG, len[048], NL type[0x11] WNI type[0x5050] len[028]
02-18 09:26:07.961 V/WLAN_PSA(  326): NL MSG, PID: 326
02-18 09:26:08.141 V/WLAN_PSA(  326): NL MSG, len[048], NL type[0x11] WNI type[0x5050] len[028]
02-18 09:26:08.141 V/WLAN_PSA(  326): NL MSG, PID: 326
02-18 09:26:13.151 V/WLAN_PSA(  326): NL MSG, len[048], NL type[0x11] WNI type[0x5050] len[028]
02-18 09:26:13.151 V/WLAN_PSA(  326): NL MSG, PID: 326
02-18 09:26:13.151 V/WLAN_PSA(  326): NL MSG, len[4052], NL type[0x1C] WNI type[0x5900] len[48143]
02-18 09:26:13.151 V/WLAN_PSA(  326): NL MSG, PID: 326
02-18 09:26:16.353 D/Sensors ( 2264): batch called handle:3 sample_ns:20000000 latency_ns:0
02-18 09:26:16.353 D/Sensors ( 2264): lsm6ds3_accelerometer calling driver setDelay 20 ms
02-18 09:26:16.353 D/Sensors ( 2264): flush called
02-18 09:26:16.847 D/Sensors ( 2264): batch called handle:3 sample_ns:66667000 latency_ns:0
02-18 09:26:16.847 D/Sensors ( 2264): lsm6ds3_accelerometer calling driver setDelay 66 ms
02-18 09:26:18.161 V/WLAN_PSA(  326): NL MSG, len[048], NL type[0x11] WNI type[0x5050] len[028]
02-18 09:26:18.161 V/WLAN_PSA(  326): NL MSG, PID: 326
02-18 09:26:20.790 D/TelephonyIcons( 3726): updateDataType sub=0, type=2, inetCondition=0 showAtLeast3G=false show4GforLte=true hspaDistinguishable=true
02-18 09:26:20.790 D/TelephonyIcons( 3726): data type item name: array/telephony_data_type_sim1
02-18 09:26:20.790 D/TelephonyIcons( 3726): data type item id: 2131165188
02-18 09:26:20.790 D/TelephonyIcons( 3726): updateDataType mSelectedDataTypeIcon[0]=2130837831, mSelectedDataActivityIndex=2
02-18 09:26:20.793 D/TelephonyIcons( 3726): getSignalStrengthIcon: sub=0, inetCondition=0, level=4 isRoaming=false
02-18 09:26:20.793 D/TelephonyIcons( 3726): signalStrengthArray.length = 9
02-18 09:26:20.793 D/TelephonyIcons( 3726): selectedTypeArray.length = 2
02-18 09:26:20.794 D/TelephonyIcons( 3726): inetArray.length = 5
02-18 09:26:21.318 V/WLAN_PSA(  326): NL MSG, len[048], NL type[0x11] WNI type[0x5050] len[028]
02-18 09:26:21.318 V/WLAN_PSA(  326): NL MSG, PID: 326
02-18 09:26:21.318 I/WifiHAL ( 2264): Poll result = 1
02-18 09:26:21.318 I/WifiHAL ( 2264): Found some events!!!
02-18 09:26:21.318 D/WifiHAL ( 2264): no_seq_check received
02-18 09:26:21.318 I/WifiHAL ( 2264): event received NL80211_CMD_TRIGGER_SCAN
02-18 09:26:21.318 I/WifiHAL ( 2264): event received NL80211_CMD_TRIGGER_SCAN, vendor_id = 0x0
02-18 09:26:21.318 I/WifiHAL ( 2264): event ignored!!
02-18 09:26:21.319 V/WLAN_PSA(  326): NL MSG, len[048], NL type[0x11] WNI type[0x5050] len[028]
02-18 09:26:21.319 V/WLAN_PSA(  326): NL MSG, PID: 326
02-18 09:26:21.325 I/WifiHAL ( 2264): Poll result = 1
02-18 09:26:21.325 I/WifiHAL ( 2264): Found some events!!!
02-18 09:26:21.325 D/WifiHAL ( 2264): no_seq_check received
02-18 09:26:21.325 I/WifiHAL ( 2264): event received NL80211_CMD_VENDOR, vendor_id = 0x1374, subcmd = 0xa
02-18 09:26:21.325 I/WifiHAL ( 2264): event received NL80211_CMD_VENDOR, vendor_id = 0x1374
02-18 09:26:21.325 I/WifiHAL ( 2264): event ignored!!
02-18 09:26:21.325 I/wpa_supplicant( 3826): wlan0: CTRL-EVENT-AVOID-FREQ ranges=
02-18 09:26:21.328 V/WLAN_PSA(  326): NL MSG, len[048], NL type[0x11] WNI type[0x5050] len[028]
02-18 09:26:21.328 V/WLAN_PSA(  326): NL MSG, PID: 326
02-18 09:26:21.329 V/WLAN_PSA(  326): NL MSG, len[914], NL type[0x11] WNI type[0x5050] len[894]
02-18 09:26:21.329 V/WLAN_PSA(  326): NL MSG, PID: 326
02-18 09:26:21.329 V/WLAN_PSA(  326): NL MSG, len[048], NL type[0x11] WNI type[0x5050] len[028]
02-18 09:26:21.329 V/WLAN_PSA(  326): NL MSG, PID: 326
02-18 09:26:21.329 V/WLAN_PSA(  326): NL MSG, len[4054], NL type[0x1C] WNI type[0x5900] len[48655]
02-18 09:26:21.329 V/WLAN_PSA(  326): NL MSG, PID: 326
02-18 09:26:21.333 V/WLAN_PSA(  326): NL MSG, len[4009], NL type[0x1C] WNI type[0x5900] len[37135]
02-18 09:26:21.333 V/WLAN_PSA(  326): NL MSG, PID: 326
02-18 09:26:21.371 V/WLAN_PSA(  326): NL MSG, len[4079], NL type[0x1C] WNI type[0x5900] len[55055]
02-18 09:26:21.372 V/WLAN_PSA(  326): NL MSG, PID: 326
02-18 09:26:21.417 V/WLAN_PSA(  326): NL MSG, len[4043], NL type[0x1C] WNI type[0x5900] len[45839]
02-18 09:26:21.417 V/WLAN_PSA(  326): NL MSG, PID: 326
02-18 09:26:21.467 V/WLAN_PSA(  326): NL MSG, len[4009], NL type[0x1C] WNI type[0x5900] len[37135]
02-18 09:26:21.467 V/WLAN_PSA(  326): NL MSG, PID: 326
02-18 09:26:21.501 V/WLAN_PSA(  326): NL MSG, len[3997], NL type[0x1C] WNI type[0x5900] len[34063]
02-18 09:26:21.501 V/WLAN_PSA(  326): NL MSG, PID: 326
02-18 09:26:21.531 V/WLAN_PSA(  326): NL MSG, len[4011], NL type[0x1C] WNI type[0x5900] len[37647]
02-18 09:26:21.531 V/WLAN_PSA(  326): NL MSG, PID: 326
02-18 09:26:21.581 V/WLAN_PSA(  326): NL MSG, len[4072], NL type[0x1C] WNI type[0x5900] len[53263]
02-18 09:26:21.581 V/WLAN_PSA(  326): NL MSG, PID: 326
02-18 09:26:21.631 V/WLAN_PSA(  326): NL MSG, len[4014], NL type[0x1C] WNI type[0x5900] len[38415]
02-18 09:26:21.631 V/WLAN_PSA(  326): NL MSG, PID: 326
02-18 09:26:21.671 V/WLAN_PSA(  326): NL MSG, len[4003], NL type[0x1C] WNI type[0x5900] len[35599]
02-18 09:26:21.671 V/WLAN_PSA(  326): NL MSG, PID: 326
02-18 09:26:21.705 V/WLAN_PSA(  326): NL MSG, len[4015], NL type[0x1C] WNI type[0x5900] len[38671]
02-18 09:26:21.705 V/WLAN_PSA(  326): NL MSG, PID: 326
02-18 09:26:21.741 V/WLAN_PSA(  326): NL MSG, len[4013], NL type[0x1C] WNI type[0x5900] len[38159]
02-18 09:26:21.741 V/WLAN_PSA(  326): NL MSG, PID: 326
02-18 09:26:21.793 V/WLAN_PSA(  326): NL MSG, len[4062], NL type[0x1C] WNI type[0x5900] len[50703]
02-18 09:26:21.793 V/WLAN_PSA(  326): NL MSG, PID: 326
02-18 09:26:21.851 V/WLAN_PSA(  326): NL MSG, len[4017], NL type[0x1C] WNI type[0x5900] len[39183]
02-18 09:26:21.851 V/WLAN_PSA(  326): NL MSG, PID: 326
02-18 09:26:21.881 V/WLAN_PSA(  326): NL MSG, len[4065], NL type[0x1C] WNI type[0x5900] len[51471]
02-18 09:26:21.881 V/WLAN_PSA(  326): NL MSG, PID: 326
02-18 09:26:21.912 V/WLAN_PSA(  326): NL MSG, len[4053], NL type[0x1C] WNI type[0x5900] len[48399]
02-18 09:26:21.912 V/WLAN_PSA(  326): NL MSG, PID: 326
02-18 09:26:22.161 V/WLAN_PSA(  326): NL MSG, len[3969], NL type[0x1C] WNI type[0x5900] len[26895]
02-18 09:26:22.161 V/WLAN_PSA(  326): NL MSG, PID: 326
02-18 09:26:22.387 V/WLAN_PSA(  326): NL MSG, len[4063], NL type[0x1C] WNI type[0x5900] len[50959]
02-18 09:26:22.387 V/WLAN_PSA(  326): NL MSG, PID: 326
02-18 09:26:22.426 V/WLAN_PSA(  326): NL MSG, len[4050], NL type[0x1C] WNI type[0x5900] len[47631]
02-18 09:26:22.427 V/WLAN_PSA(  326): NL MSG, PID: 326
02-18 09:26:22.451 V/WLAN_PSA(  326): NL MSG, len[4093], NL type[0x1C] WNI type[0x5900] len[58639]
02-18 09:26:22.451 V/WLAN_PSA(  326): NL MSG, PID: 326
02-18 09:26:22.501 V/WLAN_PSA(  326): NL MSG, len[4089], NL type[0x1C] WNI type[0x5900] len[57615]
02-18 09:26:22.501 V/WLAN_PSA(  326): NL MSG, PID: 326
02-18 09:26:22.532 V/WLAN_PSA(  326): NL MSG, len[4059], NL type[0x1C] WNI type[0x5900] len[49935]
02-18 09:26:22.533 V/WLAN_PSA(  326): NL MSG, PID: 326
02-18 09:26:22.533 V/WLAN_PSA(  326): NL MSG, len[4017], NL type[0x1C] WNI type[0x5900] len[39183]
02-18 09:26:22.533 V/WLAN_PSA(  326): NL MSG, PID: 326
02-18 09:26:22.535 V/WLAN_PSA(  326): NL MSG, len[914], NL type[0x11] WNI type[0x5050] len[894]
02-18 09:26:22.535 V/WLAN_PSA(  326): NL MSG, PID: 326
02-18 09:26:22.535 V/WLAN_PSA(  326): NL MSG, len[3964], NL type[0x1C] WNI type[0x5900] len[25615]
02-18 09:26:22.535 V/WLAN_PSA(  326): NL MSG, PID: 326
02-18 09:26:22.535 V/WLAN_PSA(  326): NL MSG, len[3967], NL type[0x1C] WNI type[0x5900] len[26383]
02-18 09:26:22.535 V/WLAN_PSA(  326): NL MSG, PID: 326
02-18 09:26:22.535 I/WifiHAL ( 2264): Poll result = 1
02-18 09:26:22.535 I/WifiHAL ( 2264): Found some events!!!
02-18 09:26:22.535 D/WifiHAL ( 2264): no_seq_check received
02-18 09:26:22.536 I/WifiHAL ( 2264): event received NL80211_CMD_NEW_SCAN_RESULTS
02-18 09:26:22.536 I/WifiHAL ( 2264): event received NL80211_CMD_NEW_SCAN_RESULTS, vendor_id = 0x0
02-18 09:26:22.536 I/WifiHAL ( 2264): event ignored!!
02-18 09:26:22.554 D/LBSSystemMonitorService( 2264): handleMessage what - 4
02-18 09:26:22.554 D/Wiper_jni( 2264): Send Network Location.
02-18 09:26:22.555 E/LocSvc_api_v02( 2264): I/---> locClientSendReq line 2065 QMI_LOC_INJECT_WIFI_POSITION_REQ_V02
02-18 09:26:22.556 E/LocSvc_ApiV02( 2264): I/<--- void globalRespCb(locClientHandleType, uint32_t, locClientRespIndUnionType, void*) line 111 QMI_LOC_INJECT_WIFI_POSITION_REQ_V02
02-18 09:26:22.731 V/WLAN_PSA(  326): NL MSG, len[048], NL type[0x11] WNI type[0x5050] len[028]
02-18 09:26:22.731 V/WLAN_PSA(  326): NL MSG, PID: 326
02-18 09:26:22.731 V/WLAN_PSA(  326): NL MSG, len[048], NL type[0x11] WNI type[0x5050] len[028]
02-18 09:26:22.731 V/WLAN_PSA(  326): NL MSG, PID: 326
02-18 09:26:22.731 V/WLAN_PSA(  326): NL MSG, len[4042], NL type[0x1C] WNI type[0x5900] len[45583]
02-18 09:26:22.731 V/WLAN_PSA(  326): NL MSG, PID: 326
02-18 09:26:22.732 V/WLAN_PSA(  326): NL MSG, len[048], NL type[0x11] WNI type[0x5050] len[028]
02-18 09:26:22.732 V/WLAN_PSA(  326): NL MSG, PID: 326
02-18 09:26:22.931 V/WLAN_PSA(  326): NL MSG, len[048], NL type[0x11] WNI type[0x5050] len[028]
02-18 09:26:22.931 V/WLAN_PSA(  326): NL MSG, PID: 326
02-18 09:26:23.171 V/WLAN_PSA(  326): NL MSG, len[048], NL type[0x11] WNI type[0x5050] len[028]
02-18 09:26:23.171 V/WLAN_PSA(  326): NL MSG, PID: 326
02-18 09:26:25.609 D/TelephonyIcons( 3726): updateDataType sub=0, type=2, inetCondition=0 showAtLeast3G=false show4GforLte=true hspaDistinguishable=true
02-18 09:26:25.609 D/TelephonyIcons( 3726): data type item name: array/telephony_data_type_sim1
02-18 09:26:25.610 D/TelephonyIcons( 3726): data type item id: 2131165188
02-18 09:26:25.610 D/TelephonyIcons( 3726): updateDataType mSelectedDataTypeIcon[0]=2130837831, mSelectedDataActivityIndex=2
02-18 09:26:25.612 D/TelephonyIcons( 3726): getSignalStrengthIcon: sub=0, inetCondition=0, level=4 isRoaming=false
02-18 09:26:25.613 D/TelephonyIcons( 3726): signalStrengthArray.length = 9
02-18 09:26:25.613 D/TelephonyIcons( 3726): selectedTypeArray.length = 2
02-18 09:26:25.613 D/TelephonyIcons( 3726): inetArray.length = 5
02-18 09:26:27.883 D/TelephonyIcons( 3726): updateDataType sub=0, type=2, inetCondition=0 showAtLeast3G=false show4GforLte=true hspaDistinguishable=true
02-18 09:26:27.883 D/TelephonyIcons( 3726): data type item name: array/telephony_data_type_sim1
02-18 09:26:27.883 D/TelephonyIcons( 3726): data type item id: 2131165188
02-18 09:26:27.884 D/TelephonyIcons( 3726): updateDataType mSelectedDataTypeIcon[0]=2130837831, mSelectedDataActivityIndex=2
02-18 09:26:27.885 D/TelephonyIcons( 3726): getSignalStrengthIcon: sub=0, inetCondition=0, level=4 isRoaming=false
02-18 09:26:27.886 D/TelephonyIcons( 3726): signalStrengthArray.length = 9
02-18 09:26:27.886 D/TelephonyIcons( 3726): selectedTypeArray.length = 2
02-18 09:26:27.886 D/TelephonyIcons( 3726): inetArray.length = 5
02-18 09:26:28.181 V/WLAN_PSA(  326): NL MSG, len[048], NL type[0x11] WNI type[0x5050] len[028]
02-18 09:26:28.181 V/WLAN_PSA(  326): NL MSG, PID: 326
02-18 09:26:29.301 D/NetworkMonitor/NetworkAgentInfo [MOBILE (EDGE) - 100]( 2264): OfflineState{ when=-98ms what=532488 arg2=1 target=com.android.internal.util.StateMachine$SmHandler }
02-18 09:26:29.301 D/NetworkMonitor/NetworkAgentInfo [MOBILE (EDGE) - 100]( 2264): DefaultState{ when=-98ms what=532488 arg2=1 target=com.android.internal.util.StateMachine$SmHandler }
02-18 09:26:29.301 D/NetworkMonitor/NetworkAgentInfo [MOBILE (EDGE) - 100]( 2264): Forcing reevaluation
02-18 09:26:29.301 D/NetworkMonitor/NetworkAgentInfo [MOBILE (EDGE) - 100]( 2264): EvaluatingState{ when=0 what=532486 arg1=129 target=com.android.internal.util.StateMachine$SmHandler }
02-18 09:26:29.301 D/NetworkMonitor/NetworkAgentInfo [MOBILE (EDGE) - 100]( 2264): Checking http://connectivitycheck.android.com/generate_204 on cmnet
02-18 09:26:30.277 D/TelephonyIcons( 3726): updateDataType sub=0, type=2, inetCondition=0 showAtLeast3G=false show4GforLte=true hspaDistinguishable=true
02-18 09:26:30.277 D/TelephonyIcons( 3726): data type item name: array/telephony_data_type_sim1
02-18 09:26:30.277 D/TelephonyIcons( 3726): data type item id: 2131165188
02-18 09:26:30.278 D/TelephonyIcons( 3726): updateDataType mSelectedDataTypeIcon[0]=2130837831, mSelectedDataActivityIndex=2
02-18 09:26:30.280 D/TelephonyIcons( 3726): getSignalStrengthIcon: sub=0, inetCondition=0, level=4 isRoaming=false
02-18 09:26:30.281 D/TelephonyIcons( 3726): signalStrengthArray.length = 9
02-18 09:26:30.281 D/TelephonyIcons( 3726): selectedTypeArray.length = 2
02-18 09:26:30.281 D/TelephonyIcons( 3726): inetArray.length = 5
02-18 09:26:33.191 V/WLAN_PSA(  326): NL MSG, len[048], NL type[0x11] WNI type[0x5050] len[028]
02-18 09:26:33.191 V/WLAN_PSA(  326): NL MSG, PID: 326
02-18 09:26:34.608 D/TelephonyIcons( 3726): updateDataType sub=0, type=2, inetCondition=0 showAtLeast3G=false show4GforLte=true hspaDistinguishable=true
02-18 09:26:34.608 D/TelephonyIcons( 3726): data type item name: array/telephony_data_type_sim1
02-18 09:26:34.608 D/TelephonyIcons( 3726): data type item id: 2131165188
02-18 09:26:34.609 D/TelephonyIcons( 3726): updateDataType mSelectedDataTypeIcon[0]=2130837831, mSelectedDataActivityIndex=2
02-18 09:26:34.614 D/TelephonyIcons( 3726): getSignalStrengthIcon: sub=0, inetCondition=0, level=4 isRoaming=false
02-18 09:26:34.614 D/TelephonyIcons( 3726): signalStrengthArray.length = 9
02-18 09:26:34.615 D/TelephonyIcons( 3726): selectedTypeArray.length = 2
02-18 09:26:34.615 D/TelephonyIcons( 3726): inetArray.length = 5
02-18 09:26:36.333 V/WLAN_PSA(  326): NL MSG, len[048], NL type[0x11] WNI type[0x5050] len[028]
02-18 09:26:36.333 V/WLAN_PSA(  326): NL MSG, PID: 326
02-18 09:26:36.333 I/WifiHAL ( 2264): Poll result = 1
02-18 09:26:36.333 I/WifiHAL ( 2264): Found some events!!!
02-18 09:26:36.333 D/WifiHAL ( 2264): no_seq_check received
02-18 09:26:36.333 I/WifiHAL ( 2264): event received NL80211_CMD_TRIGGER_SCAN
02-18 09:26:36.333 I/WifiHAL ( 2264): event received NL80211_CMD_TRIGGER_SCAN, vendor_id = 0x0
02-18 09:26:36.333 I/WifiHAL ( 2264): event ignored!!
02-18 09:26:36.334 V/WLAN_PSA(  326): NL MSG, len[048], NL type[0x11] WNI type[0x5050] len[028]
02-18 09:26:36.334 V/WLAN_PSA(  326): NL MSG, PID: 326
02-18 09:26:36.343 V/WLAN_PSA(  326): NL MSG, len[048], NL type[0x11] WNI type[0x5050] len[028]
02-18 09:26:36.343 V/WLAN_PSA(  326): NL MSG, PID: 326
02-18 09:26:36.343 V/WLAN_PSA(  326): NL MSG, len[4035], NL type[0x1C] WNI type[0x5900] len[43791]
02-18 09:26:36.343 V/WLAN_PSA(  326): NL MSG, PID: 326
02-18 09:26:36.343 V/WLAN_PSA(  326): NL MSG, len[914], NL type[0x11] WNI type[0x5050] len[894]
02-18 09:26:36.343 V/WLAN_PSA(  326): NL MSG, PID: 326
02-18 09:26:36.343 V/WLAN_PSA(  326): NL MSG, len[048], NL type[0x11] WNI type[0x5050] len[028]
02-18 09:26:36.343 V/WLAN_PSA(  326): NL MSG, PID: 326
02-18 09:26:36.347 V/WLAN_PSA(  326): NL MSG, len[4031], NL type[0x1C] WNI type[0x5900] len[42767]
02-18 09:26:36.347 V/WLAN_PSA(  326): NL MSG, PID: 326
02-18 09:26:36.391 V/WLAN_PSA(  326): NL MSG, len[4021], NL type[0x1C] WNI type[0x5900] len[40207]
02-18 09:26:36.391 V/WLAN_PSA(  326): NL MSG, PID: 326
02-18 09:26:36.441 V/WLAN_PSA(  326): NL MSG, len[4014], NL type[0x1C] WNI type[0x5900] len[38415]
02-18 09:26:36.441 V/WLAN_PSA(  326): NL MSG, PID: 326
02-18 09:26:36.492 V/WLAN_PSA(  326): NL MSG, len[4028], NL type[0x1C] WNI type[0x5900] len[41999]
02-18 09:26:36.492 V/WLAN_PSA(  326): NL MSG, PID: 326
02-18 09:26:36.532 V/WLAN_PSA(  326): NL MSG, len[4043], NL type[0x1C] WNI type[0x5900] len[45839]
02-18 09:26:36.532 V/WLAN_PSA(  326): NL MSG, PID: 326
02-18 09:26:36.571 V/WLAN_PSA(  326): NL MSG, len[4094], NL type[0x1C] WNI type[0x5900] len[58895]
02-18 09:26:36.571 V/WLAN_PSA(  326): NL MSG, PID: 326
02-18 09:26:36.612 V/WLAN_PSA(  326): NL MSG, len[4082], NL type[0x1C] WNI type[0x5900] len[55823]
02-18 09:26:36.612 V/WLAN_PSA(  326): NL MSG, PID: 326
02-18 09:26:36.651 V/WLAN_PSA(  326): NL MSG, len[4024], NL type[0x1C] WNI type[0x5900] len[40975]
02-18 09:26:36.651 V/WLAN_PSA(  326): NL MSG, PID: 326
02-18 09:26:36.711 V/WLAN_PSA(  326): NL MSG, len[4016], NL type[0x1C] WNI type[0x5900] len[38927]
02-18 09:26:36.711 V/WLAN_PSA(  326): NL MSG, PID: 326
02-18 09:26:36.751 V/WLAN_PSA(  326): NL MSG, len[4006], NL type[0x1C] WNI type[0x5900] len[36367]
02-18 09:26:36.751 V/WLAN_PSA(  326): NL MSG, PID: 326
02-18 09:26:36.791 V/WLAN_PSA(  326): NL MSG, len[4051], NL type[0x1C] WNI type[0x5900] len[47887]
02-18 09:26:36.792 V/WLAN_PSA(  326): NL MSG, PID: 326
02-18 09:26:36.851 V/WLAN_PSA(  326): NL MSG, len[3969], NL type[0x1C] WNI type[0x5900] len[26895]
02-18 09:26:36.851 V/WLAN_PSA(  326): NL MSG, PID: 326
02-18 09:26:36.897 D/TelephonyIcons( 3726): updateDataType sub=0, type=2, inetCondition=0 showAtLeast3G=false show4GforLte=true hspaDistinguishable=true
02-18 09:26:36.897 D/TelephonyIcons( 3726): data type item name: array/telephony_data_type_sim1
02-18 09:26:36.898 D/TelephonyIcons( 3726): data type item id: 2131165188
02-18 09:26:36.898 D/TelephonyIcons( 3726): updateDataType mSelectedDataTypeIcon[0]=2130837831, mSelectedDataActivityIndex=2
02-18 09:26:36.900 D/TelephonyIcons( 3726): getSignalStrengthIcon: sub=0, inetCondition=0, level=4 isRoaming=false
02-18 09:26:36.900 D/TelephonyIcons( 3726): signalStrengthArray.length = 9
02-18 09:26:36.900 D/TelephonyIcons( 3726): selectedTypeArray.length = 2
02-18 09:26:36.901 D/TelephonyIcons( 3726): inetArray.length = 5
02-18 09:26:36.901 V/WLAN_PSA(  326): NL MSG, len[4017], NL type[0x1C] WNI type[0x5900] len[39183]
02-18 09:26:36.901 V/WLAN_PSA(  326): NL MSG, PID: 326
02-18 09:26:36.921 I/WifiHAL ( 2264): Poll result = 1
02-18 09:26:36.921 I/WifiHAL ( 2264): Found some events!!!
02-18 09:26:36.921 D/WifiHAL ( 2264): no_seq_check received
02-18 09:26:36.921 I/WifiHAL ( 2264): event received NL80211_CMD_VENDOR, vendor_id = 0x1374, subcmd = 0xa
02-18 09:26:36.921 I/WifiHAL ( 2264): event received NL80211_CMD_VENDOR, vendor_id = 0x1374
02-18 09:26:36.921 I/WifiHAL ( 2264): event ignored!!
02-18 09:26:36.921 I/wpa_supplicant( 3826): wlan0: CTRL-EVENT-AVOID-FREQ ranges=
02-18 09:26:36.942 V/WLAN_PSA(  326): NL MSG, len[4084], NL type[0x1C] WNI type[0x5900] len[56335]
02-18 09:26:36.942 V/WLAN_PSA(  326): NL MSG, PID: 326
02-18 09:26:36.971 V/WLAN_PSA(  326): NL MSG, len[4060], NL type[0x1C] WNI type[0x5900] len[50191]
02-18 09:26:36.971 V/WLAN_PSA(  326): NL MSG, PID: 326
02-18 09:26:37.072 I/WifiHAL ( 2264): Poll result = 1
02-18 09:26:37.072 I/WifiHAL ( 2264): Found some events!!!
02-18 09:26:37.072 D/WifiHAL ( 2264): no_seq_check received
02-18 09:26:37.072 I/WifiHAL ( 2264): event received NL80211_CMD_VENDOR, vendor_id = 0x1374, subcmd = 0xa
02-18 09:26:37.072 I/WifiHAL ( 2264): event received NL80211_CMD_VENDOR, vendor_id = 0x1374
02-18 09:26:37.072 I/WifiHAL ( 2264): event ignored!!
02-18 09:26:37.073 I/wpa_supplicant( 3826): wlan0: CTRL-EVENT-AVOID-FREQ ranges=
02-18 09:26:37.112 V/WLAN_PSA(  326): NL MSG, len[4050], NL type[0x1C] WNI type[0x5900] len[47631]
02-18 09:26:37.112 V/WLAN_PSA(  326): NL MSG, PID: 326
02-18 09:26:37.442 V/WLAN_PSA(  326): NL MSG, len[4050], NL type[0x1C] WNI type[0x5900] len[47631]
02-18 09:26:37.442 V/WLAN_PSA(  326): NL MSG, PID: 326
02-18 09:26:37.492 V/WLAN_PSA(  326): NL MSG, len[4047], NL type[0x1C] WNI type[0x5900] len[46863]
02-18 09:26:37.492 V/WLAN_PSA(  326): NL MSG, PID: 326
02-18 09:26:37.531 V/WLAN_PSA(  326): NL MSG, len[4081], NL type[0x1C] WNI type[0x5900] len[55567]
02-18 09:26:37.531 V/WLAN_PSA(  326): NL MSG, PID: 326
02-18 09:26:37.581 V/WLAN_PSA(  326): NL MSG, len[3975], NL type[0x1C] WNI type[0x5900] len[28431]
02-18 09:26:37.581 V/WLAN_PSA(  326): NL MSG, PID: 326
02-18 09:26:37.612 V/WLAN_PSA(  326): NL MSG, len[4069], NL type[0x1C] WNI type[0x5900] len[52495]
02-18 09:26:37.612 V/WLAN_PSA(  326): NL MSG, PID: 326
02-18 09:26:37.613 V/WLAN_PSA(  326): NL MSG, len[3995], NL type[0x1C] WNI type[0x5900] len[33551]
02-18 09:26:37.613 V/WLAN_PSA(  326): NL MSG, PID: 326
02-18 09:26:37.615 V/WLAN_PSA(  326): NL MSG, len[4093], NL type[0x1C] WNI type[0x5900] len[58639]
02-18 09:26:37.615 V/WLAN_PSA(  326): NL MSG, PID: 326
02-18 09:26:37.615 V/WLAN_PSA(  326): NL MSG, len[914], NL type[0x11] WNI type[0x5050] len[894]
02-18 09:26:37.615 V/WLAN_PSA(  326): NL MSG, PID: 326
02-18 09:26:37.615 V/WLAN_PSA(  326): NL MSG, len[4052], NL type[0x1C] WNI type[0x5900] len[48143]
02-18 09:26:37.615 V/WLAN_PSA(  326): NL MSG, PID: 326
02-18 09:26:37.616 I/WifiHAL ( 2264): Poll result = 1
02-18 09:26:37.616 I/WifiHAL ( 2264): Found some events!!!
02-18 09:26:37.616 D/WifiHAL ( 2264): no_seq_check received
02-18 09:26:37.616 I/WifiHAL ( 2264): event received NL80211_CMD_NEW_SCAN_RESULTS
02-18 09:26:37.616 I/WifiHAL ( 2264): event received NL80211_CMD_NEW_SCAN_RESULTS, vendor_id = 0x0
02-18 09:26:37.616 I/WifiHAL ( 2264): event ignored!!
02-18 09:26:37.617 V/WLAN_PSA(  326): NL MSG, len[4017], NL type[0x1C] WNI type[0x5900] len[39183]
02-18 09:26:37.617 V/WLAN_PSA(  326): NL MSG, PID: 326
02-18 09:26:37.631 D/LBSSystemMonitorService( 2264): handleMessage what - 4
02-18 09:26:37.631 D/Wiper_jni( 2264): Send Network Location.
02-18 09:26:37.631 E/LocSvc_api_v02( 2264): I/---> locClientSendReq line 2065 QMI_LOC_INJECT_WIFI_POSITION_REQ_V02
02-18 09:26:37.632 E/LocSvc_ApiV02( 2264): I/<--- void globalRespCb(locClientHandleType, uint32_t, locClientRespIndUnionType, void*) line 111 QMI_LOC_INJECT_WIFI_POSITION_REQ_V02
02-18 09:26:37.811 V/WLAN_PSA(  326): NL MSG, len[048], NL type[0x11] WNI type[0x5050] len[028]
02-18 09:26:37.811 V/WLAN_PSA(  326): NL MSG, PID: 326
02-18 09:26:37.811 V/WLAN_PSA(  326): NL MSG, len[048], NL type[0x11] WNI type[0x5050] len[028]
02-18 09:26:37.811 V/WLAN_PSA(  326): NL MSG, PID: 326
02-18 09:26:37.813 V/WLAN_PSA(  326): NL MSG, len[048], NL type[0x11] WNI type[0x5050] len[028]
02-18 09:26:37.813 V/WLAN_PSA(  326): NL MSG, PID: 326
02-18 09:26:38.011 V/WLAN_PSA(  326): NL MSG, len[048], NL type[0x11] WNI type[0x5050] len[028]
02-18 09:26:38.011 V/WLAN_PSA(  326): NL MSG, PID: 326
02-18 09:26:38.201 V/WLAN_PSA(  326): NL MSG, len[048], NL type[0x11] WNI type[0x5050] len[028]
02-18 09:26:38.201 V/WLAN_PSA(  326): NL MSG, PID: 326
02-18 09:26:38.894 D/TelephonyIcons( 3726): updateDataType sub=0, type=2, inetCondition=0 showAtLeast3G=false show4GforLte=true hspaDistinguishable=true
02-18 09:26:38.894 D/TelephonyIcons( 3726): data type item name: array/telephony_data_type_sim1
02-18 09:26:38.894 D/TelephonyIcons( 3726): data type item id: 2131165188
02-18 09:26:38.895 D/TelephonyIcons( 3726): updateDataType mSelectedDataTypeIcon[0]=2130837831, mSelectedDataActivityIndex=2
02-18 09:26:38.896 D/TelephonyIcons( 3726): getSignalStrengthIcon: sub=0, inetCondition=0, level=4 isRoaming=false
02-18 09:26:38.896 D/TelephonyIcons( 3726): signalStrengthArray.length = 9
02-18 09:26:38.897 D/TelephonyIcons( 3726): selectedTypeArray.length = 2
02-18 09:26:38.897 D/TelephonyIcons( 3726): inetArray.length = 5
02-18 09:26:39.890 D/NetworkMonitor/NetworkAgentInfo [MOBILE (EDGE) - 100]( 2264): Probably not a portal: exception java.net.SocketTimeoutException: failed to connect to connectivitycheck.android.com/216.58.221.238 (port 80) after 10000ms
02-18 09:26:42.200 D/TelephonyIcons( 3726): updateDataType sub=0, type=2, inetCondition=0 showAtLeast3G=false show4GforLte=true hspaDistinguishable=true
02-18 09:26:42.200 D/TelephonyIcons( 3726): data type item name: array/telephony_data_type_sim1
02-18 09:26:42.200 D/TelephonyIcons( 3726): data type item id: 2131165188
02-18 09:26:42.201 D/TelephonyIcons( 3726): updateDataType mSelectedDataTypeIcon[0]=2130837831, mSelectedDataActivityIndex=2
02-18 09:26:42.203 D/TelephonyIcons( 3726): getSignalStrengthIcon: sub=0, inetCondition=0, level=4 isRoaming=false
02-18 09:26:42.203 D/TelephonyIcons( 3726): signalStrengthArray.length = 9
02-18 09:26:42.204 D/TelephonyIcons( 3726): selectedTypeArray.length = 2
02-18 09:26:42.204 D/TelephonyIcons( 3726): inetArray.length = 5
02-18 09:26:43.211 V/WLAN_PSA(  326): NL MSG, len[048], NL type[0x11] WNI type[0x5050] len[028]
02-18 09:26:43.211 V/WLAN_PSA(  326): NL MSG, PID: 326
02-18 09:26:48.221 V/WLAN_PSA(  326): NL MSG, len[048], NL type[0x11] WNI type[0x5050] len[028]
02-18 09:26:48.221 V/WLAN_PSA(  326): NL MSG, PID: 326
02-18 09:26:51.346 V/WLAN_PSA(  326): NL MSG, len[048], NL type[0x11] WNI type[0x5050] len[028]
02-18 09:26:51.346 V/WLAN_PSA(  326): NL MSG, PID: 326
02-18 09:26:51.346 V/WLAN_PSA(  326): NL MSG, len[3999], NL type[0x1C] WNI type[0x5900] len[34575]
02-18 09:26:51.346 V/WLAN_PSA(  326): NL MSG, PID: 326
02-18 09:26:51.346 I/WifiHAL ( 2264): Poll result = 1
02-18 09:26:51.346 I/WifiHAL ( 2264): Found some events!!!
02-18 09:26:51.347 D/WifiHAL ( 2264): no_seq_check received
02-18 09:26:51.347 I/WifiHAL ( 2264): event received NL80211_CMD_TRIGGER_SCAN
02-18 09:26:51.347 I/WifiHAL ( 2264): event received NL80211_CMD_TRIGGER_SCAN, vendor_id = 0x0
02-18 09:26:51.347 I/WifiHAL ( 2264): event ignored!!
02-18 09:26:51.347 V/WLAN_PSA(  326): NL MSG, len[048], NL type[0x11] WNI type[0x5050] len[028]
02-18 09:26:51.347 V/WLAN_PSA(  326): NL MSG, PID: 326
02-18 09:26:51.356 V/WLAN_PSA(  326): NL MSG, len[048], NL type[0x11] WNI type[0x5050] len[028]
02-18 09:26:51.356 V/WLAN_PSA(  326): NL MSG, PID: 326
02-18 09:26:51.356 V/WLAN_PSA(  326): NL MSG, len[914], NL type[0x11] WNI type[0x5050] len[894]
02-18 09:26:51.356 V/WLAN_PSA(  326): NL MSG, PID: 326
02-18 09:26:51.356 V/WLAN_PSA(  326): NL MSG, len[048], NL type[0x11] WNI type[0x5050] len[028]
02-18 09:26:51.356 V/WLAN_PSA(  326): NL MSG, PID: 326
02-18 09:26:51.356 V/WLAN_PSA(  326): NL MSG, len[4059], NL type[0x1C] WNI type[0x5900] len[49935]
02-18 09:26:51.356 V/WLAN_PSA(  326): NL MSG, PID: 326
02-18 09:26:51.401 V/WLAN_PSA(  326): NL MSG, len[3992], NL type[0x1C] WNI type[0x5900] len[32783]
02-18 09:26:51.401 V/WLAN_PSA(  326): NL MSG, PID: 326
02-18 09:26:51.441 V/WLAN_PSA(  326): NL MSG, len[4014], NL type[0x1C] WNI type[0x5900] len[38415]
02-18 09:26:51.441 V/WLAN_PSA(  326): NL MSG, PID: 326
02-18 09:26:51.492 V/WLAN_PSA(  326): NL MSG, len[4094], NL type[0x1C] WNI type[0x5900] len[58895]
02-18 09:26:51.492 V/WLAN_PSA(  326): NL MSG, PID: 326
02-18 09:26:51.521 V/WLAN_PSA(  326): NL MSG, len[4029], NL type[0x1C] WNI type[0x5900] len[42255]
02-18 09:26:51.521 V/WLAN_PSA(  326): NL MSG, PID: 326
02-18 09:26:51.561 V/WLAN_PSA(  326): NL MSG, len[4031], NL type[0x1C] WNI type[0x5900] len[42767]
02-18 09:26:51.561 V/WLAN_PSA(  326): NL MSG, PID: 326
02-18 09:26:51.592 V/WLAN_PSA(  326): NL MSG, len[4018], NL type[0x1C] WNI type[0x5900] len[39439]
02-18 09:26:51.592 V/WLAN_PSA(  326): NL MSG, PID: 326
02-18 09:26:51.631 V/WLAN_PSA(  326): NL MSG, len[4049], NL type[0x1C] WNI type[0x5900] len[47375]
02-18 09:26:51.631 V/WLAN_PSA(  326): NL MSG, PID: 326
02-18 09:26:51.661 V/WLAN_PSA(  326): NL MSG, len[4086], NL type[0x1C] WNI type[0x5900] len[56847]
02-18 09:26:51.661 V/WLAN_PSA(  326): NL MSG, PID: 326
02-18 09:26:51.701 V/WLAN_PSA(  326): NL MSG, len[3998], NL type[0x1C] WNI type[0x5900] len[34319]
02-18 09:26:51.701 V/WLAN_PSA(  326): NL MSG, PID: 326
02-18 09:26:51.746 V/WLAN_PSA(  326): NL MSG, len[4092], NL type[0x1C] WNI type[0x5900] len[58383]
02-18 09:26:51.746 V/WLAN_PSA(  326): NL MSG, PID: 326
02-18 09:26:51.787 V/WLAN_PSA(  326): NL MSG, len[4016], NL type[0x1C] WNI type[0x5900] len[38927]
02-18 09:26:51.787 V/WLAN_PSA(  326): NL MSG, PID: 326
02-18 09:26:51.839 V/WLAN_PSA(  326): NL MSG, len[4066], NL type[0x1C] WNI type[0x5900] len[51727]
02-18 09:26:51.839 V/WLAN_PSA(  326): NL MSG, PID: 326
02-18 09:26:51.881 V/WLAN_PSA(  326): NL MSG, len[4018], NL type[0x1C] WNI type[0x5900] len[39439]
02-18 09:26:51.881 V/WLAN_PSA(  326): NL MSG, PID: 326
02-18 09:26:51.916 V/WLAN_PSA(  326): NL MSG, len[4027], NL type[0x1C] WNI type[0x5900] len[41743]
02-18 09:26:51.916 V/WLAN_PSA(  326): NL MSG, PID: 326
02-18 09:26:51.956 V/WLAN_PSA(  326): NL MSG, len[4018], NL type[0x1C] WNI type[0x5900] len[39439]
02-18 09:26:51.956 V/WLAN_PSA(  326): NL MSG, PID: 326
02-18 09:26:52.391 V/WLAN_PSA(  326): NL MSG, len[4004], NL type[0x1C] WNI type[0x5900] len[35855]
02-18 09:26:52.391 V/WLAN_PSA(  326): NL MSG, PID: 326
02-18 09:26:52.421 V/WLAN_PSA(  326): NL MSG, len[4089], NL type[0x1C] WNI type[0x5900] len[57615]
02-18 09:26:52.422 V/WLAN_PSA(  326): NL MSG, PID: 326
02-18 09:26:52.452 V/WLAN_PSA(  326): NL MSG, len[4073], NL type[0x1C] WNI type[0x5900] len[53519]
02-18 09:26:52.452 V/WLAN_PSA(  326): NL MSG, PID: 326
02-18 09:26:52.492 V/WLAN_PSA(  326): NL MSG, len[4022], NL type[0x1C] WNI type[0x5900] len[40463]
02-18 09:26:52.492 V/WLAN_PSA(  326): NL MSG, PID: 326
02-18 09:26:52.531 V/WLAN_PSA(  326): NL MSG, len[4034], NL type[0x1C] WNI type[0x5900] len[43535]
02-18 09:26:52.531 V/WLAN_PSA(  326): NL MSG, PID: 326
02-18 09:26:52.548 V/WLAN_PSA(  326): NL MSG, len[4054], NL type[0x1C] WNI type[0x5900] len[48655]
02-18 09:26:52.548 V/WLAN_PSA(  326): NL MSG, PID: 326
02-18 09:26:52.549 V/WLAN_PSA(  326): NL MSG, len[914], NL type[0x11] WNI type[0x5050] len[894]
02-18 09:26:52.549 V/WLAN_PSA(  326): NL MSG, PID: 326
02-18 09:26:52.549 V/WLAN_PSA(  326): NL MSG, len[4034], NL type[0x1C] WNI type[0x5900] len[43535]
02-18 09:26:52.549 V/WLAN_PSA(  326): NL MSG, PID: 326
02-18 09:26:52.550 V/WLAN_PSA(  326): NL MSG, len[4094], NL type[0x1C] WNI type[0x5900] len[58895]
02-18 09:26:52.550 V/WLAN_PSA(  326): NL MSG, PID: 326
02-18 09:26:52.551 I/WifiHAL ( 2264): Poll result = 1
02-18 09:26:52.551 I/WifiHAL ( 2264): Found some events!!!
02-18 09:26:52.551 D/WifiHAL ( 2264): no_seq_check received
02-18 09:26:52.551 I/WifiHAL ( 2264): event received NL80211_CMD_NEW_SCAN_RESULTS
02-18 09:26:52.551 I/WifiHAL ( 2264): event received NL80211_CMD_NEW_SCAN_RESULTS, vendor_id = 0x0
02-18 09:26:52.551 I/WifiHAL ( 2264): event ignored!!
02-18 09:26:52.567 D/LBSSystemMonitorService( 2264): handleMessage what - 4
02-18 09:26:52.567 D/Wiper_jni( 2264): Send Network Location.
02-18 09:26:52.568 E/LocSvc_api_v02( 2264): I/---> locClientSendReq line 2065 QMI_LOC_INJECT_WIFI_POSITION_REQ_V02
02-18 09:26:52.570 E/LocSvc_ApiV02( 2264): I/<--- void globalRespCb(locClientHandleType, uint32_t, locClientRespIndUnionType, void*) line 111 QMI_LOC_INJECT_WIFI_POSITION_REQ_V02
02-18 09:26:52.741 V/WLAN_PSA(  326): NL MSG, len[048], NL type[0x11] WNI type[0x5050] len[028]
02-18 09:26:52.741 V/WLAN_PSA(  326): NL MSG, PID: 326
02-18 09:26:52.741 V/WLAN_PSA(  326): NL MSG, len[048], NL type[0x11] WNI type[0x5050] len[028]
02-18 09:26:52.741 V/WLAN_PSA(  326): NL MSG, PID: 326
02-18 09:26:52.741 V/WLAN_PSA(  326): NL MSG, len[4089], NL type[0x1C] WNI type[0x5900] len[57615]
02-18 09:26:52.741 V/WLAN_PSA(  326): NL MSG, PID: 326
02-18 09:26:52.742 V/WLAN_PSA(  326): NL MSG, len[048], NL type[0x11] WNI type[0x5050] len[028]
02-18 09:26:52.742 V/WLAN_PSA(  326): NL MSG, PID: 326
02-18 09:26:52.941 V/WLAN_PSA(  326): NL MSG, len[048], NL type[0x11] WNI type[0x5050] len[028]
02-18 09:26:52.941 V/WLAN_PSA(  326): NL MSG, PID: 326
02-18 09:26:53.231 V/WLAN_PSA(  326): NL MSG, len[048], NL type[0x11] WNI type[0x5050] len[028]
02-18 09:26:53.231 V/WLAN_PSA(  326): NL MSG, PID: 326
02-18 09:26:58.241 V/WLAN_PSA(  326): NL MSG, len[048], NL type[0x11] WNI type[0x5050] len[028]
02-18 09:26:58.241 V/WLAN_PSA(  326): NL MSG, PID: 326
02-18 09:27:03.251 V/WLAN_PSA(  326): NL MSG, len[048], NL type[0x11] WNI type[0x5050] len[028]
02-18 09:27:03.251 V/WLAN_PSA(  326): NL MSG, PID: 326
02-18 09:27:05.712 E/LocSvc_libulp( 2264): I/===> int ulp_msg_process_system_update(UlpSystemEvent) line 1455 
02-18 09:27:05.712 E/LocSvc_libulp( 2264): I/int ulp_msg_process_system_update(UlpSystemEvent): systemEvent:5 
02-18 09:27:05.712 E/LocSvc_libulp( 2264): I/===> int ulp_brain_process_system_update(UlpSystemEvent) line 2352 
02-18 09:27:05.712 E/LocSvc_libulp( 2264): I/===> int ulp_brain_select_providers() line 333 
02-18 09:27:05.712 E/LocSvc_libulp( 2264): I/===> int ulp_brain_turn_onoff_quipc_provider() line 700 
02-18 09:27:05.712 E/LocSvc_libulp( 2264): I/===> int ulp_quipc_stop_engine() line 235 
02-18 09:27:05.712 E/LocSvc_libulp( 2264): I/===> bool ulp_quipc_engine_running() line 60 
02-18 09:27:05.712 E/LocSvc_libulp( 2264): I/===> int ulp_brain_turn_onoff_gnss_provider() line 595 
02-18 09:27:05.712 E/LocSvc_libulp( 2264): I/===> int ulp_gnss_stop_engine() line 262 
02-18 09:27:05.712 E/LocSvc_libulp( 2264): I/===> bool ulp_quipc_engine_running() line 60 
02-18 09:27:05.712 E/LocSvc_libulp( 2264): I/===> int ulp_brain_turn_onoff_gnp_provider() line 496 
02-18 09:27:05.712 E/LocSvc_libulp( 2264): I/===> bool ulp_gnp_engine_running() line 59 
02-18 09:27:05.712 E/LocSvc_libulp( 2264): I/===> int ulp_gnp_stop_engine() line 195 
02-18 09:27:05.712 E/LocSvc_libulp( 2264): I/===> bool ulp_gnp_engine_running() line 59 
02-18 09:27:05.712 E/LocSvc_libulp( 2264): I/===> bool ulp_gnp_engine_running() line 59 
02-18 09:27:05.712 E/LocSvc_libulp( 2264): I/===> int ulp_brain_turn_onoff_zpp_provider() line 437 
02-18 09:27:05.712 E/LocSvc_libulp( 2264): I/===> int ulp_zpp_start_engine() line 98 
02-18 09:27:05.712 E/LocSvc_libulp( 2264): I/===> bool ulp_zpp_engine_running() line 62 
02-18 09:27:05.712 E/LocSvc_libulp( 2264): I/===> int ulp_msg_process_start_req() line 447 
02-18 09:27:05.712 E/LocSvc_libulp( 2264): I/int ulp_msg_process_start_req(), at ulp state = 1
02-18 09:27:05.712 E/LocSvc_api_v02( 2264): I/---> locClientSendReq line 2065 QMI_LOC_GET_BEST_AVAILABLE_POSITION_REQ_V02
02-18 09:27:05.718 E/LocSvc_ApiV02( 2264): I/<--- void globalRespCb(locClientHandleType, uint32_t, locClientRespIndUnionType, void*) line 111 QMI_LOC_GET_BEST_AVAILABLE_POSITION_REQ_V02
02-18 09:27:05.718 E/LocSvc_libulp( 2264): I/===> int ulp_brain_process_zpp_position_report(loc_sess_status, LocPosTechMask, const UlpLocation*) line 1463 
02-18 09:27:05.718 E/LocSvc_libulp( 2264): I/===> int ulp_msg_send_generic_position_report(loc_sess_status, LocPosTechMask, const UlpLocation*, const GpsLocationExtended*, const void*) line 1011 
02-18 09:27:05.718 D/Ulp_jni ( 2264): Location CB invoked
02-18 09:27:05.719 E/LocSvc_libulp( 2264): I/int ulp_brain_process_zpp_position_report(loc_sess_status, LocPosTechMask, const UlpLocation*), report ZPP position to providers,report_position = 1
02-18 09:27:05.719 E/LocSvc_libulp( 2264): I/===> int ulp_brain_select_providers() line 333 
02-18 09:27:05.719 E/LocSvc_libulp( 2264): I/===> int ulp_brain_turn_onoff_quipc_provider() line 700 
02-18 09:27:05.719 E/LocSvc_libulp( 2264): I/===> int ulp_quipc_stop_engine() line 235 
02-18 09:27:05.719 E/LocSvc_libulp( 2264): I/===> bool ulp_quipc_engine_running() line 60 
02-18 09:27:05.719 E/LocSvc_libulp( 2264): I/===> int ulp_brain_turn_onoff_gnss_provider() line 595 
02-18 09:27:05.719 E/LocSvc_libulp( 2264): I/===> int ulp_gnss_stop_engine() line 262 
02-18 09:27:05.719 E/LocSvc_libulp( 2264): I/===> bool ulp_quipc_engine_running() line 60 
02-18 09:27:05.719 E/LocSvc_libulp( 2264): I/===> int ulp_brain_turn_onoff_gnp_provider() line 496 
02-18 09:27:05.719 E/LocSvc_libulp( 2264): I/===> bool ulp_gnp_engine_running() line 59 
02-18 09:27:05.719 E/LocSvc_libulp( 2264): I/===> int ulp_gnp_stop_engine() line 195 
02-18 09:27:05.719 E/LocSvc_libulp( 2264): I/===> bool ulp_gnp_engine_running() line 59 
02-18 09:27:05.719 E/LocSvc_libulp( 2264): I/===> bool ulp_gnp_engine_running() line 59 
02-18 09:27:05.719 E/LocSvc_libulp( 2264): I/===> int ulp_brain_turn_onoff_zpp_provider() line 437 
02-18 09:27:05.719 E/LocSvc_libulp( 2264): I/===> int ulp_zpp_stop_engine() line 174 
02-18 09:27:05.719 E/LocSvc_libulp( 2264): I/===> bool ulp_zpp_engine_running() line 62 
02-18 09:27:06.358 V/WLAN_PSA(  326): NL MSG, len[048], NL type[0x11] WNI type[0x5050] len[028]
02-18 09:27:06.358 V/WLAN_PSA(  326): NL MSG, PID: 326
02-18 09:27:06.358 I/WifiHAL ( 2264): Poll result = 1
02-18 09:27:06.358 I/WifiHAL ( 2264): Found some events!!!
02-18 09:27:06.358 D/WifiHAL ( 2264): no_seq_check received
02-18 09:27:06.358 I/WifiHAL ( 2264): event received NL80211_CMD_TRIGGER_SCAN
02-18 09:27:06.358 I/WifiHAL ( 2264): event received NL80211_CMD_TRIGGER_SCAN, vendor_id = 0x0
02-18 09:27:06.358 I/WifiHAL ( 2264): event ignored!!
02-18 09:27:06.358 V/WLAN_PSA(  326): NL MSG, len[048], NL type[0x11] WNI type[0x5050] len[028]
02-18 09:27:06.358 V/WLAN_PSA(  326): NL MSG, PID: 326
02-18 09:27:06.368 V/WLAN_PSA(  326): NL MSG, len[048], NL type[0x11] WNI type[0x5050] len[028]
02-18 09:27:06.368 V/WLAN_PSA(  326): NL MSG, PID: 326
02-18 09:27:06.368 V/WLAN_PSA(  326): NL MSG, len[914], NL type[0x11] WNI type[0x5050] len[894]
02-18 09:27:06.369 V/WLAN_PSA(  326): NL MSG, PID: 326
02-18 09:27:06.369 V/WLAN_PSA(  326): NL MSG, len[048], NL type[0x11] WNI type[0x5050] len[028]
02-18 09:27:06.369 V/WLAN_PSA(  326): NL MSG, PID: 326
02-18 09:27:06.369 V/WLAN_PSA(  326): NL MSG, len[3972], NL type[0x1C] WNI type[0x5900] len[27663]
02-18 09:27:06.369 V/WLAN_PSA(  326): NL MSG, PID: 326
02-18 09:27:06.374 V/WLAN_PSA(  326): NL MSG, len[4094], NL type[0x1C] WNI type[0x5900] len[58895]
02-18 09:27:06.374 V/WLAN_PSA(  326): NL MSG, PID: 326
02-18 09:27:06.412 V/WLAN_PSA(  326): NL MSG, len[4021], NL type[0x1C] WNI type[0x5900] len[40207]
02-18 09:27:06.412 V/WLAN_PSA(  326): NL MSG, PID: 326
02-18 09:27:06.461 V/WLAN_PSA(  326): NL MSG, len[4095], NL type[0x1C] WNI type[0x5900] len[59151]
02-18 09:27:06.461 V/WLAN_PSA(  326): NL MSG, PID: 326
02-18 09:27:06.491 V/WLAN_PSA(  326): NL MSG, len[4043], NL type[0x1C] WNI type[0x5900] len[45839]
02-18 09:27:06.491 V/WLAN_PSA(  326): NL MSG, PID: 326
02-18 09:27:06.526 V/WLAN_PSA(  326): NL MSG, len[4023], NL type[0x1C] WNI type[0x5900] len[40719]
02-18 09:27:06.526 V/WLAN_PSA(  326): NL MSG, PID: 326
02-18 09:27:06.577 V/WLAN_PSA(  326): NL MSG, len[4087], NL type[0x1C] WNI type[0x5900] len[57103]
02-18 09:27:06.577 V/WLAN_PSA(  326): NL MSG, PID: 326
02-18 09:27:06.612 V/WLAN_PSA(  326): NL MSG, len[4040], NL type[0x1C] WNI type[0x5900] len[45071]
02-18 09:27:06.612 V/WLAN_PSA(  326): NL MSG, PID: 326
02-18 09:27:06.662 V/WLAN_PSA(  326): NL MSG, len[4040], NL type[0x1C] WNI type[0x5900] len[45071]
02-18 09:27:06.662 V/WLAN_PSA(  326): NL MSG, PID: 326
02-18 09:27:06.691 V/WLAN_PSA(  326): NL MSG, len[4082], NL type[0x1C] WNI type[0x5900] len[55823]
02-18 09:27:06.691 V/WLAN_PSA(  326): NL MSG, PID: 326
02-18 09:27:06.731 V/WLAN_PSA(  326): NL MSG, len[4015], NL type[0x1C] WNI type[0x5900] len[38671]
02-18 09:27:06.731 V/WLAN_PSA(  326): NL MSG, PID: 326
02-18 09:27:06.768 V/WLAN_PSA(  326): NL MSG, len[3987], NL type[0x1C] WNI type[0x5900] len[31503]
02-18 09:27:06.768 V/WLAN_PSA(  326): NL MSG, PID: 326
02-18 09:27:06.806 V/WLAN_PSA(  326): NL MSG, len[4014], NL type[0x1C] WNI type[0x5900] len[38415]
02-18 09:27:06.806 V/WLAN_PSA(  326): NL MSG, PID: 326
02-18 09:27:06.841 V/WLAN_PSA(  326): NL MSG, len[4093], NL type[0x1C] WNI type[0x5900] len[58639]
02-18 09:27:06.841 V/WLAN_PSA(  326): NL MSG, PID: 326
02-18 09:27:06.881 V/WLAN_PSA(  326): NL MSG, len[4073], NL type[0x1C] WNI type[0x5900] len[53519]
02-18 09:27:06.881 V/WLAN_PSA(  326): NL MSG, PID: 326
02-18 09:27:07.321 V/WLAN_PSA(  326): NL MSG, len[4036], NL type[0x1C] WNI type[0x5900] len[44047]
02-18 09:27:07.321 V/WLAN_PSA(  326): NL MSG, PID: 326
02-18 09:27:07.351 V/WLAN_PSA(  326): NL MSG, len[4044], NL type[0x1C] WNI type[0x5900] len[46095]
02-18 09:27:07.351 V/WLAN_PSA(  326): NL MSG, PID: 326
02-18 09:27:07.386 V/WLAN_PSA(  326): NL MSG, len[4020], NL type[0x1C] WNI type[0x5900] len[39951]
02-18 09:27:07.386 V/WLAN_PSA(  326): NL MSG, PID: 326
02-18 09:27:07.426 V/WLAN_PSA(  326): NL MSG, len[4022], NL type[0x1C] WNI type[0x5900] len[40463]
02-18 09:27:07.426 V/WLAN_PSA(  326): NL MSG, PID: 326
02-18 09:27:07.461 V/WLAN_PSA(  326): NL MSG, len[4016], NL type[0x1C] WNI type[0x5900] len[38927]
02-18 09:27:07.461 V/WLAN_PSA(  326): NL MSG, PID: 326
02-18 09:27:07.476 V/WLAN_PSA(  326): NL MSG, len[3999], NL type[0x1C] WNI type[0x5900] len[34575]
02-18 09:27:07.476 V/WLAN_PSA(  326): NL MSG, PID: 326
02-18 09:27:07.479 I/WifiHAL ( 2264): Poll result = 1
02-18 09:27:07.479 I/WifiHAL ( 2264): Found some events!!!
02-18 09:27:07.479 D/WifiHAL ( 2264): no_seq_check received
02-18 09:27:07.479 I/WifiHAL ( 2264): event received NL80211_CMD_NEW_SCAN_RESULTS
02-18 09:27:07.479 I/WifiHAL ( 2264): event received NL80211_CMD_NEW_SCAN_RESULTS, vendor_id = 0x0
02-18 09:27:07.479 I/WifiHAL ( 2264): event ignored!!
02-18 09:27:07.480 V/WLAN_PSA(  326): NL MSG, len[914], NL type[0x11] WNI type[0x5050] len[894]
02-18 09:27:07.480 V/WLAN_PSA(  326): NL MSG, PID: 326
02-18 09:27:07.480 V/WLAN_PSA(  326): NL MSG, len[4072], NL type[0x1C] WNI type[0x5900] len[53263]
02-18 09:27:07.480 V/WLAN_PSA(  326): NL MSG, PID: 326
02-18 09:27:07.480 V/WLAN_PSA(  326): NL MSG, len[4082], NL type[0x1C] WNI type[0x5900] len[55823]
02-18 09:27:07.480 V/WLAN_PSA(  326): NL MSG, PID: 326
02-18 09:27:07.495 D/LBSSystemMonitorService( 2264): handleMessage what - 4
02-18 09:27:07.495 D/Wiper_jni( 2264): Send Network Location.
02-18 09:27:07.495 E/LocSvc_api_v02( 2264): I/---> locClientSendReq line 2065 QMI_LOC_INJECT_WIFI_POSITION_REQ_V02
02-18 09:27:07.497 E/LocSvc_ApiV02( 2264): I/<--- void globalRespCb(locClientHandleType, uint32_t, locClientRespIndUnionType, void*) line 111 QMI_LOC_INJECT_WIFI_POSITION_REQ_V02
02-18 09:27:07.671 V/WLAN_PSA(  326): NL MSG, len[048], NL type[0x11] WNI type[0x5050] len[028]
02-18 09:27:07.671 V/WLAN_PSA(  326): NL MSG, PID: 326
02-18 09:27:07.671 V/WLAN_PSA(  326): NL MSG, len[048], NL type[0x11] WNI type[0x5050] len[028]
02-18 09:27:07.671 V/WLAN_PSA(  326): NL MSG, PID: 326
02-18 09:27:07.671 V/WLAN_PSA(  326): NL MSG, len[4058], NL type[0x1C] WNI type[0x5900] len[49679]
02-18 09:27:07.671 V/WLAN_PSA(  326): NL MSG, PID: 326
02-18 09:27:07.672 V/WLAN_PSA(  326): NL MSG, len[048], NL type[0x11] WNI type[0x5050] len[028]
02-18 09:27:07.672 V/WLAN_PSA(  326): NL MSG, PID: 326
02-18 09:27:07.871 V/WLAN_PSA(  326): NL MSG, len[048], NL type[0x11] WNI type[0x5050] len[028]
02-18 09:27:07.871 V/WLAN_PSA(  326): NL MSG, PID: 326
02-18 09:27:08.261 V/WLAN_PSA(  326): NL MSG, len[048], NL type[0x11] WNI type[0x5050] len[028]
02-18 09:27:08.261 V/WLAN_PSA(  326): NL MSG, PID: 326
02-18 09:27:13.271 V/WLAN_PSA(  326): NL MSG, len[048], NL type[0x11] WNI type[0x5050] len[028]
02-18 09:27:13.271 V/WLAN_PSA(  326): NL MSG, PID: 326
02-18 09:27:17.576 I/MSM-irqbalance(  504): Decided to move IRQ215 from CPU7 to CPU6
02-18 09:27:18.281 V/WLAN_PSA(  326): NL MSG, len[048], NL type[0x11] WNI type[0x5050] len[028]
02-18 09:27:18.281 V/WLAN_PSA(  326): NL MSG, PID: 326
02-18 09:27:21.368 V/WLAN_PSA(  326): NL MSG, len[048], NL type[0x11] WNI type[0x5050] len[028]
02-18 09:27:21.368 V/WLAN_PSA(  326): NL MSG, PID: 326
02-18 09:27:21.368 I/WifiHAL ( 2264): Poll result = 1
02-18 09:27:21.368 I/WifiHAL ( 2264): Found some events!!!
02-18 09:27:21.368 D/WifiHAL ( 2264): no_seq_check received
02-18 09:27:21.368 I/WifiHAL ( 2264): event received NL80211_CMD_TRIGGER_SCAN
02-18 09:27:21.368 I/WifiHAL ( 2264): event received NL80211_CMD_TRIGGER_SCAN, vendor_id = 0x0
02-18 09:27:21.368 I/WifiHAL ( 2264): event ignored!!
02-18 09:27:21.368 V/WLAN_PSA(  326): NL MSG, len[048], NL type[0x11] WNI type[0x5050] len[028]
02-18 09:27:21.368 V/WLAN_PSA(  326): NL MSG, PID: 326
02-18 09:27:21.377 V/WLAN_PSA(  326): NL MSG, len[4066], NL type[0x1C] WNI type[0x5900] len[51727]
02-18 09:27:21.377 V/WLAN_PSA(  326): NL MSG, PID: 326
02-18 09:27:21.377 V/WLAN_PSA(  326): NL MSG, len[048], NL type[0x11] WNI type[0x5050] len[028]
02-18 09:27:21.377 V/WLAN_PSA(  326): NL MSG, PID: 326
02-18 09:27:21.378 V/WLAN_PSA(  326): NL MSG, len[914], NL type[0x11] WNI type[0x5050] len[894]
02-18 09:27:21.378 V/WLAN_PSA(  326): NL MSG, PID: 326
02-18 09:27:21.378 V/WLAN_PSA(  326): NL MSG, len[048], NL type[0x11] WNI type[0x5050] len[028]
02-18 09:27:21.378 V/WLAN_PSA(  326): NL MSG, PID: 326
02-18 09:27:21.381 V/WLAN_PSA(  326): NL MSG, len[4025], NL type[0x1C] WNI type[0x5900] len[41231]
02-18 09:27:21.381 V/WLAN_PSA(  326): NL MSG, PID: 326
02-18 09:27:21.421 V/WLAN_PSA(  326): NL MSG, len[4080], NL type[0x1C] WNI type[0x5900] len[55311]
02-18 09:27:21.421 V/WLAN_PSA(  326): NL MSG, PID: 326
02-18 09:27:21.461 V/WLAN_PSA(  326): NL MSG, len[4066], NL type[0x1C] WNI type[0x5900] len[51727]
02-18 09:27:21.462 V/WLAN_PSA(  326): NL MSG, PID: 326
02-18 09:27:21.491 V/WLAN_PSA(  326): NL MSG, len[4043], NL type[0x1C] WNI type[0x5900] len[45839]
02-18 09:27:21.491 V/WLAN_PSA(  326): NL MSG, PID: 326
