02-18 09:27:21.526 V/WLAN_PSA(  326): NL MSG, len[4040], NL type[0x1C] WNI type[0x5900] len[45071]
02-18 09:27:21.526 V/WLAN_PSA(  326): NL MSG, PID: 326
02-18 09:27:21.562 V/WLAN_PSA(  326): NL MSG, len[4011], NL type[0x1C] WNI type[0x5900] len[37647]
02-18 09:27:21.562 V/WLAN_PSA(  326): NL MSG, PID: 326
02-18 09:27:21.591 V/WLAN_PSA(  326): NL MSG, len[3972], NL type[0x1C] WNI type[0x5900] len[27663]
02-18 09:27:21.591 V/WLAN_PSA(  326): NL MSG, PID: 326
02-18 09:27:21.623 V/WLAN_PSA(  326): NL MSG, len[4048], NL type[0x1C] WNI type[0x5900] len[47119]
02-18 09:27:21.623 V/WLAN_PSA(  326): NL MSG, PID: 326
02-18 09:27:21.673 V/WLAN_PSA(  326): NL MSG, len[4016], NL type[0x1C] WNI type[0x5900] len[38927]
02-18 09:27:21.673 V/WLAN_PSA(  326): NL MSG, PID: 326
02-18 09:27:21.727 V/WLAN_PSA(  326): NL MSG, len[4017], NL type[0x1C] WNI type[0x5900] len[39183]
02-18 09:27:21.728 V/WLAN_PSA(  326): NL MSG, PID: 326
02-18 09:27:21.771 V/WLAN_PSA(  326): NL MSG, len[4063], NL type[0x1C] WNI type[0x5900] len[50959]
02-18 09:27:21.771 V/WLAN_PSA(  326): NL MSG, PID: 326
02-18 09:27:21.822 V/WLAN_PSA(  326): NL MSG, len[4071], NL type[0x1C] WNI type[0x5900] len[53007]
02-18 09:27:21.822 V/WLAN_PSA(  326): NL MSG, PID: 326
02-18 09:27:21.861 V/WLAN_PSA(  326): NL MSG, len[4014], NL type[0x1C] WNI type[0x5900] len[38415]
02-18 09:27:21.861 V/WLAN_PSA(  326): NL MSG, PID: 326
02-18 09:27:21.891 V/WLAN_PSA(  326): NL MSG, len[4049], NL type[0x1C] WNI type[0x5900] len[47375]
02-18 09:27:21.891 V/WLAN_PSA(  326): NL MSG, PID: 326
02-18 09:27:21.931 V/WLAN_PSA(  326): NL MSG, len[4077], NL type[0x1C] WNI type[0x5900] len[54543]
02-18 09:27:21.931 V/WLAN_PSA(  326): NL MSG, PID: 326
02-18 09:27:22.166 V/WLAN_PSA(  326): NL MSG, len[4007], NL type[0x1C] WNI type[0x5900] len[36623]
02-18 09:27:22.166 V/WLAN_PSA(  326): NL MSG, PID: 326
02-18 09:27:22.401 V/WLAN_PSA(  326): NL MSG, len[3968], NL type[0x1C] WNI type[0x5900] len[26639]
02-18 09:27:22.401 V/WLAN_PSA(  326): NL MSG, PID: 326
02-18 09:27:22.441 V/WLAN_PSA(  326): NL MSG, len[4075], NL type[0x1C] WNI type[0x5900] len[54031]
02-18 09:27:22.441 V/WLAN_PSA(  326): NL MSG, PID: 326
02-18 09:27:22.481 V/WLAN_PSA(  326): NL MSG, len[3942], NL type[0x1C] WNI type[0x5900] len[19983]
02-18 09:27:22.481 V/WLAN_PSA(  326): NL MSG, PID: 326
02-18 09:27:22.511 V/WLAN_PSA(  326): NL MSG, len[4072], NL type[0x1C] WNI type[0x5900] len[53263]
02-18 09:27:22.511 V/WLAN_PSA(  326): NL MSG, PID: 326
02-18 09:27:22.544 V/WLAN_PSA(  326): NL MSG, len[4077], NL type[0x1C] WNI type[0x5900] len[54543]
02-18 09:27:22.544 V/WLAN_PSA(  326): NL MSG, PID: 326
02-18 09:27:22.544 V/WLAN_PSA(  326): NL MSG, len[4018], NL type[0x1C] WNI type[0x5900] len[39439]
02-18 09:27:22.544 V/WLAN_PSA(  326): NL MSG, PID: 326
02-18 09:27:22.544 V/WLAN_PSA(  326): NL MSG, len[914], NL type[0x11] WNI type[0x5050] len[894]
02-18 09:27:22.544 V/WLAN_PSA(  326): NL MSG, PID: 326
02-18 09:27:22.544 V/WLAN_PSA(  326): NL MSG, len[4092], NL type[0x1C] WNI type[0x5900] len[58383]
02-18 09:27:22.544 V/WLAN_PSA(  326): NL MSG, PID: 326
02-18 09:27:22.545 V/WLAN_PSA(  326): NL MSG, len[3968], NL type[0x1C] WNI type[0x5900] len[26639]
02-18 09:27:22.545 V/WLAN_PSA(  326): NL MSG, PID: 326
02-18 09:27:22.545 I/WifiHAL ( 2264): Poll result = 1
02-18 09:27:22.545 I/WifiHAL ( 2264): Found some events!!!
02-18 09:27:22.545 D/WifiHAL ( 2264): no_seq_check received
02-18 09:27:22.546 I/WifiHAL ( 2264): event received NL80211_CMD_NEW_SCAN_RESULTS
02-18 09:27:22.546 I/WifiHAL ( 2264): event received NL80211_CMD_NEW_SCAN_RESULTS, vendor_id = 0x0
02-18 09:27:22.546 I/WifiHAL ( 2264): event ignored!!
02-18 09:27:22.559 D/LBSSystemMonitorService( 2264): handleMessage what - 4
02-18 09:27:22.559 D/Wiper_jni( 2264): Send Network Location.
02-18 09:27:22.560 E/LocSvc_api_v02( 2264): I/---> locClientSendReq line 2065 QMI_LOC_INJECT_WIFI_POSITION_REQ_V02
02-18 09:27:22.562 E/LocSvc_ApiV02( 2264): I/<--- void globalRespCb(locClientHandleType, uint32_t, locClientRespIndUnionType, void*) line 111 QMI_LOC_INJECT_WIFI_POSITION_REQ_V02
02-18 09:27:22.741 V/WLAN_PSA(  326): NL MSG, len[048], NL type[0x11] WNI type[0x5050] len[028]
02-18 09:27:22.741 V/WLAN_PSA(  326): NL MSG, PID: 326
02-18 09:27:22.741 V/WLAN_PSA(  326): NL MSG, len[048], NL type[0x11] WNI type[0x5050] len[028]
02-18 09:27:22.741 V/WLAN_PSA(  326): NL MSG, PID: 326
02-18 09:27:22.742 V/WLAN_PSA(  326): NL MSG, len[048], NL type[0x11] WNI type[0x5050] len[028]
02-18 09:27:22.742 V/WLAN_PSA(  326): NL MSG, PID: 326
02-18 09:27:22.941 V/WLAN_PSA(  326): NL MSG, len[048], NL type[0x11] WNI type[0x5050] len[028]
02-18 09:27:22.941 V/WLAN_PSA(  326): NL MSG, PID: 326
02-18 09:27:23.291 V/WLAN_PSA(  326): NL MSG, len[048], NL type[0x11] WNI type[0x5050] len[028]
02-18 09:27:23.291 V/WLAN_PSA(  326): NL MSG, PID: 326
02-18 09:27:27.573 I/MSM-irqbalance(  504): Decided to move IRQ104 from CPU7 to CPU6
02-18 09:27:28.301 V/WLAN_PSA(  326): NL MSG, len[048], NL type[0x11] WNI type[0x5050] len[028]
02-18 09:27:28.301 V/WLAN_PSA(  326): NL MSG, PID: 326
02-18 09:27:32.574 I/MSM-irqbalance(  504): Decided to move IRQ155 from CPU7 to CPU6
02-18 09:27:33.311 V/WLAN_PSA(  326): NL MSG, len[048], NL type[0x11] WNI type[0x5050] len[028]
02-18 09:27:33.311 V/WLAN_PSA(  326): NL MSG, PID: 326
02-18 09:27:34.573 D/TelephonyIcons( 3726): updateDataType sub=0, type=2, inetCondition=0 showAtLeast3G=false show4GforLte=true hspaDistinguishable=true
02-18 09:27:34.573 D/TelephonyIcons( 3726): data type item name: array/telephony_data_type_sim1
02-18 09:27:34.574 D/TelephonyIcons( 3726): data type item id: 2131165188
02-18 09:27:34.574 D/TelephonyIcons( 3726): updateDataType mSelectedDataTypeIcon[0]=2130837831, mSelectedDataActivityIndex=2
02-18 09:27:34.582 D/TelephonyIcons( 3726): getSignalStrengthIcon: sub=0, inetCondition=0, level=4 isRoaming=false
02-18 09:27:34.582 D/TelephonyIcons( 3726): signalStrengthArray.length = 9
02-18 09:27:34.582 D/TelephonyIcons( 3726): selectedTypeArray.length = 2
02-18 09:27:34.582 D/TelephonyIcons( 3726): inetArray.length = 5
02-18 09:27:36.382 V/WLAN_PSA(  326): NL MSG, len[048], NL type[0x11] WNI type[0x5050] len[028]
02-18 09:27:36.382 V/WLAN_PSA(  326): NL MSG, PID: 326
02-18 09:27:36.382 I/WifiHAL ( 2264): Poll result = 1
02-18 09:27:36.382 I/WifiHAL ( 2264): Found some events!!!
02-18 09:27:36.382 D/WifiHAL ( 2264): no_seq_check received
02-18 09:27:36.382 I/WifiHAL ( 2264): event received NL80211_CMD_TRIGGER_SCAN
02-18 09:27:36.382 I/WifiHAL ( 2264): event received NL80211_CMD_TRIGGER_SCAN, vendor_id = 0x0
02-18 09:27:36.382 I/WifiHAL ( 2264): event ignored!!
02-18 09:27:36.382 V/WLAN_PSA(  326): NL MSG, len[048], NL type[0x11] WNI type[0x5050] len[028]
02-18 09:27:36.382 V/WLAN_PSA(  326): NL MSG, PID: 326
02-18 09:27:36.382 V/WLAN_PSA(  326): NL MSG, len[4065], NL type[0x1C] WNI type[0x5900] len[51471]
02-18 09:27:36.382 V/WLAN_PSA(  326): NL MSG, PID: 326
02-18 09:27:36.391 V/WLAN_PSA(  326): NL MSG, len[048], NL type[0x11] WNI type[0x5050] len[028]
02-18 09:27:36.391 V/WLAN_PSA(  326): NL MSG, PID: 326
02-18 09:27:36.391 V/WLAN_PSA(  326): NL MSG, len[914], NL type[0x11] WNI type[0x5050] len[894]
02-18 09:27:36.392 V/WLAN_PSA(  326): NL MSG, PID: 326
02-18 09:27:36.392 V/WLAN_PSA(  326): NL MSG, len[4076], NL type[0x1C] WNI type[0x5900] len[54287]
02-18 09:27:36.392 V/WLAN_PSA(  326): NL MSG, PID: 326
02-18 09:27:36.392 V/WLAN_PSA(  326): NL MSG, len[048], NL type[0x11] WNI type[0x5050] len[028]
02-18 09:27:36.392 V/WLAN_PSA(  326): NL MSG, PID: 326
02-18 09:27:36.411 V/WLAN_PSA(  326): NL MSG, len[4078], NL type[0x1C] WNI type[0x5900] len[54799]
02-18 09:27:36.411 V/WLAN_PSA(  326): NL MSG, PID: 326
02-18 09:27:36.461 V/WLAN_PSA(  326): NL MSG, len[4090], NL type[0x1C] WNI type[0x5900] len[57871]
02-18 09:27:36.461 V/WLAN_PSA(  326): NL MSG, PID: 326
02-18 09:27:36.512 V/WLAN_PSA(  326): NL MSG, len[4058], NL type[0x1C] WNI type[0x5900] len[49679]
02-18 09:27:36.512 V/WLAN_PSA(  326): NL MSG, PID: 326
02-18 09:27:36.541 V/WLAN_PSA(  326): NL MSG, len[4043], NL type[0x1C] WNI type[0x5900] len[45839]
02-18 09:27:36.541 V/WLAN_PSA(  326): NL MSG, PID: 326
02-18 09:27:36.601 V/WLAN_PSA(  326): NL MSG, len[4087], NL type[0x1C] WNI type[0x5900] len[57103]
02-18 09:27:36.601 V/WLAN_PSA(  326): NL MSG, PID: 326
02-18 09:27:36.641 V/WLAN_PSA(  326): NL MSG, len[4013], NL type[0x1C] WNI type[0x5900] len[38159]
02-18 09:27:36.641 V/WLAN_PSA(  326): NL MSG, PID: 326
02-18 09:27:36.671 V/WLAN_PSA(  326): NL MSG, len[4094], NL type[0x1C] WNI type[0x5900] len[58895]
02-18 09:27:36.671 V/WLAN_PSA(  326): NL MSG, PID: 326
02-18 09:27:36.715 V/WLAN_PSA(  326): NL MSG, len[4078], NL type[0x1C] WNI type[0x5900] len[54799]
02-18 09:27:36.715 V/WLAN_PSA(  326): NL MSG, PID: 326
02-18 09:27:36.761 V/WLAN_PSA(  326): NL MSG, len[4062], NL type[0x1C] WNI type[0x5900] len[50703]
02-18 09:27:36.761 V/WLAN_PSA(  326): NL MSG, PID: 326
02-18 09:27:36.801 V/WLAN_PSA(  326): NL MSG, len[4038], NL type[0x1C] WNI type[0x5900] len[44559]
02-18 09:27:36.801 V/WLAN_PSA(  326): NL MSG, PID: 326
02-18 09:27:36.831 V/WLAN_PSA(  326): NL MSG, len[4048], NL type[0x1C] WNI type[0x5900] len[47119]
02-18 09:27:36.831 V/WLAN_PSA(  326): NL MSG, PID: 326
02-18 09:27:36.861 V/WLAN_PSA(  326): NL MSG, len[4078], NL type[0x1C] WNI type[0x5900] len[54799]
02-18 09:27:36.861 V/WLAN_PSA(  326): NL MSG, PID: 326
02-18 09:27:36.911 V/WLAN_PSA(  326): NL MSG, len[4082], NL type[0x1C] WNI type[0x5900] len[55823]
02-18 09:27:36.911 V/WLAN_PSA(  326): NL MSG, PID: 326
02-18 09:27:36.936 V/WLAN_PSA(  326): NL MSG, len[4053], NL type[0x1C] WNI type[0x5900] len[48399]
02-18 09:27:36.936 V/WLAN_PSA(  326): NL MSG, PID: 326
02-18 09:27:37.082 V/WLAN_PSA(  326): NL MSG, len[4037], NL type[0x1C] WNI type[0x5900] len[44303]
02-18 09:27:37.082 V/WLAN_PSA(  326): NL MSG, PID: 326
02-18 09:27:37.416 V/WLAN_PSA(  326): NL MSG, len[4044], NL type[0x1C] WNI type[0x5900] len[46095]
02-18 09:27:37.416 V/WLAN_PSA(  326): NL MSG, PID: 326
02-18 09:27:37.451 V/WLAN_PSA(  326): NL MSG, len[4067], NL type[0x1C] WNI type[0x5900] len[51983]
02-18 09:27:37.451 V/WLAN_PSA(  326): NL MSG, PID: 326
02-18 09:27:37.476 V/WLAN_PSA(  326): NL MSG, len[4035], NL type[0x1C] WNI type[0x5900] len[43791]
02-18 09:27:37.476 V/WLAN_PSA(  326): NL MSG, PID: 326
02-18 09:27:37.521 V/WLAN_PSA(  326): NL MSG, len[4095], NL type[0x1C] WNI type[0x5900] len[59151]
02-18 09:27:37.521 V/WLAN_PSA(  326): NL MSG, PID: 326
02-18 09:27:37.562 V/WLAN_PSA(  326): NL MSG, len[4079], NL type[0x1C] WNI type[0x5900] len[55055]
02-18 09:27:37.562 V/WLAN_PSA(  326): NL MSG, PID: 326
02-18 09:27:37.562 V/WLAN_PSA(  326): NL MSG, len[4059], NL type[0x1C] WNI type[0x5900] len[49935]
02-18 09:27:37.562 V/WLAN_PSA(  326): NL MSG, PID: 326
02-18 09:27:37.564 V/WLAN_PSA(  326): NL MSG, len[914], NL type[0x11] WNI type[0x5050] len[894]
02-18 09:27:37.564 V/WLAN_PSA(  326): NL MSG, PID: 326
02-18 09:27:37.564 V/WLAN_PSA(  326): NL MSG, len[3969], NL type[0x1C] WNI type[0x5900] len[26895]
02-18 09:27:37.564 V/WLAN_PSA(  326): NL MSG, PID: 326
02-18 09:27:37.565 V/WLAN_PSA(  326): NL MSG, len[4094], NL type[0x1C] WNI type[0x5900] len[58895]
02-18 09:27:37.565 V/WLAN_PSA(  326): NL MSG, PID: 326
02-18 09:27:37.566 I/WifiHAL ( 2264): Poll result = 1
02-18 09:27:37.566 I/WifiHAL ( 2264): Found some events!!!
02-18 09:27:37.566 D/WifiHAL ( 2264): no_seq_check received
02-18 09:27:37.566 I/WifiHAL ( 2264): event received NL80211_CMD_NEW_SCAN_RESULTS
02-18 09:27:37.566 I/WifiHAL ( 2264): event received NL80211_CMD_NEW_SCAN_RESULTS, vendor_id = 0x0
02-18 09:27:37.566 I/WifiHAL ( 2264): event ignored!!
02-18 09:27:37.584 D/LBSSystemMonitorService( 2264): handleMessage what - 4
02-18 09:27:37.585 D/Wiper_jni( 2264): Send Network Location.
02-18 09:27:37.585 E/LocSvc_api_v02( 2264): I/---> locClientSendReq line 2065 QMI_LOC_INJECT_WIFI_POSITION_REQ_V02
02-18 09:27:37.587 E/LocSvc_ApiV02( 2264): I/<--- void globalRespCb(locClientHandleType, uint32_t, locClientRespIndUnionType, void*) line 111 QMI_LOC_INJECT_WIFI_POSITION_REQ_V02
02-18 09:27:37.602 D/TelephonyIcons( 3726): updateDataType sub=0, type=2, inetCondition=0 showAtLeast3G=false show4GforLte=true hspaDistinguishable=true
02-18 09:27:37.602 D/TelephonyIcons( 3726): data type item name: array/telephony_data_type_sim1
02-18 09:27:37.602 D/TelephonyIcons( 3726): data type item id: 2131165188
02-18 09:27:37.603 D/TelephonyIcons( 3726): updateDataType mSelectedDataTypeIcon[0]=2130837831, mSelectedDataActivityIndex=2
02-18 09:27:37.608 D/TelephonyIcons( 3726): getSignalStrengthIcon: sub=0, inetCondition=0, level=4 isRoaming=false
02-18 09:27:37.609 D/TelephonyIcons( 3726): signalStrengthArray.length = 9
02-18 09:27:37.609 D/TelephonyIcons( 3726): selectedTypeArray.length = 2
02-18 09:27:37.609 D/TelephonyIcons( 3726): inetArray.length = 5
02-18 09:27:37.761 V/WLAN_PSA(  326): NL MSG, len[048], NL type[0x11] WNI type[0x5050] len[028]
02-18 09:27:37.761 V/WLAN_PSA(  326): NL MSG, PID: 326
02-18 09:27:37.761 V/WLAN_PSA(  326): NL MSG, len[048], NL type[0x11] WNI type[0x5050] len[028]
02-18 09:27:37.761 V/WLAN_PSA(  326): NL MSG, PID: 326
02-18 09:27:37.762 V/WLAN_PSA(  326): NL MSG, len[048], NL type[0x11] WNI type[0x5050] len[028]
02-18 09:27:37.762 V/WLAN_PSA(  326): NL MSG, PID: 326
02-18 09:27:37.762 V/WLAN_PSA(  326): NL MSG, len[4082], NL type[0x1C] WNI type[0x5900] len[55823]
02-18 09:27:37.762 V/WLAN_PSA(  326): NL MSG, PID: 326
02-18 09:27:37.961 V/WLAN_PSA(  326): NL MSG, len[048], NL type[0x11] WNI type[0x5050] len[028]
02-18 09:27:37.961 V/WLAN_PSA(  326): NL MSG, PID: 326
02-18 09:27:38.321 V/WLAN_PSA(  326): NL MSG, len[048], NL type[0x11] WNI type[0x5050] len[028]
02-18 09:27:38.321 V/WLAN_PSA(  326): NL MSG, PID: 326
02-18 09:27:43.331 V/WLAN_PSA(  326): NL MSG, len[048], NL type[0x11] WNI type[0x5050] len[028]
02-18 09:27:43.331 V/WLAN_PSA(  326): NL MSG, PID: 326
02-18 09:27:47.522 D/TelephonyIcons( 3726): updateDataType sub=0, type=2, inetCondition=0 showAtLeast3G=false show4GforLte=true hspaDistinguishable=true
02-18 09:27:47.522 D/TelephonyIcons( 3726): data type item name: array/telephony_data_type_sim1
02-18 09:27:47.523 D/TelephonyIcons( 3726): data type item id: 2131165188
02-18 09:27:47.523 D/TelephonyIcons( 3726): updateDataType mSelectedDataTypeIcon[0]=2130837831, mSelectedDataActivityIndex=2
02-18 09:27:47.525 D/TelephonyIcons( 3726): getSignalStrengthIcon: sub=0, inetCondition=0, level=4 isRoaming=false
02-18 09:27:47.525 D/TelephonyIcons( 3726): signalStrengthArray.length = 9
02-18 09:27:47.526 D/TelephonyIcons( 3726): selectedTypeArray.length = 2
02-18 09:27:47.526 D/TelephonyIcons( 3726): inetArray.length = 5
02-18 09:27:48.341 V/WLAN_PSA(  326): NL MSG, len[048], NL type[0x11] WNI type[0x5050] len[028]
02-18 09:27:48.341 V/WLAN_PSA(  326): NL MSG, PID: 326
02-18 09:27:51.396 V/WLAN_PSA(  326): NL MSG, len[048], NL type[0x11] WNI type[0x5050] len[028]
02-18 09:27:51.396 V/WLAN_PSA(  326): NL MSG, PID: 326
02-18 09:27:51.396 I/WifiHAL ( 2264): Poll result = 1
02-18 09:27:51.396 I/WifiHAL ( 2264): Found some events!!!
02-18 09:27:51.396 D/WifiHAL ( 2264): no_seq_check received
02-18 09:27:51.396 I/WifiHAL ( 2264): event received NL80211_CMD_TRIGGER_SCAN
02-18 09:27:51.396 I/WifiHAL ( 2264): event received NL80211_CMD_TRIGGER_SCAN, vendor_id = 0x0
02-18 09:27:51.396 I/WifiHAL ( 2264): event ignored!!
02-18 09:27:51.397 V/WLAN_PSA(  326): NL MSG, len[048], NL type[0x11] WNI type[0x5050] len[028]
02-18 09:27:51.397 V/WLAN_PSA(  326): NL MSG, PID: 326
02-18 09:27:51.406 V/WLAN_PSA(  326): NL MSG, len[048], NL type[0x11] WNI type[0x5050] len[028]
02-18 09:27:51.406 V/WLAN_PSA(  326): NL MSG, PID: 326
02-18 09:27:51.406 V/WLAN_PSA(  326): NL MSG, len[914], NL type[0x11] WNI type[0x5050] len[894]
02-18 09:27:51.406 V/WLAN_PSA(  326): NL MSG, PID: 326
02-18 09:27:51.406 V/WLAN_PSA(  326): NL MSG, len[4003], NL type[0x1C] WNI type[0x5900] len[35599]
02-18 09:27:51.406 V/WLAN_PSA(  326): NL MSG, PID: 326
02-18 09:27:51.407 V/WLAN_PSA(  326): NL MSG, len[048], NL type[0x11] WNI type[0x5050] len[028]
02-18 09:27:51.407 V/WLAN_PSA(  326): NL MSG, PID: 326
02-18 09:27:51.415 V/WLAN_PSA(  326): NL MSG, len[4009], NL type[0x1C] WNI type[0x5900] len[37135]
02-18 09:27:51.415 V/WLAN_PSA(  326): NL MSG, PID: 326
02-18 09:27:51.452 V/WLAN_PSA(  326): NL MSG, len[4083], NL type[0x1C] WNI type[0x5900] len[56079]
02-18 09:27:51.452 V/WLAN_PSA(  326): NL MSG, PID: 326
02-18 09:27:51.501 V/WLAN_PSA(  326): NL MSG, len[4045], NL type[0x1C] WNI type[0x5900] len[46351]
02-18 09:27:51.501 V/WLAN_PSA(  326): NL MSG, PID: 326
02-18 09:27:51.546 V/WLAN_PSA(  326): NL MSG, len[4043], NL type[0x1C] WNI type[0x5900] len[45839]
02-18 09:27:51.547 V/WLAN_PSA(  326): NL MSG, PID: 326
02-18 09:27:51.581 V/WLAN_PSA(  326): NL MSG, len[4083], NL type[0x1C] WNI type[0x5900] len[56079]
02-18 09:27:51.581 V/WLAN_PSA(  326): NL MSG, PID: 326
02-18 09:27:51.621 V/WLAN_PSA(  326): NL MSG, len[4014], NL type[0x1C] WNI type[0x5900] len[38415]
02-18 09:27:51.621 V/WLAN_PSA(  326): NL MSG, PID: 326
02-18 09:27:51.651 V/WLAN_PSA(  326): NL MSG, len[3950], NL type[0x1C] WNI type[0x5900] len[22031]
02-18 09:27:51.651 V/WLAN_PSA(  326): NL MSG, PID: 326
02-18 09:27:51.683 V/WLAN_PSA(  326): NL MSG, len[4048], NL type[0x1C] WNI type[0x5900] len[47119]
02-18 09:27:51.683 V/WLAN_PSA(  326): NL MSG, PID: 326
02-18 09:27:51.731 V/WLAN_PSA(  326): NL MSG, len[4068], NL type[0x1C] WNI type[0x5900] len[52239]
02-18 09:27:51.731 V/WLAN_PSA(  326): NL MSG, PID: 326
02-18 09:27:51.773 V/WLAN_PSA(  326): NL MSG, len[4084], NL type[0x1C] WNI type[0x5900] len[56335]
02-18 09:27:51.773 V/WLAN_PSA(  326): NL MSG, PID: 326
02-18 09:27:51.811 V/WLAN_PSA(  326): NL MSG, len[4007], NL type[0x1C] WNI type[0x5900] len[36623]
02-18 09:27:51.811 V/WLAN_PSA(  326): NL MSG, PID: 326
02-18 09:27:51.848 V/WLAN_PSA(  326): NL MSG, len[3987], NL type[0x1C] WNI type[0x5900] len[31503]
02-18 09:27:51.848 V/WLAN_PSA(  326): NL MSG, PID: 326
02-18 09:27:51.869 D/TelephonyIcons( 3726): updateDataType sub=0, type=2, inetCondition=0 showAtLeast3G=false show4GforLte=true hspaDistinguishable=true
02-18 09:27:51.869 D/TelephonyIcons( 3726): data type item name: array/telephony_data_type_sim1
02-18 09:27:51.869 D/TelephonyIcons( 3726): data type item id: 2131165188
02-18 09:27:51.870 D/TelephonyIcons( 3726): updateDataType mSelectedDataTypeIcon[0]=2130837831, mSelectedDataActivityIndex=2
02-18 09:27:51.872 D/TelephonyIcons( 3726): getSignalStrengthIcon: sub=0, inetCondition=0, level=4 isRoaming=false
02-18 09:27:51.873 D/TelephonyIcons( 3726): signalStrengthArray.length = 9
02-18 09:27:51.873 D/TelephonyIcons( 3726): selectedTypeArray.length = 2
02-18 09:27:51.873 D/TelephonyIcons( 3726): inetArray.length = 5
02-18 09:27:51.889 V/WLAN_PSA(  326): NL MSG, len[4018], NL type[0x1C] WNI type[0x5900] len[39439]
02-18 09:27:51.889 V/WLAN_PSA(  326): NL MSG, PID: 326
02-18 09:27:51.921 V/WLAN_PSA(  326): NL MSG, len[4093], NL type[0x1C] WNI type[0x5900] len[58639]
02-18 09:27:51.921 V/WLAN_PSA(  326): NL MSG, PID: 326
02-18 09:27:51.961 V/WLAN_PSA(  326): NL MSG, len[4018], NL type[0x1C] WNI type[0x5900] len[39439]
02-18 09:27:51.961 V/WLAN_PSA(  326): NL MSG, PID: 326
02-18 09:27:52.296 V/WLAN_PSA(  326): NL MSG, len[4042], NL type[0x1C] WNI type[0x5900] len[45583]
02-18 09:27:52.296 V/WLAN_PSA(  326): NL MSG, PID: 326
02-18 09:27:52.422 V/WLAN_PSA(  326): NL MSG, len[3985], NL type[0x1C] WNI type[0x5900] len[30991]
02-18 09:27:52.422 V/WLAN_PSA(  326): NL MSG, PID: 326
02-18 09:27:52.461 V/WLAN_PSA(  326): NL MSG, len[4069], NL type[0x1C] WNI type[0x5900] len[52495]
02-18 09:27:52.461 V/WLAN_PSA(  326): NL MSG, PID: 326
02-18 09:27:52.501 V/WLAN_PSA(  326): NL MSG, len[4088], NL type[0x1C] WNI type[0x5900] len[57359]
02-18 09:27:52.501 V/WLAN_PSA(  326): NL MSG, PID: 326
02-18 09:27:52.527 V/WLAN_PSA(  326): NL MSG, len[4021], NL type[0x1C] WNI type[0x5900] len[40207]
02-18 09:27:52.527 V/WLAN_PSA(  326): NL MSG, PID: 326
02-18 09:27:52.556 V/WLAN_PSA(  326): NL MSG, len[3999], NL type[0x1C] WNI type[0x5900] len[34575]
02-18 09:27:52.556 V/WLAN_PSA(  326): NL MSG, PID: 326
02-18 09:27:52.558 V/WLAN_PSA(  326): NL MSG, len[4049], NL type[0x1C] WNI type[0x5900] len[47375]
02-18 09:27:52.558 V/WLAN_PSA(  326): NL MSG, PID: 326
02-18 09:27:52.559 V/WLAN_PSA(  326): NL MSG, len[914], NL type[0x11] WNI type[0x5050] len[894]
02-18 09:27:52.559 V/WLAN_PSA(  326): NL MSG, PID: 326
02-18 09:27:52.560 V/WLAN_PSA(  326): NL MSG, len[4026], NL type[0x1C] WNI type[0x5900] len[41487]
02-18 09:27:52.560 V/WLAN_PSA(  326): NL MSG, PID: 326
02-18 09:27:52.560 V/WLAN_PSA(  326): NL MSG, len[4047], NL type[0x1C] WNI type[0x5900] len[46863]
02-18 09:27:52.560 V/WLAN_PSA(  326): NL MSG, PID: 326
02-18 09:27:52.561 I/WifiHAL ( 2264): Poll result = 1
02-18 09:27:52.561 I/WifiHAL ( 2264): Found some events!!!
02-18 09:27:52.561 D/WifiHAL ( 2264): no_seq_check received
02-18 09:27:52.561 I/WifiHAL ( 2264): event received NL80211_CMD_NEW_SCAN_RESULTS
02-18 09:27:52.561 I/WifiHAL ( 2264): event received NL80211_CMD_NEW_SCAN_RESULTS, vendor_id = 0x0
02-18 09:27:52.561 I/WifiHAL ( 2264): event ignored!!
02-18 09:27:52.579 D/LBSSystemMonitorService( 2264): handleMessage what - 4
02-18 09:27:52.579 D/Wiper_jni( 2264): Send Network Location.
02-18 09:27:52.579 E/LocSvc_api_v02( 2264): I/---> locClientSendReq line 2065 QMI_LOC_INJECT_WIFI_POSITION_REQ_V02
02-18 09:27:52.582 E/LocSvc_ApiV02( 2264): I/<--- void globalRespCb(locClientHandleType, uint32_t, locClientRespIndUnionType, void*) line 111 QMI_LOC_INJECT_WIFI_POSITION_REQ_V02
02-18 09:27:52.771 V/WLAN_PSA(  326): NL MSG, len[048], NL type[0x11] WNI type[0x5050] len[028]
02-18 09:27:52.771 V/WLAN_PSA(  326): NL MSG, PID: 326
02-18 09:27:52.771 V/WLAN_PSA(  326): NL MSG, len[048], NL type[0x11] WNI type[0x5050] len[028]
02-18 09:27:52.771 V/WLAN_PSA(  326): NL MSG, PID: 326
02-18 09:27:52.772 V/WLAN_PSA(  326): NL MSG, len[048], NL type[0x11] WNI type[0x5050] len[028]
02-18 09:27:52.772 V/WLAN_PSA(  326): NL MSG, PID: 326
02-18 09:27:52.971 V/WLAN_PSA(  326): NL MSG, len[048], NL type[0x11] WNI type[0x5050] len[028]
02-18 09:27:52.971 V/WLAN_PSA(  326): NL MSG, PID: 326
02-18 09:27:53.351 V/WLAN_PSA(  326): NL MSG, len[048], NL type[0x11] WNI type[0x5050] len[028]
02-18 09:27:53.351 V/WLAN_PSA(  326): NL MSG, PID: 326
02-18 09:27:58.361 V/WLAN_PSA(  326): NL MSG, len[048], NL type[0x11] WNI type[0x5050] len[028]
02-18 09:27:58.361 V/WLAN_PSA(  326): NL MSG, PID: 326
02-18 09:28:03.371 V/WLAN_PSA(  326): NL MSG, len[048], NL type[0x11] WNI type[0x5050] len[028]
02-18 09:28:03.371 V/WLAN_PSA(  326): NL MSG, PID: 326
02-18 09:28:05.712 E/LocSvc_libulp( 2264): I/===> int ulp_msg_process_system_update(UlpSystemEvent) line 1455 
02-18 09:28:05.712 E/LocSvc_libulp( 2264): I/int ulp_msg_process_system_update(UlpSystemEvent): systemEvent:5 
02-18 09:28:05.712 E/LocSvc_libulp( 2264): I/===> int ulp_brain_process_system_update(UlpSystemEvent) line 2352 
02-18 09:28:05.712 E/LocSvc_libulp( 2264): I/===> int ulp_brain_select_providers() line 333 
02-18 09:28:05.712 E/LocSvc_libulp( 2264): I/===> int ulp_brain_turn_onoff_quipc_provider() line 700 
02-18 09:28:05.712 E/LocSvc_libulp( 2264): I/===> int ulp_quipc_stop_engine() line 235 
02-18 09:28:05.712 E/LocSvc_libulp( 2264): I/===> bool ulp_quipc_engine_running() line 60 
02-18 09:28:05.712 E/LocSvc_libulp( 2264): I/===> int ulp_brain_turn_onoff_gnss_provider() line 595 
02-18 09:28:05.712 E/LocSvc_libulp( 2264): I/===> int ulp_gnss_stop_engine() line 262 
02-18 09:28:05.712 E/LocSvc_libulp( 2264): I/===> bool ulp_quipc_engine_running() line 60 
02-18 09:28:05.712 E/LocSvc_libulp( 2264): I/===> int ulp_brain_turn_onoff_gnp_provider() line 496 
02-18 09:28:05.712 E/LocSvc_libulp( 2264): I/===> bool ulp_gnp_engine_running() line 59 
02-18 09:28:05.712 E/LocSvc_libulp( 2264): I/===> int ulp_gnp_stop_engine() line 195 
02-18 09:28:05.712 E/LocSvc_libulp( 2264): I/===> bool ulp_gnp_engine_running() line 59 
02-18 09:28:05.712 E/LocSvc_libulp( 2264): I/===> bool ulp_gnp_engine_running() line 59 
02-18 09:28:05.712 E/LocSvc_libulp( 2264): I/===> int ulp_brain_turn_onoff_zpp_provider() line 437 
02-18 09:28:05.712 E/LocSvc_libulp( 2264): I/===> int ulp_zpp_start_engine() line 98 
02-18 09:28:05.712 E/LocSvc_libulp( 2264): I/===> bool ulp_zpp_engine_running() line 62 
02-18 09:28:05.712 E/LocSvc_libulp( 2264): I/===> int ulp_msg_process_start_req() line 447 
02-18 09:28:05.712 E/LocSvc_libulp( 2264): I/int ulp_msg_process_start_req(), at ulp state = 1
02-18 09:28:05.712 E/LocSvc_api_v02( 2264): I/---> locClientSendReq line 2065 QMI_LOC_GET_BEST_AVAILABLE_POSITION_REQ_V02
02-18 09:28:05.715 E/LocSvc_ApiV02( 2264): I/<--- void globalRespCb(locClientHandleType, uint32_t, locClientRespIndUnionType, void*) line 111 QMI_LOC_GET_BEST_AVAILABLE_POSITION_REQ_V02
02-18 09:28:05.715 E/LocSvc_libulp( 2264): I/===> int ulp_brain_process_zpp_position_report(loc_sess_status, LocPosTechMask, const UlpLocation*) line 1463 
02-18 09:28:05.715 E/LocSvc_libulp( 2264): I/===> int ulp_msg_send_generic_position_report(loc_sess_status, LocPosTechMask, const UlpLocation*, const GpsLocationExtended*, const void*) line 1011 
02-18 09:28:05.716 D/Ulp_jni ( 2264): Location CB invoked
02-18 09:28:05.716 E/LocSvc_libulp( 2264): I/int ulp_brain_process_zpp_position_report(loc_sess_status, LocPosTechMask, const UlpLocation*), report ZPP position to providers,report_position = 1
02-18 09:28:05.716 E/LocSvc_libulp( 2264): I/===> int ulp_brain_select_providers() line 333 
02-18 09:28:05.716 E/LocSvc_libulp( 2264): I/===> int ulp_brain_turn_onoff_quipc_provider() line 700 
02-18 09:28:05.716 E/LocSvc_libulp( 2264): I/===> int ulp_quipc_stop_engine() line 235 
02-18 09:28:05.716 E/LocSvc_libulp( 2264): I/===> bool ulp_quipc_engine_running() line 60 
02-18 09:28:05.716 E/LocSvc_libulp( 2264): I/===> int ulp_brain_turn_onoff_gnss_provider() line 595 
02-18 09:28:05.716 E/LocSvc_libulp( 2264): I/===> int ulp_gnss_stop_engine() line 262 
02-18 09:28:05.716 E/LocSvc_libulp( 2264): I/===> bool ulp_quipc_engine_running() line 60 
02-18 09:28:05.716 E/LocSvc_libulp( 2264): I/===> int ulp_brain_turn_onoff_gnp_provider() line 496 
02-18 09:28:05.716 E/LocSvc_libulp( 2264): I/===> bool ulp_gnp_engine_running() line 59 
02-18 09:28:05.716 E/LocSvc_libulp( 2264): I/===> int ulp_gnp_stop_engine() line 195 
02-18 09:28:05.716 E/LocSvc_libulp( 2264): I/===> bool ulp_gnp_engine_running() line 59 
02-18 09:28:05.716 E/LocSvc_libulp( 2264): I/===> bool ulp_gnp_engine_running() line 59 
02-18 09:28:05.716 E/LocSvc_libulp( 2264): I/===> int ulp_brain_turn_onoff_zpp_provider() line 437 
02-18 09:28:05.716 E/LocSvc_libulp( 2264): I/===> int ulp_zpp_stop_engine() line 174 
02-18 09:28:05.716 E/LocSvc_libulp( 2264): I/===> bool ulp_zpp_engine_running() line 62 
02-18 09:28:06.411 V/WLAN_PSA(  326): NL MSG, len[048], NL type[0x11] WNI type[0x5050] len[028]
02-18 09:28:06.411 V/WLAN_PSA(  326): NL MSG, PID: 326
02-18 09:28:06.411 V/WLAN_PSA(  326): NL MSG, len[3921], NL type[0x1C] WNI type[0x5900] len[14607]
02-18 09:28:06.411 V/WLAN_PSA(  326): NL MSG, PID: 326
02-18 09:28:06.411 I/WifiHAL ( 2264): Poll result = 1
02-18 09:28:06.411 I/WifiHAL ( 2264): Found some events!!!
02-18 09:28:06.411 D/WifiHAL ( 2264): no_seq_check received
02-18 09:28:06.411 I/WifiHAL ( 2264): event received NL80211_CMD_TRIGGER_SCAN
02-18 09:28:06.411 I/WifiHAL ( 2264): event received NL80211_CMD_TRIGGER_SCAN, vendor_id = 0x0
02-18 09:28:06.411 I/WifiHAL ( 2264): event ignored!!
02-18 09:28:06.415 V/WLAN_PSA(  326): NL MSG, len[048], NL type[0x11] WNI type[0x5050] len[028]
02-18 09:28:06.415 V/WLAN_PSA(  326): NL MSG, PID: 326
02-18 09:28:06.420 V/WLAN_PSA(  326): NL MSG, len[048], NL type[0x11] WNI type[0x5050] len[028]
02-18 09:28:06.420 V/WLAN_PSA(  326): NL MSG, PID: 326
02-18 09:28:06.421 V/WLAN_PSA(  326): NL MSG, len[914], NL type[0x11] WNI type[0x5050] len[894]
02-18 09:28:06.421 V/WLAN_PSA(  326): NL MSG, PID: 326
02-18 09:28:06.421 V/WLAN_PSA(  326): NL MSG, len[048], NL type[0x11] WNI type[0x5050] len[028]
02-18 09:28:06.421 V/WLAN_PSA(  326): NL MSG, PID: 326
02-18 09:28:06.421 V/WLAN_PSA(  326): NL MSG, len[3969], NL type[0x1C] WNI type[0x5900] len[26895]
02-18 09:28:06.421 V/WLAN_PSA(  326): NL MSG, PID: 326
02-18 09:28:06.447 V/WLAN_PSA(  326): NL MSG, len[4047], NL type[0x1C] WNI type[0x5900] len[46863]
02-18 09:28:06.447 V/WLAN_PSA(  326): NL MSG, PID: 326
02-18 09:28:06.491 V/WLAN_PSA(  326): NL MSG, len[4085], NL type[0x1C] WNI type[0x5900] len[56591]
02-18 09:28:06.491 V/WLAN_PSA(  326): NL MSG, PID: 326
02-18 09:28:06.532 V/WLAN_PSA(  326): NL MSG, len[4077], NL type[0x1C] WNI type[0x5900] len[54543]
02-18 09:28:06.532 V/WLAN_PSA(  326): NL MSG, PID: 326
02-18 09:28:06.561 V/WLAN_PSA(  326): NL MSG, len[4029], NL type[0x1C] WNI type[0x5900] len[42255]
02-18 09:28:06.561 V/WLAN_PSA(  326): NL MSG, PID: 326
02-18 09:28:06.596 V/WLAN_PSA(  326): NL MSG, len[4080], NL type[0x1C] WNI type[0x5900] len[55311]
02-18 09:28:06.596 V/WLAN_PSA(  326): NL MSG, PID: 326
02-18 09:28:06.631 V/WLAN_PSA(  326): NL MSG, len[4072], NL type[0x1C] WNI type[0x5900] len[53263]
02-18 09:28:06.631 V/WLAN_PSA(  326): NL MSG, PID: 326
02-18 09:28:06.671 V/WLAN_PSA(  326): NL MSG, len[4072], NL type[0x1C] WNI type[0x5900] len[53263]
02-18 09:28:06.671 V/WLAN_PSA(  326): NL MSG, PID: 326
02-18 09:28:06.699 V/WLAN_PSA(  326): NL MSG, len[4018], NL type[0x1C] WNI type[0x5900] len[39439]
02-18 09:28:06.699 V/WLAN_PSA(  326): NL MSG, PID: 326
02-18 09:28:06.737 V/WLAN_PSA(  326): NL MSG, len[3955], NL type[0x1C] WNI type[0x5900] len[23311]
02-18 09:28:06.737 V/WLAN_PSA(  326): NL MSG, PID: 326
02-18 09:28:06.777 V/WLAN_PSA(  326): NL MSG, len[4012], NL type[0x1C] WNI type[0x5900] len[37903]
02-18 09:28:06.777 V/WLAN_PSA(  326): NL MSG, PID: 326
02-18 09:28:06.828 V/WLAN_PSA(  326): NL MSG, len[4034], NL type[0x1C] WNI type[0x5900] len[43535]
02-18 09:28:06.828 V/WLAN_PSA(  326): NL MSG, PID: 326
02-18 09:28:06.881 V/WLAN_PSA(  326): NL MSG, len[3946], NL type[0x1C] WNI type[0x5900] len[21007]
02-18 09:28:06.881 V/WLAN_PSA(  326): NL MSG, PID: 326
02-18 09:28:06.911 V/WLAN_PSA(  326): NL MSG, len[4033], NL type[0x1C] WNI type[0x5900] len[43279]
02-18 09:28:06.911 V/WLAN_PSA(  326): NL MSG, PID: 326
02-18 09:28:06.952 V/WLAN_PSA(  326): NL MSG, len[4018], NL type[0x1C] WNI type[0x5900] len[39439]
02-18 09:28:06.952 V/WLAN_PSA(  326): NL MSG, PID: 326
02-18 09:28:07.286 V/WLAN_PSA(  326): NL MSG, len[4049], NL type[0x1C] WNI type[0x5900] len[47375]
02-18 09:28:07.286 V/WLAN_PSA(  326): NL MSG, PID: 326
02-18 09:28:07.421 V/WLAN_PSA(  326): NL MSG, len[4014], NL type[0x1C] WNI type[0x5900] len[38415]
02-18 09:28:07.421 V/WLAN_PSA(  326): NL MSG, PID: 326
02-18 09:28:07.452 V/WLAN_PSA(  326): NL MSG, len[4003], NL type[0x1C] WNI type[0x5900] len[35599]
02-18 09:28:07.452 V/WLAN_PSA(  326): NL MSG, PID: 326
02-18 09:28:07.491 V/WLAN_PSA(  326): NL MSG, len[4018], NL type[0x1C] WNI type[0x5900] len[39439]
02-18 09:28:07.492 V/WLAN_PSA(  326): NL MSG, PID: 326
02-18 09:28:07.521 V/WLAN_PSA(  326): NL MSG, len[3984], NL type[0x1C] WNI type[0x5900] len[30735]
02-18 09:28:07.521 V/WLAN_PSA(  326): NL MSG, PID: 326
02-18 09:28:07.542 V/WLAN_PSA(  326): NL MSG, len[4033], NL type[0x1C] WNI type[0x5900] len[43279]
02-18 09:28:07.543 V/WLAN_PSA(  326): NL MSG, PID: 326
02-18 09:28:07.543 V/WLAN_PSA(  326): NL MSG, len[4041], NL type[0x1C] WNI type[0x5900] len[45327]
02-18 09:28:07.543 V/WLAN_PSA(  326): NL MSG, PID: 326
02-18 09:28:07.545 I/WifiHAL ( 2264): Poll result = 1
02-18 09:28:07.545 I/WifiHAL ( 2264): Found some events!!!
02-18 09:28:07.545 D/WifiHAL ( 2264): no_seq_check received
02-18 09:28:07.545 I/WifiHAL ( 2264): event received NL80211_CMD_NEW_SCAN_RESULTS
02-18 09:28:07.545 I/WifiHAL ( 2264): event received NL80211_CMD_NEW_SCAN_RESULTS, vendor_id = 0x0
02-18 09:28:07.545 I/WifiHAL ( 2264): event ignored!!
02-18 09:28:07.548 V/WLAN_PSA(  326): NL MSG, len[914], NL type[0x11] WNI type[0x5050] len[894]
02-18 09:28:07.548 V/WLAN_PSA(  326): NL MSG, PID: 326
02-18 09:28:07.548 V/WLAN_PSA(  326): NL MSG, len[4018], NL type[0x1C] WNI type[0x5900] len[39439]
02-18 09:28:07.548 V/WLAN_PSA(  326): NL MSG, PID: 326
02-18 09:28:07.548 V/WLAN_PSA(  326): NL MSG, len[4033], NL type[0x1C] WNI type[0x5900] len[43279]
02-18 09:28:07.548 V/WLAN_PSA(  326): NL MSG, PID: 326
02-18 09:28:07.560 D/LBSSystemMonitorService( 2264): handleMessage what - 4
02-18 09:28:07.560 D/Wiper_jni( 2264): Send Network Location.
02-18 09:28:07.561 E/LocSvc_api_v02( 2264): I/---> locClientSendReq line 2065 QMI_LOC_INJECT_WIFI_POSITION_REQ_V02
02-18 09:28:07.562 E/LocSvc_ApiV02( 2264): I/<--- void globalRespCb(locClientHandleType, uint32_t, locClientRespIndUnionType, void*) line 111 QMI_LOC_INJECT_WIFI_POSITION_REQ_V02
02-18 09:28:07.741 V/WLAN_PSA(  326): NL MSG, len[048], NL type[0x11] WNI type[0x5050] len[028]
02-18 09:28:07.741 V/WLAN_PSA(  326): NL MSG, PID: 326
02-18 09:28:07.741 V/WLAN_PSA(  326): NL MSG, len[048], NL type[0x11] WNI type[0x5050] len[028]
02-18 09:28:07.741 V/WLAN_PSA(  326): NL MSG, PID: 326
02-18 09:28:07.742 V/WLAN_PSA(  326): NL MSG, len[048], NL type[0x11] WNI type[0x5050] len[028]
02-18 09:28:07.742 V/WLAN_PSA(  326): NL MSG, PID: 326
02-18 09:28:07.941 V/WLAN_PSA(  326): NL MSG, len[048], NL type[0x11] WNI type[0x5050] len[028]
02-18 09:28:07.941 V/WLAN_PSA(  326): NL MSG, PID: 326
02-18 09:28:08.381 V/WLAN_PSA(  326): NL MSG, len[048], NL type[0x11] WNI type[0x5050] len[028]
02-18 09:28:08.381 V/WLAN_PSA(  326): NL MSG, PID: 326
02-18 09:28:13.391 V/WLAN_PSA(  326): NL MSG, len[048], NL type[0x11] WNI type[0x5050] len[028]
02-18 09:28:13.391 V/WLAN_PSA(  326): NL MSG, PID: 326
02-18 09:28:18.401 V/WLAN_PSA(  326): NL MSG, len[048], NL type[0x11] WNI type[0x5050] len[028]
02-18 09:28:18.401 V/WLAN_PSA(  326): NL MSG, PID: 326
02-18 09:28:21.426 V/WLAN_PSA(  326): NL MSG, len[048], NL type[0x11] WNI type[0x5050] len[028]
02-18 09:28:21.426 V/WLAN_PSA(  326): NL MSG, PID: 326
02-18 09:28:21.426 V/WLAN_PSA(  326): NL MSG, len[4090], NL type[0x1C] WNI type[0x5900] len[57871]
02-18 09:28:21.426 V/WLAN_PSA(  326): NL MSG, PID: 326
02-18 09:28:21.426 I/WifiHAL ( 2264): Poll result = 1
02-18 09:28:21.426 I/WifiHAL ( 2264): Found some events!!!
02-18 09:28:21.426 D/WifiHAL ( 2264): no_seq_check received
02-18 09:28:21.426 I/WifiHAL ( 2264): event received NL80211_CMD_TRIGGER_SCAN
02-18 09:28:21.426 I/WifiHAL ( 2264): event received NL80211_CMD_TRIGGER_SCAN, vendor_id = 0x0
02-18 09:28:21.426 I/WifiHAL ( 2264): event ignored!!
02-18 09:28:21.426 V/WLAN_PSA(  326): NL MSG, len[048], NL type[0x11] WNI type[0x5050] len[028]
02-18 09:28:21.426 V/WLAN_PSA(  326): NL MSG, PID: 326
02-18 09:28:21.436 V/WLAN_PSA(  326): NL MSG, len[048], NL type[0x11] WNI type[0x5050] len[028]
02-18 09:28:21.436 V/WLAN_PSA(  326): NL MSG, PID: 326
02-18 09:28:21.436 V/WLAN_PSA(  326): NL MSG, len[914], NL type[0x11] WNI type[0x5050] len[894]
02-18 09:28:21.436 V/WLAN_PSA(  326): NL MSG, PID: 326
02-18 09:28:21.436 V/WLAN_PSA(  326): NL MSG, len[048], NL type[0x11] WNI type[0x5050] len[028]
02-18 09:28:21.436 V/WLAN_PSA(  326): NL MSG, PID: 326
02-18 09:28:21.436 V/WLAN_PSA(  326): NL MSG, len[4059], NL type[0x1C] WNI type[0x5900] len[49935]
02-18 09:28:21.436 V/WLAN_PSA(  326): NL MSG, PID: 326
02-18 09:28:21.471 V/WLAN_PSA(  326): NL MSG, len[4048], NL type[0x1C] WNI type[0x5900] len[47119]
02-18 09:28:21.471 V/WLAN_PSA(  326): NL MSG, PID: 326
02-18 09:28:21.511 V/WLAN_PSA(  326): NL MSG, len[4027], NL type[0x1C] WNI type[0x5900] len[41743]
02-18 09:28:21.511 V/WLAN_PSA(  326): NL MSG, PID: 326
02-18 09:28:21.556 V/WLAN_PSA(  326): NL MSG, len[4066], NL type[0x1C] WNI type[0x5900] len[51727]
02-18 09:28:21.556 V/WLAN_PSA(  326): NL MSG, PID: 326
02-18 09:28:21.591 V/WLAN_PSA(  326): NL MSG, len[4021], NL type[0x1C] WNI type[0x5900] len[40207]
02-18 09:28:21.591 V/WLAN_PSA(  326): NL MSG, PID: 326
02-18 09:28:21.623 V/WLAN_PSA(  326): NL MSG, len[4054], NL type[0x1C] WNI type[0x5900] len[48655]
02-18 09:28:21.623 V/WLAN_PSA(  326): NL MSG, PID: 326
02-18 09:28:21.656 V/WLAN_PSA(  326): NL MSG, len[4035], NL type[0x1C] WNI type[0x5900] len[43791]
02-18 09:28:21.656 V/WLAN_PSA(  326): NL MSG, PID: 326
02-18 09:28:21.691 V/WLAN_PSA(  326): NL MSG, len[4005], NL type[0x1C] WNI type[0x5900] len[36111]
02-18 09:28:21.691 V/WLAN_PSA(  326): NL MSG, PID: 326
02-18 09:28:21.741 V/WLAN_PSA(  326): NL MSG, len[4016], NL type[0x1C] WNI type[0x5900] len[38927]
02-18 09:28:21.741 V/WLAN_PSA(  326): NL MSG, PID: 326
02-18 09:28:21.791 V/WLAN_PSA(  326): NL MSG, len[4059], NL type[0x1C] WNI type[0x5900] len[49935]
02-18 09:28:21.791 V/WLAN_PSA(  326): NL MSG, PID: 326
02-18 09:28:21.831 V/WLAN_PSA(  326): NL MSG, len[4024], NL type[0x1C] WNI type[0x5900] len[40975]
02-18 09:28:21.831 V/WLAN_PSA(  326): NL MSG, PID: 326
02-18 09:28:21.876 V/WLAN_PSA(  326): NL MSG, len[4073], NL type[0x1C] WNI type[0x5900] len[53519]
02-18 09:28:21.876 V/WLAN_PSA(  326): NL MSG, PID: 326
02-18 09:28:21.931 V/WLAN_PSA(  326): NL MSG, len[4085], NL type[0x1C] WNI type[0x5900] len[56591]
02-18 09:28:21.931 V/WLAN_PSA(  326): NL MSG, PID: 326
02-18 09:28:21.991 V/WLAN_PSA(  326): NL MSG, len[4085], NL type[0x1C] WNI type[0x5900] len[56591]
02-18 09:28:21.991 V/WLAN_PSA(  326): NL MSG, PID: 326
02-18 09:28:22.017 V/WLAN_PSA(  326): NL MSG, len[4060], NL type[0x1C] WNI type[0x5900] len[50191]
02-18 09:28:22.017 V/WLAN_PSA(  326): NL MSG, PID: 326
02-18 09:28:22.161 V/WLAN_PSA(  326): NL MSG, len[4010], NL type[0x1C] WNI type[0x5900] len[37391]
02-18 09:28:22.161 V/WLAN_PSA(  326): NL MSG, PID: 326
02-18 09:28:22.491 V/WLAN_PSA(  326): NL MSG, len[4068], NL type[0x1C] WNI type[0x5900] len[52239]
02-18 09:28:22.491 V/WLAN_PSA(  326): NL MSG, PID: 326
02-18 09:28:22.522 V/WLAN_PSA(  326): NL MSG, len[3976], NL type[0x1C] WNI type[0x5900] len[28687]
02-18 09:28:22.522 V/WLAN_PSA(  326): NL MSG, PID: 326
02-18 09:28:22.557 V/WLAN_PSA(  326): NL MSG, len[4051], NL type[0x1C] WNI type[0x5900] len[47887]
02-18 09:28:22.557 V/WLAN_PSA(  326): NL MSG, PID: 326
02-18 09:28:22.596 V/WLAN_PSA(  326): NL MSG, len[4018], NL type[0x1C] WNI type[0x5900] len[39439]
02-18 09:28:22.597 V/WLAN_PSA(  326): NL MSG, PID: 326
02-18 09:28:22.631 V/WLAN_PSA(  326): NL MSG, len[4082], NL type[0x1C] WNI type[0x5900] len[55823]
02-18 09:28:22.631 V/WLAN_PSA(  326): NL MSG, PID: 326
02-18 09:28:22.645 V/WLAN_PSA(  326): NL MSG, len[914], NL type[0x11] WNI type[0x5050] len[894]
02-18 09:28:22.645 V/WLAN_PSA(  326): NL MSG, PID: 326
02-18 09:28:22.645 V/WLAN_PSA(  326): NL MSG, len[4002], NL type[0x1C] WNI type[0x5900] len[35343]
02-18 09:28:22.645 V/WLAN_PSA(  326): NL MSG, PID: 326
02-18 09:28:22.645 V/WLAN_PSA(  326): NL MSG, len[4073], NL type[0x1C] WNI type[0x5900] len[53519]
02-18 09:28:22.645 V/WLAN_PSA(  326): NL MSG, PID: 326
02-18 09:28:22.646 V/WLAN_PSA(  326): NL MSG, len[4041], NL type[0x1C] WNI type[0x5900] len[45327]
02-18 09:28:22.646 V/WLAN_PSA(  326): NL MSG, PID: 326
02-18 09:28:22.646 I/WifiHAL ( 2264): Poll result = 1
02-18 09:28:22.646 I/WifiHAL ( 2264): Found some events!!!
02-18 09:28:22.646 D/WifiHAL ( 2264): no_seq_check received
02-18 09:28:22.646 I/WifiHAL ( 2264): event received NL80211_CMD_NEW_SCAN_RESULTS
02-18 09:28:22.646 I/WifiHAL ( 2264): event received NL80211_CMD_NEW_SCAN_RESULTS, vendor_id = 0x0
02-18 09:28:22.646 I/WifiHAL ( 2264): event ignored!!
02-18 09:28:22.649 V/WLAN_PSA(  326): NL MSG, len[4007], NL type[0x1C] WNI type[0x5900] len[36623]
02-18 09:28:22.649 V/WLAN_PSA(  326): NL MSG, PID: 326
02-18 09:28:22.661 D/LBSSystemMonitorService( 2264): handleMessage what - 4
02-18 09:28:22.661 D/Wiper_jni( 2264): Send Network Location.
02-18 09:28:22.662 E/LocSvc_api_v02( 2264): I/---> locClientSendReq line 2065 QMI_LOC_INJECT_WIFI_POSITION_REQ_V02
02-18 09:28:22.664 E/LocSvc_ApiV02( 2264): I/<--- void globalRespCb(locClientHandleType, uint32_t, locClientRespIndUnionType, void*) line 111 QMI_LOC_INJECT_WIFI_POSITION_REQ_V02
02-18 09:28:22.841 V/WLAN_PSA(  326): NL MSG, len[048], NL type[0x11] WNI type[0x5050] len[028]
02-18 09:28:22.841 V/WLAN_PSA(  326): NL MSG, PID: 326
02-18 09:28:22.841 V/WLAN_PSA(  326): NL MSG, len[048], NL type[0x11] WNI type[0x5050] len[028]
02-18 09:28:22.841 V/WLAN_PSA(  326): NL MSG, PID: 326
02-18 09:28:22.842 V/WLAN_PSA(  326): NL MSG, len[048], NL type[0x11] WNI type[0x5050] len[028]
02-18 09:28:22.842 V/WLAN_PSA(  326): NL MSG, PID: 326
02-18 09:28:23.041 V/WLAN_PSA(  326): NL MSG, len[048], NL type[0x11] WNI type[0x5050] len[028]
02-18 09:28:23.041 V/WLAN_PSA(  326): NL MSG, PID: 326
02-18 09:28:23.411 V/WLAN_PSA(  326): NL MSG, len[048], NL type[0x11] WNI type[0x5050] len[028]
02-18 09:28:23.411 V/WLAN_PSA(  326): NL MSG, PID: 326
02-18 09:28:28.421 V/WLAN_PSA(  326): NL MSG, len[048], NL type[0x11] WNI type[0x5050] len[028]
02-18 09:28:28.421 V/WLAN_PSA(  326): NL MSG, PID: 326
02-18 09:28:33.431 V/WLAN_PSA(  326): NL MSG, len[048], NL type[0x11] WNI type[0x5050] len[028]
02-18 09:28:33.431 V/WLAN_PSA(  326): NL MSG, PID: 326
02-18 09:28:36.433 V/WLAN_PSA(  326): NL MSG, len[048], NL type[0x11] WNI type[0x5050] len[028]
02-18 09:28:36.433 V/WLAN_PSA(  326): NL MSG, PID: 326
02-18 09:28:36.434 I/WifiHAL ( 2264): Poll result = 1
02-18 09:28:36.434 I/WifiHAL ( 2264): Found some events!!!
02-18 09:28:36.434 D/WifiHAL ( 2264): no_seq_check received
02-18 09:28:36.434 I/WifiHAL ( 2264): event received NL80211_CMD_TRIGGER_SCAN
02-18 09:28:36.434 I/WifiHAL ( 2264): event received NL80211_CMD_TRIGGER_SCAN, vendor_id = 0x0
02-18 09:28:36.434 I/WifiHAL ( 2264): event ignored!!
02-18 09:28:36.434 V/WLAN_PSA(  326): NL MSG, len[048], NL type[0x11] WNI type[0x5050] len[028]
02-18 09:28:36.434 V/WLAN_PSA(  326): NL MSG, PID: 326
02-18 09:28:36.434 V/WLAN_PSA(  326): NL MSG, len[3998], NL type[0x1C] WNI type[0x5900] len[34319]
02-18 09:28:36.434 V/WLAN_PSA(  326): NL MSG, PID: 326
02-18 09:28:36.443 V/WLAN_PSA(  326): NL MSG, len[048], NL type[0x11] WNI type[0x5050] len[028]
02-18 09:28:36.443 V/WLAN_PSA(  326): NL MSG, PID: 326
02-18 09:28:36.444 V/WLAN_PSA(  326): NL MSG, len[914], NL type[0x11] WNI type[0x5050] len[894]
02-18 09:28:36.444 V/WLAN_PSA(  326): NL MSG, PID: 326
02-18 09:28:36.444 V/WLAN_PSA(  326): NL MSG, len[048], NL type[0x11] WNI type[0x5050] len[028]
02-18 09:28:36.444 V/WLAN_PSA(  326): NL MSG, PID: 326
02-18 09:28:36.444 V/WLAN_PSA(  326): NL MSG, len[4017], NL type[0x1C] WNI type[0x5900] len[39183]
02-18 09:28:36.444 V/WLAN_PSA(  326): NL MSG, PID: 326
02-18 09:28:36.478 V/WLAN_PSA(  326): NL MSG, len[4087], NL type[0x1C] WNI type[0x5900] len[57103]
02-18 09:28:36.478 V/WLAN_PSA(  326): NL MSG, PID: 326
02-18 09:28:36.531 V/WLAN_PSA(  326): NL MSG, len[4012], NL type[0x1C] WNI type[0x5900] len[37903]
02-18 09:28:36.531 V/WLAN_PSA(  326): NL MSG, PID: 326
02-18 09:28:36.557 V/WLAN_PSA(  326): NL MSG, len[4048], NL type[0x1C] WNI type[0x5900] len[47119]
02-18 09:28:36.557 V/WLAN_PSA(  326): NL MSG, PID: 326
02-18 09:28:36.591 V/WLAN_PSA(  326): NL MSG, len[4036], NL type[0x1C] WNI type[0x5900] len[44047]
02-18 09:28:36.591 V/WLAN_PSA(  326): NL MSG, PID: 326
02-18 09:28:36.636 V/WLAN_PSA(  326): NL MSG, len[4046], NL type[0x1C] WNI type[0x5900] len[46607]
02-18 09:28:36.636 V/WLAN_PSA(  326): NL MSG, PID: 326
02-18 09:28:36.671 V/WLAN_PSA(  326): NL MSG, len[4083], NL type[0x1C] WNI type[0x5900] len[56079]
02-18 09:28:36.671 V/WLAN_PSA(  326): NL MSG, PID: 326
02-18 09:28:36.697 V/WLAN_PSA(  326): NL MSG, len[4024], NL type[0x1C] WNI type[0x5900] len[40975]
02-18 09:28:36.697 V/WLAN_PSA(  326): NL MSG, PID: 326
02-18 09:28:36.751 V/WLAN_PSA(  326): NL MSG, len[4085], NL type[0x1C] WNI type[0x5900] len[56591]
02-18 09:28:36.751 V/WLAN_PSA(  326): NL MSG, PID: 326
02-18 09:28:36.791 V/WLAN_PSA(  326): NL MSG, len[4037], NL type[0x1C] WNI type[0x5900] len[44303]
02-18 09:28:36.791 V/WLAN_PSA(  326): NL MSG, PID: 326
02-18 09:28:36.828 V/WLAN_PSA(  326): NL MSG, len[4088], NL type[0x1C] WNI type[0x5900] len[57359]
02-18 09:28:36.828 V/WLAN_PSA(  326): NL MSG, PID: 326
02-18 09:28:36.867 V/WLAN_PSA(  326): NL MSG, len[4056], NL type[0x1C] WNI type[0x5900] len[49167]
02-18 09:28:36.867 V/WLAN_PSA(  326): NL MSG, PID: 326
02-18 09:28:36.901 V/WLAN_PSA(  326): NL MSG, len[4019], NL type[0x1C] WNI type[0x5900] len[39695]
02-18 09:28:36.902 V/WLAN_PSA(  326): NL MSG, PID: 326
02-18 09:28:36.942 V/WLAN_PSA(  326): NL MSG, len[4018], NL type[0x1C] WNI type[0x5900] len[39439]
02-18 09:28:36.942 V/WLAN_PSA(  326): NL MSG, PID: 326
02-18 09:28:37.276 V/WLAN_PSA(  326): NL MSG, len[4049], NL type[0x1C] WNI type[0x5900] len[47375]
02-18 09:28:37.276 V/WLAN_PSA(  326): NL MSG, PID: 326
02-18 09:28:37.402 V/WLAN_PSA(  326): NL MSG, len[4014], NL type[0x1C] WNI type[0x5900] len[38415]
02-18 09:28:37.402 V/WLAN_PSA(  326): NL MSG, PID: 326
02-18 09:28:37.441 V/WLAN_PSA(  326): NL MSG, len[4040], NL type[0x1C] WNI type[0x5900] len[45071]
02-18 09:28:37.441 V/WLAN_PSA(  326): NL MSG, PID: 326
02-18 09:28:37.481 V/WLAN_PSA(  326): NL MSG, len[3986], NL type[0x1C] WNI type[0x5900] len[31247]
02-18 09:28:37.481 V/WLAN_PSA(  326): NL MSG, PID: 326
02-18 09:28:37.511 V/WLAN_PSA(  326): NL MSG, len[4060], NL type[0x1C] WNI type[0x5900] len[50191]
02-18 09:28:37.511 V/WLAN_PSA(  326): NL MSG, PID: 326
02-18 09:28:37.533 V/WLAN_PSA(  326): NL MSG, len[4042], NL type[0x1C] WNI type[0x5900] len[45583]
02-18 09:28:37.533 V/WLAN_PSA(  326): NL MSG, PID: 326
02-18 09:28:37.535 I/WifiHAL ( 2264): Poll result = 1
02-18 09:28:37.535 I/WifiHAL ( 2264): Found some events!!!
02-18 09:28:37.535 D/WifiHAL ( 2264): no_seq_check received
02-18 09:28:37.535 I/WifiHAL ( 2264): event received NL80211_CMD_NEW_SCAN_RESULTS
02-18 09:28:37.535 I/WifiHAL ( 2264): event received NL80211_CMD_NEW_SCAN_RESULTS, vendor_id = 0x0
02-18 09:28:37.535 I/WifiHAL ( 2264): event ignored!!
02-18 09:28:37.538 V/WLAN_PSA(  326): NL MSG, len[914], NL type[0x11] WNI type[0x5050] len[894]
02-18 09:28:37.538 V/WLAN_PSA(  326): NL MSG, PID: 326
02-18 09:28:37.538 V/WLAN_PSA(  326): NL MSG, len[3997], NL type[0x1C] WNI type[0x5900] len[34063]
02-18 09:28:37.538 V/WLAN_PSA(  326): NL MSG, PID: 326
02-18 09:28:37.538 V/WLAN_PSA(  326): NL MSG, len[4048], NL type[0x1C] WNI type[0x5900] len[47119]
02-18 09:28:37.538 V/WLAN_PSA(  326): NL MSG, PID: 326
02-18 09:28:37.549 D/LBSSystemMonitorService( 2264): handleMessage what - 4
02-18 09:28:37.549 D/Wiper_jni( 2264): Send Network Location.
02-18 09:28:37.549 E/LocSvc_api_v02( 2264): I/---> locClientSendReq line 2065 QMI_LOC_INJECT_WIFI_POSITION_REQ_V02
02-18 09:28:37.551 E/LocSvc_ApiV02( 2264): I/<--- void globalRespCb(locClientHandleType, uint32_t, locClientRespIndUnionType, void*) line 111 QMI_LOC_INJECT_WIFI_POSITION_REQ_V02
02-18 09:28:37.731 V/WLAN_PSA(  326): NL MSG, len[048], NL type[0x11] WNI type[0x5050] len[028]
02-18 09:28:37.731 V/WLAN_PSA(  326): NL MSG, PID: 326
02-18 09:28:37.731 V/WLAN_PSA(  326): NL MSG, len[048], NL type[0x11] WNI type[0x5050] len[028]
02-18 09:28:37.731 V/WLAN_PSA(  326): NL MSG, PID: 326
02-18 09:28:37.732 V/WLAN_PSA(  326): NL MSG, len[048], NL type[0x11] WNI type[0x5050] len[028]
02-18 09:28:37.732 V/WLAN_PSA(  326): NL MSG, PID: 326
02-18 09:28:37.931 V/WLAN_PSA(  326): NL MSG, len[048], NL type[0x11] WNI type[0x5050] len[028]
02-18 09:28:37.931 V/WLAN_PSA(  326): NL MSG, PID: 326
02-18 09:28:38.441 V/WLAN_PSA(  326): NL MSG, len[048], NL type[0x11] WNI type[0x5050] len[028]
02-18 09:28:38.441 V/WLAN_PSA(  326): NL MSG, PID: 326
02-18 09:28:43.451 V/WLAN_PSA(  326): NL MSG, len[048], NL type[0x11] WNI type[0x5050] len[028]
02-18 09:28:43.451 V/WLAN_PSA(  326): NL MSG, PID: 326
02-18 09:28:43.451 V/WLAN_PSA(  326): NL MSG, len[4052], NL type[0x1C] WNI type[0x5900] len[48143]
02-18 09:28:43.451 V/WLAN_PSA(  326): NL MSG, PID: 326
02-18 09:28:44.685 I/art     ( 2264): Background partial concurrent mark sweep GC freed 186177(9MB) AllocSpace objects, 7(1956KB) LOS objects, 44% free, 15MB/27MB, paused 2.138ms total 157.922ms
02-18 09:28:48.461 V/WLAN_PSA(  326): NL MSG, len[048], NL type[0x11] WNI type[0x5050] len[028]
02-18 09:28:48.461 V/WLAN_PSA(  326): NL MSG, PID: 326
02-18 09:28:51.447 V/WLAN_PSA(  326): NL MSG, len[048], NL type[0x11] WNI type[0x5050] len[028]
02-18 09:28:51.447 V/WLAN_PSA(  326): NL MSG, PID: 326
02-18 09:28:51.447 I/WifiHAL ( 2264): Poll result = 1
02-18 09:28:51.447 I/WifiHAL ( 2264): Found some events!!!
02-18 09:28:51.447 D/WifiHAL ( 2264): no_seq_check received
02-18 09:28:51.447 I/WifiHAL ( 2264): event received NL80211_CMD_TRIGGER_SCAN
02-18 09:28:51.447 I/WifiHAL ( 2264): event received NL80211_CMD_TRIGGER_SCAN, vendor_id = 0x0
02-18 09:28:51.447 I/WifiHAL ( 2264): event ignored!!
02-18 09:28:51.448 V/WLAN_PSA(  326): NL MSG, len[048], NL type[0x11] WNI type[0x5050] len[028]
02-18 09:28:51.448 V/WLAN_PSA(  326): NL MSG, PID: 326
02-18 09:28:51.458 V/WLAN_PSA(  326): NL MSG, len[048], NL type[0x11] WNI type[0x5050] len[028]
02-18 09:28:51.458 V/WLAN_PSA(  326): NL MSG, PID: 326
02-18 09:28:51.458 V/WLAN_PSA(  326): NL MSG, len[914], NL type[0x11] WNI type[0x5050] len[894]
02-18 09:28:51.458 V/WLAN_PSA(  326): NL MSG, PID: 326
02-18 09:28:51.458 V/WLAN_PSA(  326): NL MSG, len[048], NL type[0x11] WNI type[0x5050] len[028]
02-18 09:28:51.458 V/WLAN_PSA(  326): NL MSG, PID: 326
02-18 09:28:51.458 V/WLAN_PSA(  326): NL MSG, len[3945], NL type[0x1C] WNI type[0x5900] len[20751]
02-18 09:28:51.458 V/WLAN_PSA(  326): NL MSG, PID: 326
02-18 09:28:51.471 V/WLAN_PSA(  326): NL MSG, len[4066], NL type[0x1C] WNI type[0x5900] len[51727]
02-18 09:28:51.471 V/WLAN_PSA(  326): NL MSG, PID: 326
02-18 09:28:51.507 V/WLAN_PSA(  326): NL MSG, len[4080], NL type[0x1C] WNI type[0x5900] len[55311]
02-18 09:28:51.508 V/WLAN_PSA(  326): NL MSG, PID: 326
02-18 09:28:51.542 V/WLAN_PSA(  326): NL MSG, len[4036], NL type[0x1C] WNI type[0x5900] len[44047]
02-18 09:28:51.542 V/WLAN_PSA(  326): NL MSG, PID: 326
