02-18 09:23:07.531 V/WLAN_PSA(  326): NL MSG, PID: 326
02-18 09:23:07.531 V/WLAN_PSA(  326): NL MSG, len[4089], NL type[0x1C] WNI type[0x5900] len[57615]
02-18 09:23:07.531 V/WLAN_PSA(  326): NL MSG, PID: 326
02-18 09:23:07.532 V/WLAN_PSA(  326): NL MSG, len[048], NL type[0x11] WNI type[0x5050] len[028]
02-18 09:23:07.532 V/WLAN_PSA(  326): NL MSG, PID: 326
02-18 09:23:07.731 V/WLAN_PSA(  326): NL MSG, len[048], NL type[0x11] WNI type[0x5050] len[028]
02-18 09:23:07.731 V/WLAN_PSA(  326): NL MSG, PID: 326
02-18 09:23:07.781 V/WLAN_PSA(  326): NL MSG, len[048], NL type[0x11] WNI type[0x5050] len[028]
02-18 09:23:07.781 V/WLAN_PSA(  326): NL MSG, PID: 326
02-18 09:23:12.791 V/WLAN_PSA(  326): NL MSG, len[048], NL type[0x11] WNI type[0x5050] len[028]
02-18 09:23:12.791 V/WLAN_PSA(  326): NL MSG, PID: 326
02-18 09:23:17.574 I/MSM-irqbalance(  504): Decided to move IRQ104 from CPU7 to CPU6
02-18 09:23:17.801 V/WLAN_PSA(  326): NL MSG, len[048], NL type[0x11] WNI type[0x5050] len[028]
02-18 09:23:17.801 V/WLAN_PSA(  326): NL MSG, PID: 326
02-18 09:23:21.164 V/WLAN_PSA(  326): NL MSG, len[048], NL type[0x11] WNI type[0x5050] len[028]
02-18 09:23:21.164 V/WLAN_PSA(  326): NL MSG, PID: 326
02-18 09:23:21.164 I/WifiHAL ( 2264): Poll result = 1
02-18 09:23:21.164 I/WifiHAL ( 2264): Found some events!!!
02-18 09:23:21.164 D/WifiHAL ( 2264): no_seq_check received
02-18 09:23:21.164 I/WifiHAL ( 2264): event received NL80211_CMD_TRIGGER_SCAN
02-18 09:23:21.164 I/WifiHAL ( 2264): event received NL80211_CMD_TRIGGER_SCAN, vendor_id = 0x0
02-18 09:23:21.164 I/WifiHAL ( 2264): event ignored!!
02-18 09:23:21.164 V/WLAN_PSA(  326): NL MSG, len[048], NL type[0x11] WNI type[0x5050] len[028]
02-18 09:23:21.164 V/WLAN_PSA(  326): NL MSG, PID: 326
02-18 09:23:21.174 V/WLAN_PSA(  326): NL MSG, len[048], NL type[0x11] WNI type[0x5050] len[028]
02-18 09:23:21.174 V/WLAN_PSA(  326): NL MSG, PID: 326
02-18 09:23:21.174 V/WLAN_PSA(  326): NL MSG, len[3972], NL type[0x1C] WNI type[0x5900] len[27663]
02-18 09:23:21.174 V/WLAN_PSA(  326): NL MSG, PID: 326
02-18 09:23:21.174 V/WLAN_PSA(  326): NL MSG, len[914], NL type[0x11] WNI type[0x5050] len[894]
02-18 09:23:21.174 V/WLAN_PSA(  326): NL MSG, PID: 326
02-18 09:23:21.174 V/WLAN_PSA(  326): NL MSG, len[048], NL type[0x11] WNI type[0x5050] len[028]
02-18 09:23:21.174 V/WLAN_PSA(  326): NL MSG, PID: 326
02-18 09:23:21.180 V/WLAN_PSA(  326): NL MSG, len[4094], NL type[0x1C] WNI type[0x5900] len[58895]
02-18 09:23:21.180 V/WLAN_PSA(  326): NL MSG, PID: 326
02-18 09:23:21.222 V/WLAN_PSA(  326): NL MSG, len[4047], NL type[0x1C] WNI type[0x5900] len[46863]
02-18 09:23:21.222 V/WLAN_PSA(  326): NL MSG, PID: 326
02-18 09:23:21.251 V/WLAN_PSA(  326): NL MSG, len[4025], NL type[0x1C] WNI type[0x5900] len[41231]
02-18 09:23:21.251 V/WLAN_PSA(  326): NL MSG, PID: 326
02-18 09:23:21.311 V/WLAN_PSA(  326): NL MSG, len[4037], NL type[0x1C] WNI type[0x5900] len[44303]
02-18 09:23:21.311 V/WLAN_PSA(  326): NL MSG, PID: 326
02-18 09:23:21.347 V/WLAN_PSA(  326): NL MSG, len[4045], NL type[0x1C] WNI type[0x5900] len[46351]
02-18 09:23:21.347 V/WLAN_PSA(  326): NL MSG, PID: 326
02-18 09:23:21.387 V/WLAN_PSA(  326): NL MSG, len[4010], NL type[0x1C] WNI type[0x5900] len[37391]
02-18 09:23:21.387 V/WLAN_PSA(  326): NL MSG, PID: 326
02-18 09:23:21.422 V/WLAN_PSA(  326): NL MSG, len[4036], NL type[0x1C] WNI type[0x5900] len[44047]
02-18 09:23:21.422 V/WLAN_PSA(  326): NL MSG, PID: 326
02-18 09:23:21.451 V/WLAN_PSA(  326): NL MSG, len[4046], NL type[0x1C] WNI type[0x5900] len[46607]
02-18 09:23:21.451 V/WLAN_PSA(  326): NL MSG, PID: 326
02-18 09:23:21.511 V/WLAN_PSA(  326): NL MSG, len[4091], NL type[0x1C] WNI type[0x5900] len[58127]
02-18 09:23:21.511 V/WLAN_PSA(  326): NL MSG, PID: 326
02-18 09:23:21.562 V/WLAN_PSA(  326): NL MSG, len[4036], NL type[0x1C] WNI type[0x5900] len[44047]
02-18 09:23:21.562 V/WLAN_PSA(  326): NL MSG, PID: 326
02-18 09:23:21.602 V/WLAN_PSA(  326): NL MSG, len[4013], NL type[0x1C] WNI type[0x5900] len[38159]
02-18 09:23:21.602 V/WLAN_PSA(  326): NL MSG, PID: 326
02-18 09:23:21.642 V/WLAN_PSA(  326): NL MSG, len[4018], NL type[0x1C] WNI type[0x5900] len[39439]
02-18 09:23:21.642 V/WLAN_PSA(  326): NL MSG, PID: 326
02-18 09:23:21.672 V/WLAN_PSA(  326): NL MSG, len[4049], NL type[0x1C] WNI type[0x5900] len[47375]
02-18 09:23:21.672 V/WLAN_PSA(  326): NL MSG, PID: 326
02-18 09:23:21.721 V/WLAN_PSA(  326): NL MSG, len[3965], NL type[0x1C] WNI type[0x5900] len[25871]
02-18 09:23:21.722 V/WLAN_PSA(  326): NL MSG, PID: 326
02-18 09:23:22.052 V/WLAN_PSA(  326): NL MSG, len[4012], NL type[0x1C] WNI type[0x5900] len[37903]
02-18 09:23:22.052 V/WLAN_PSA(  326): NL MSG, PID: 326
02-18 09:23:22.191 V/WLAN_PSA(  326): NL MSG, len[4042], NL type[0x1C] WNI type[0x5900] len[45583]
02-18 09:23:22.191 V/WLAN_PSA(  326): NL MSG, PID: 326
02-18 09:23:22.227 V/WLAN_PSA(  326): NL MSG, len[4092], NL type[0x1C] WNI type[0x5900] len[58383]
02-18 09:23:22.227 V/WLAN_PSA(  326): NL MSG, PID: 326
02-18 09:23:22.267 V/WLAN_PSA(  326): NL MSG, len[4022], NL type[0x1C] WNI type[0x5900] len[40463]
02-18 09:23:22.268 V/WLAN_PSA(  326): NL MSG, PID: 326
02-18 09:23:22.291 V/WLAN_PSA(  326): NL MSG, len[4064], NL type[0x1C] WNI type[0x5900] len[51215]
02-18 09:23:22.291 V/WLAN_PSA(  326): NL MSG, PID: 326
02-18 09:23:22.315 V/WLAN_PSA(  326): NL MSG, len[914], NL type[0x11] WNI type[0x5050] len[894]
02-18 09:23:22.315 V/WLAN_PSA(  326): NL MSG, PID: 326
02-18 09:23:22.315 I/WifiHAL ( 2264): Poll result = 1
02-18 09:23:22.315 I/WifiHAL ( 2264): Found some events!!!
02-18 09:23:22.315 D/WifiHAL ( 2264): no_seq_check received
02-18 09:23:22.315 I/WifiHAL ( 2264): event received NL80211_CMD_NEW_SCAN_RESULTS
02-18 09:23:22.315 I/WifiHAL ( 2264): event received NL80211_CMD_NEW_SCAN_RESULTS, vendor_id = 0x0
02-18 09:23:22.315 I/WifiHAL ( 2264): event ignored!!
02-18 09:23:22.315 V/WLAN_PSA(  326): NL MSG, len[4055], NL type[0x1C] WNI type[0x5900] len[48911]
02-18 09:23:22.315 V/WLAN_PSA(  326): NL MSG, PID: 326
02-18 09:23:22.315 V/WLAN_PSA(  326): NL MSG, len[4056], NL type[0x1C] WNI type[0x5900] len[49167]
02-18 09:23:22.315 V/WLAN_PSA(  326): NL MSG, PID: 326
02-18 09:23:22.315 V/WLAN_PSA(  326): NL MSG, len[4015], NL type[0x1C] WNI type[0x5900] len[38671]
02-18 09:23:22.315 V/WLAN_PSA(  326): NL MSG, PID: 326
02-18 09:23:22.315 V/WLAN_PSA(  326): NL MSG, len[4042], NL type[0x1C] WNI type[0x5900] len[45583]
02-18 09:23:22.315 V/WLAN_PSA(  326): NL MSG, PID: 326
02-18 09:23:22.329 D/LBSSystemMonitorService( 2264): handleMessage what - 4
02-18 09:23:22.329 D/Wiper_jni( 2264): Send Network Location.
02-18 09:23:22.329 E/LocSvc_api_v02( 2264): I/---> locClientSendReq line 2065 QMI_LOC_INJECT_WIFI_POSITION_REQ_V02
02-18 09:23:22.332 E/LocSvc_ApiV02( 2264): I/<--- void globalRespCb(locClientHandleType, uint32_t, locClientRespIndUnionType, void*) line 111 QMI_LOC_INJECT_WIFI_POSITION_REQ_V02
02-18 09:23:22.511 V/WLAN_PSA(  326): NL MSG, len[048], NL type[0x11] WNI type[0x5050] len[028]
02-18 09:23:22.511 V/WLAN_PSA(  326): NL MSG, PID: 326
02-18 09:23:22.511 V/WLAN_PSA(  326): NL MSG, len[048], NL type[0x11] WNI type[0x5050] len[028]
02-18 09:23:22.511 V/WLAN_PSA(  326): NL MSG, PID: 326
02-18 09:23:22.513 V/WLAN_PSA(  326): NL MSG, len[048], NL type[0x11] WNI type[0x5050] len[028]
02-18 09:23:22.513 V/WLAN_PSA(  326): NL MSG, PID: 326
02-18 09:23:22.711 V/WLAN_PSA(  326): NL MSG, len[048], NL type[0x11] WNI type[0x5050] len[028]
02-18 09:23:22.711 V/WLAN_PSA(  326): NL MSG, PID: 326
02-18 09:23:22.811 V/WLAN_PSA(  326): NL MSG, len[048], NL type[0x11] WNI type[0x5050] len[028]
02-18 09:23:22.811 V/WLAN_PSA(  326): NL MSG, PID: 326
02-18 09:23:27.821 V/WLAN_PSA(  326): NL MSG, len[048], NL type[0x11] WNI type[0x5050] len[028]
02-18 09:23:27.821 V/WLAN_PSA(  326): NL MSG, PID: 326
02-18 09:23:32.831 V/WLAN_PSA(  326): NL MSG, len[048], NL type[0x11] WNI type[0x5050] len[028]
02-18 09:23:32.831 V/WLAN_PSA(  326): NL MSG, PID: 326
02-18 09:23:36.178 V/WLAN_PSA(  326): NL MSG, len[048], NL type[0x11] WNI type[0x5050] len[028]
02-18 09:23:36.178 V/WLAN_PSA(  326): NL MSG, PID: 326
02-18 09:23:36.178 V/WLAN_PSA(  326): NL MSG, len[4029], NL type[0x1C] WNI type[0x5900] len[42255]
02-18 09:23:36.178 V/WLAN_PSA(  326): NL MSG, PID: 326
02-18 09:23:36.178 I/WifiHAL ( 2264): Poll result = 1
02-18 09:23:36.178 I/WifiHAL ( 2264): Found some events!!!
02-18 09:23:36.178 D/WifiHAL ( 2264): no_seq_check received
02-18 09:23:36.178 I/WifiHAL ( 2264): event received NL80211_CMD_TRIGGER_SCAN
02-18 09:23:36.178 I/WifiHAL ( 2264): event received NL80211_CMD_TRIGGER_SCAN, vendor_id = 0x0
02-18 09:23:36.178 I/WifiHAL ( 2264): event ignored!!
02-18 09:23:36.179 V/WLAN_PSA(  326): NL MSG, len[048], NL type[0x11] WNI type[0x5050] len[028]
02-18 09:23:36.179 V/WLAN_PSA(  326): NL MSG, PID: 326
02-18 09:23:36.188 V/WLAN_PSA(  326): NL MSG, len[048], NL type[0x11] WNI type[0x5050] len[028]
02-18 09:23:36.188 V/WLAN_PSA(  326): NL MSG, PID: 326
02-18 09:23:36.188 V/WLAN_PSA(  326): NL MSG, len[914], NL type[0x11] WNI type[0x5050] len[894]
02-18 09:23:36.188 V/WLAN_PSA(  326): NL MSG, PID: 326
02-18 09:23:36.188 V/WLAN_PSA(  326): NL MSG, len[048], NL type[0x11] WNI type[0x5050] len[028]
02-18 09:23:36.188 V/WLAN_PSA(  326): NL MSG, PID: 326
02-18 09:23:36.188 V/WLAN_PSA(  326): NL MSG, len[4065], NL type[0x1C] WNI type[0x5900] len[51471]
02-18 09:23:36.188 V/WLAN_PSA(  326): NL MSG, PID: 326
02-18 09:23:36.221 V/WLAN_PSA(  326): NL MSG, len[4003], NL type[0x1C] WNI type[0x5900] len[35599]
02-18 09:23:36.221 V/WLAN_PSA(  326): NL MSG, PID: 326
02-18 09:23:36.261 V/WLAN_PSA(  326): NL MSG, len[4039], NL type[0x1C] WNI type[0x5900] len[44815]
02-18 09:23:36.261 V/WLAN_PSA(  326): NL MSG, PID: 326
02-18 09:23:36.315 V/WLAN_PSA(  326): NL MSG, len[4037], NL type[0x1C] WNI type[0x5900] len[44303]
02-18 09:23:36.315 V/WLAN_PSA(  326): NL MSG, PID: 326
02-18 09:23:36.357 V/WLAN_PSA(  326): NL MSG, len[4035], NL type[0x1C] WNI type[0x5900] len[43791]
02-18 09:23:36.357 V/WLAN_PSA(  326): NL MSG, PID: 326
02-18 09:23:36.401 V/WLAN_PSA(  326): NL MSG, len[4022], NL type[0x1C] WNI type[0x5900] len[40463]
02-18 09:23:36.401 V/WLAN_PSA(  326): NL MSG, PID: 326
02-18 09:23:36.452 V/WLAN_PSA(  326): NL MSG, len[4079], NL type[0x1C] WNI type[0x5900] len[55055]
02-18 09:23:36.452 V/WLAN_PSA(  326): NL MSG, PID: 326
02-18 09:23:36.481 V/WLAN_PSA(  326): NL MSG, len[3986], NL type[0x1C] WNI type[0x5900] len[31247]
02-18 09:23:36.481 V/WLAN_PSA(  326): NL MSG, PID: 326
02-18 09:23:36.518 V/WLAN_PSA(  326): NL MSG, len[4061], NL type[0x1C] WNI type[0x5900] len[50447]
02-18 09:23:36.518 V/WLAN_PSA(  326): NL MSG, PID: 326
02-18 09:23:36.561 V/WLAN_PSA(  326): NL MSG, len[3968], NL type[0x1C] WNI type[0x5900] len[26639]
02-18 09:23:36.561 V/WLAN_PSA(  326): NL MSG, PID: 326
02-18 09:23:36.608 V/WLAN_PSA(  326): NL MSG, len[3993], NL type[0x1C] WNI type[0x5900] len[33039]
02-18 09:23:36.608 V/WLAN_PSA(  326): NL MSG, PID: 326
02-18 09:23:36.641 V/WLAN_PSA(  326): NL MSG, len[4089], NL type[0x1C] WNI type[0x5900] len[57615]
02-18 09:23:36.641 V/WLAN_PSA(  326): NL MSG, PID: 326
02-18 09:23:36.692 V/WLAN_PSA(  326): NL MSG, len[4062], NL type[0x1C] WNI type[0x5900] len[50703]
02-18 09:23:36.692 V/WLAN_PSA(  326): NL MSG, PID: 326
02-18 09:23:36.731 V/WLAN_PSA(  326): NL MSG, len[4086], NL type[0x1C] WNI type[0x5900] len[56847]
02-18 09:23:36.731 V/WLAN_PSA(  326): NL MSG, PID: 326
02-18 09:23:36.761 V/WLAN_PSA(  326): NL MSG, len[4076], NL type[0x1C] WNI type[0x5900] len[54287]
02-18 09:23:36.761 V/WLAN_PSA(  326): NL MSG, PID: 326
02-18 09:23:37.011 V/WLAN_PSA(  326): NL MSG, len[4045], NL type[0x1C] WNI type[0x5900] len[46351]
02-18 09:23:37.011 V/WLAN_PSA(  326): NL MSG, PID: 326
02-18 09:23:37.237 V/WLAN_PSA(  326): NL MSG, len[4063], NL type[0x1C] WNI type[0x5900] len[50959]
02-18 09:23:37.237 V/WLAN_PSA(  326): NL MSG, PID: 326
02-18 09:23:37.272 V/WLAN_PSA(  326): NL MSG, len[4007], NL type[0x1C] WNI type[0x5900] len[36623]
02-18 09:23:37.272 V/WLAN_PSA(  326): NL MSG, PID: 326
02-18 09:23:37.311 V/WLAN_PSA(  326): NL MSG, len[4034], NL type[0x1C] WNI type[0x5900] len[43535]
02-18 09:23:37.311 V/WLAN_PSA(  326): NL MSG, PID: 326
02-18 09:23:37.361 V/WLAN_PSA(  326): NL MSG, len[3986], NL type[0x1C] WNI type[0x5900] len[31247]
02-18 09:23:37.361 V/WLAN_PSA(  326): NL MSG, PID: 326
02-18 09:23:37.392 V/WLAN_PSA(  326): NL MSG, len[4037], NL type[0x1C] WNI type[0x5900] len[44303]
02-18 09:23:37.392 V/WLAN_PSA(  326): NL MSG, PID: 326
02-18 09:23:37.393 V/WLAN_PSA(  326): NL MSG, len[3995], NL type[0x1C] WNI type[0x5900] len[33551]
02-18 09:23:37.393 V/WLAN_PSA(  326): NL MSG, PID: 326
02-18 09:23:37.395 V/WLAN_PSA(  326): NL MSG, len[914], NL type[0x11] WNI type[0x5050] len[894]
02-18 09:23:37.395 V/WLAN_PSA(  326): NL MSG, PID: 326
02-18 09:23:37.395 V/WLAN_PSA(  326): NL MSG, len[3996], NL type[0x1C] WNI type[0x5900] len[33807]
02-18 09:23:37.395 V/WLAN_PSA(  326): NL MSG, PID: 326
02-18 09:23:37.396 V/WLAN_PSA(  326): NL MSG, len[4040], NL type[0x1C] WNI type[0x5900] len[45071]
02-18 09:23:37.396 V/WLAN_PSA(  326): NL MSG, PID: 326
02-18 09:23:37.396 I/WifiHAL ( 2264): Poll result = 1
02-18 09:23:37.396 I/WifiHAL ( 2264): Found some events!!!
02-18 09:23:37.398 D/WifiHAL ( 2264): no_seq_check received
02-18 09:23:37.398 I/WifiHAL ( 2264): event received NL80211_CMD_NEW_SCAN_RESULTS
02-18 09:23:37.398 I/WifiHAL ( 2264): event received NL80211_CMD_NEW_SCAN_RESULTS, vendor_id = 0x0
02-18 09:23:37.398 I/WifiHAL ( 2264): event ignored!!
02-18 09:23:37.417 D/LBSSystemMonitorService( 2264): handleMessage what - 4
02-18 09:23:37.417 D/Wiper_jni( 2264): Send Network Location.
02-18 09:23:37.417 E/LocSvc_api_v02( 2264): I/---> locClientSendReq line 2065 QMI_LOC_INJECT_WIFI_POSITION_REQ_V02
02-18 09:23:37.420 E/LocSvc_ApiV02( 2264): I/<--- void globalRespCb(locClientHandleType, uint32_t, locClientRespIndUnionType, void*) line 111 QMI_LOC_INJECT_WIFI_POSITION_REQ_V02
02-18 09:23:37.601 V/WLAN_PSA(  326): NL MSG, len[048], NL type[0x11] WNI type[0x5050] len[028]
02-18 09:23:37.601 V/WLAN_PSA(  326): NL MSG, PID: 326
02-18 09:23:37.601 V/WLAN_PSA(  326): NL MSG, len[048], NL type[0x11] WNI type[0x5050] len[028]
02-18 09:23:37.601 V/WLAN_PSA(  326): NL MSG, PID: 326
02-18 09:23:37.601 V/WLAN_PSA(  326): NL MSG, len[4089], NL type[0x1C] WNI type[0x5900] len[57615]
02-18 09:23:37.601 V/WLAN_PSA(  326): NL MSG, PID: 326
02-18 09:23:37.602 V/WLAN_PSA(  326): NL MSG, len[048], NL type[0x11] WNI type[0x5050] len[028]
02-18 09:23:37.602 V/WLAN_PSA(  326): NL MSG, PID: 326
02-18 09:23:37.801 V/WLAN_PSA(  326): NL MSG, len[048], NL type[0x11] WNI type[0x5050] len[028]
02-18 09:23:37.801 V/WLAN_PSA(  326): NL MSG, PID: 326
02-18 09:23:37.841 V/WLAN_PSA(  326): NL MSG, len[048], NL type[0x11] WNI type[0x5050] len[028]
02-18 09:23:37.841 V/WLAN_PSA(  326): NL MSG, PID: 326
02-18 09:23:42.851 V/WLAN_PSA(  326): NL MSG, len[048], NL type[0x11] WNI type[0x5050] len[028]
02-18 09:23:42.851 V/WLAN_PSA(  326): NL MSG, PID: 326
02-18 09:23:47.861 V/WLAN_PSA(  326): NL MSG, len[048], NL type[0x11] WNI type[0x5050] len[028]
02-18 09:23:47.861 V/WLAN_PSA(  326): NL MSG, PID: 326
02-18 09:23:51.188 V/WLAN_PSA(  326): NL MSG, len[048], NL type[0x11] WNI type[0x5050] len[028]
02-18 09:23:51.188 V/WLAN_PSA(  326): NL MSG, PID: 326
02-18 09:23:51.188 I/WifiHAL ( 2264): Poll result = 1
02-18 09:23:51.188 I/WifiHAL ( 2264): Found some events!!!
02-18 09:23:51.188 D/WifiHAL ( 2264): no_seq_check received
02-18 09:23:51.188 I/WifiHAL ( 2264): event received NL80211_CMD_TRIGGER_SCAN
02-18 09:23:51.188 I/WifiHAL ( 2264): event received NL80211_CMD_TRIGGER_SCAN, vendor_id = 0x0
02-18 09:23:51.188 I/WifiHAL ( 2264): event ignored!!
02-18 09:23:51.188 V/WLAN_PSA(  326): NL MSG, len[048], NL type[0x11] WNI type[0x5050] len[028]
02-18 09:23:51.188 V/WLAN_PSA(  326): NL MSG, PID: 326
02-18 09:23:51.197 V/WLAN_PSA(  326): NL MSG, len[048], NL type[0x11] WNI type[0x5050] len[028]
02-18 09:23:51.197 V/WLAN_PSA(  326): NL MSG, PID: 326
02-18 09:23:51.198 V/WLAN_PSA(  326): NL MSG, len[914], NL type[0x11] WNI type[0x5050] len[894]
02-18 09:23:51.198 V/WLAN_PSA(  326): NL MSG, PID: 326
02-18 09:23:51.198 V/WLAN_PSA(  326): NL MSG, len[3972], NL type[0x1C] WNI type[0x5900] len[27663]
02-18 09:23:51.198 V/WLAN_PSA(  326): NL MSG, PID: 326
02-18 09:23:51.198 V/WLAN_PSA(  326): NL MSG, len[048], NL type[0x11] WNI type[0x5050] len[028]
02-18 09:23:51.198 V/WLAN_PSA(  326): NL MSG, PID: 326
02-18 09:23:51.203 V/WLAN_PSA(  326): NL MSG, len[4094], NL type[0x1C] WNI type[0x5900] len[58895]
02-18 09:23:51.203 V/WLAN_PSA(  326): NL MSG, PID: 326
02-18 09:23:51.241 V/WLAN_PSA(  326): NL MSG, len[4021], NL type[0x1C] WNI type[0x5900] len[40207]
02-18 09:23:51.241 V/WLAN_PSA(  326): NL MSG, PID: 326
02-18 09:23:51.271 V/WLAN_PSA(  326): NL MSG, len[4029], NL type[0x1C] WNI type[0x5900] len[42255]
02-18 09:23:51.271 V/WLAN_PSA(  326): NL MSG, PID: 326
02-18 09:23:51.301 V/WLAN_PSA(  326): NL MSG, len[4079], NL type[0x1C] WNI type[0x5900] len[55055]
02-18 09:23:51.302 V/WLAN_PSA(  326): NL MSG, PID: 326
02-18 09:23:51.331 V/WLAN_PSA(  326): NL MSG, len[3998], NL type[0x1C] WNI type[0x5900] len[34319]
02-18 09:23:51.331 V/WLAN_PSA(  326): NL MSG, PID: 326
02-18 09:23:51.366 V/WLAN_PSA(  326): NL MSG, len[4046], NL type[0x1C] WNI type[0x5900] len[46607]
02-18 09:23:51.366 V/WLAN_PSA(  326): NL MSG, PID: 326
02-18 09:23:51.402 V/WLAN_PSA(  326): NL MSG, len[4040], NL type[0x1C] WNI type[0x5900] len[45071]
02-18 09:23:51.402 V/WLAN_PSA(  326): NL MSG, PID: 326
02-18 09:23:51.441 V/WLAN_PSA(  326): NL MSG, len[4025], NL type[0x1C] WNI type[0x5900] len[41231]
02-18 09:23:51.441 V/WLAN_PSA(  326): NL MSG, PID: 326
02-18 09:23:51.473 V/WLAN_PSA(  326): NL MSG, len[4017], NL type[0x1C] WNI type[0x5900] len[39183]
02-18 09:23:51.473 V/WLAN_PSA(  326): NL MSG, PID: 326
02-18 09:23:51.511 V/WLAN_PSA(  326): NL MSG, len[4029], NL type[0x1C] WNI type[0x5900] len[42255]
02-18 09:23:51.512 V/WLAN_PSA(  326): NL MSG, PID: 326
02-18 09:23:51.566 V/WLAN_PSA(  326): NL MSG, len[4015], NL type[0x1C] WNI type[0x5900] len[38671]
02-18 09:23:51.566 V/WLAN_PSA(  326): NL MSG, PID: 326
02-18 09:23:51.608 V/WLAN_PSA(  326): NL MSG, len[4073], NL type[0x1C] WNI type[0x5900] len[53519]
02-18 09:23:51.608 V/WLAN_PSA(  326): NL MSG, PID: 326
02-18 09:23:51.646 V/WLAN_PSA(  326): NL MSG, len[4014], NL type[0x1C] WNI type[0x5900] len[38415]
02-18 09:23:51.646 V/WLAN_PSA(  326): NL MSG, PID: 326
02-18 09:23:51.681 V/WLAN_PSA(  326): NL MSG, len[4019], NL type[0x1C] WNI type[0x5900] len[39695]
02-18 09:23:51.681 V/WLAN_PSA(  326): NL MSG, PID: 326
02-18 09:23:51.721 V/WLAN_PSA(  326): NL MSG, len[4018], NL type[0x1C] WNI type[0x5900] len[39439]
02-18 09:23:51.721 V/WLAN_PSA(  326): NL MSG, PID: 326
02-18 09:23:52.056 V/WLAN_PSA(  326): NL MSG, len[4049], NL type[0x1C] WNI type[0x5900] len[47375]
02-18 09:23:52.056 V/WLAN_PSA(  326): NL MSG, PID: 326
02-18 09:23:52.191 V/WLAN_PSA(  326): NL MSG, len[4006], NL type[0x1C] WNI type[0x5900] len[36367]
02-18 09:23:52.191 V/WLAN_PSA(  326): NL MSG, PID: 326
02-18 09:23:52.221 V/WLAN_PSA(  326): NL MSG, len[4004], NL type[0x1C] WNI type[0x5900] len[35855]
02-18 09:23:52.221 V/WLAN_PSA(  326): NL MSG, PID: 326
02-18 09:23:52.261 V/WLAN_PSA(  326): NL MSG, len[4022], NL type[0x1C] WNI type[0x5900] len[40463]
02-18 09:23:52.261 V/WLAN_PSA(  326): NL MSG, PID: 326
02-18 09:23:52.291 V/WLAN_PSA(  326): NL MSG, len[4060], NL type[0x1C] WNI type[0x5900] len[50191]
02-18 09:23:52.291 V/WLAN_PSA(  326): NL MSG, PID: 326
02-18 09:23:52.312 V/WLAN_PSA(  326): NL MSG, len[4055], NL type[0x1C] WNI type[0x5900] len[48911]
02-18 09:23:52.312 V/WLAN_PSA(  326): NL MSG, PID: 326
02-18 09:23:52.314 V/WLAN_PSA(  326): NL MSG, len[4066], NL type[0x1C] WNI type[0x5900] len[51727]
02-18 09:23:52.314 V/WLAN_PSA(  326): NL MSG, PID: 326
02-18 09:23:52.314 V/WLAN_PSA(  326): NL MSG, len[914], NL type[0x11] WNI type[0x5050] len[894]
02-18 09:23:52.314 V/WLAN_PSA(  326): NL MSG, PID: 326
02-18 09:23:52.315 V/WLAN_PSA(  326): NL MSG, len[3987], NL type[0x1C] WNI type[0x5900] len[31503]
02-18 09:23:52.315 V/WLAN_PSA(  326): NL MSG, PID: 326
02-18 09:23:52.315 I/WifiHAL ( 2264): Poll result = 1
02-18 09:23:52.315 I/WifiHAL ( 2264): Found some events!!!
02-18 09:23:52.315 D/WifiHAL ( 2264): no_seq_check received
02-18 09:23:52.315 I/WifiHAL ( 2264): event received NL80211_CMD_NEW_SCAN_RESULTS
02-18 09:23:52.315 I/WifiHAL ( 2264): event received NL80211_CMD_NEW_SCAN_RESULTS, vendor_id = 0x0
02-18 09:23:52.315 I/WifiHAL ( 2264): event ignored!!
02-18 09:23:52.316 V/WLAN_PSA(  326): NL MSG, len[4037], NL type[0x1C] WNI type[0x5900] len[44303]
02-18 09:23:52.316 V/WLAN_PSA(  326): NL MSG, PID: 326
02-18 09:23:52.329 D/LBSSystemMonitorService( 2264): handleMessage what - 4
02-18 09:23:52.329 D/Wiper_jni( 2264): Send Network Location.
02-18 09:23:52.329 E/LocSvc_api_v02( 2264): I/---> locClientSendReq line 2065 QMI_LOC_INJECT_WIFI_POSITION_REQ_V02
02-18 09:23:52.332 E/LocSvc_ApiV02( 2264): I/<--- void globalRespCb(locClientHandleType, uint32_t, locClientRespIndUnionType, void*) line 111 QMI_LOC_INJECT_WIFI_POSITION_REQ_V02
02-18 09:23:52.511 V/WLAN_PSA(  326): NL MSG, len[048], NL type[0x11] WNI type[0x5050] len[028]
02-18 09:23:52.511 V/WLAN_PSA(  326): NL MSG, PID: 326
02-18 09:23:52.511 V/WLAN_PSA(  326): NL MSG, len[048], NL type[0x11] WNI type[0x5050] len[028]
02-18 09:23:52.511 V/WLAN_PSA(  326): NL MSG, PID: 326
02-18 09:23:52.512 V/WLAN_PSA(  326): NL MSG, len[048], NL type[0x11] WNI type[0x5050] len[028]
02-18 09:23:52.512 V/WLAN_PSA(  326): NL MSG, PID: 326
02-18 09:23:52.711 V/WLAN_PSA(  326): NL MSG, len[048], NL type[0x11] WNI type[0x5050] len[028]
02-18 09:23:52.711 V/WLAN_PSA(  326): NL MSG, PID: 326
02-18 09:23:52.871 V/WLAN_PSA(  326): NL MSG, len[048], NL type[0x11] WNI type[0x5050] len[028]
02-18 09:23:52.871 V/WLAN_PSA(  326): NL MSG, PID: 326
02-18 09:23:57.881 V/WLAN_PSA(  326): NL MSG, len[048], NL type[0x11] WNI type[0x5050] len[028]
02-18 09:23:57.881 V/WLAN_PSA(  326): NL MSG, PID: 326
02-18 09:24:02.891 V/WLAN_PSA(  326): NL MSG, len[048], NL type[0x11] WNI type[0x5050] len[028]
02-18 09:24:02.891 V/WLAN_PSA(  326): NL MSG, PID: 326
02-18 09:24:05.711 E/LocSvc_libulp( 2264): I/===> int ulp_msg_process_system_update(UlpSystemEvent) line 1455 
02-18 09:24:05.711 E/LocSvc_libulp( 2264): I/int ulp_msg_process_system_update(UlpSystemEvent): systemEvent:5 
02-18 09:24:05.711 E/LocSvc_libulp( 2264): I/===> int ulp_brain_process_system_update(UlpSystemEvent) line 2352 
02-18 09:24:05.711 E/LocSvc_libulp( 2264): I/===> int ulp_brain_select_providers() line 333 
02-18 09:24:05.711 E/LocSvc_libulp( 2264): I/===> int ulp_brain_turn_onoff_quipc_provider() line 700 
02-18 09:24:05.711 E/LocSvc_libulp( 2264): I/===> int ulp_quipc_stop_engine() line 235 
02-18 09:24:05.711 E/LocSvc_libulp( 2264): I/===> bool ulp_quipc_engine_running() line 60 
02-18 09:24:05.711 E/LocSvc_libulp( 2264): I/===> int ulp_brain_turn_onoff_gnss_provider() line 595 
02-18 09:24:05.711 E/LocSvc_libulp( 2264): I/===> int ulp_gnss_stop_engine() line 262 
02-18 09:24:05.711 E/LocSvc_libulp( 2264): I/===> bool ulp_quipc_engine_running() line 60 
02-18 09:24:05.711 E/LocSvc_libulp( 2264): I/===> int ulp_brain_turn_onoff_gnp_provider() line 496 
02-18 09:24:05.711 E/LocSvc_libulp( 2264): I/===> bool ulp_gnp_engine_running() line 59 
02-18 09:24:05.711 E/LocSvc_libulp( 2264): I/===> int ulp_gnp_stop_engine() line 195 
02-18 09:24:05.711 E/LocSvc_libulp( 2264): I/===> bool ulp_gnp_engine_running() line 59 
02-18 09:24:05.711 E/LocSvc_libulp( 2264): I/===> bool ulp_gnp_engine_running() line 59 
02-18 09:24:05.711 E/LocSvc_libulp( 2264): I/===> int ulp_brain_turn_onoff_zpp_provider() line 437 
02-18 09:24:05.712 E/LocSvc_libulp( 2264): I/===> int ulp_zpp_start_engine() line 98 
02-18 09:24:05.712 E/LocSvc_libulp( 2264): I/===> bool ulp_zpp_engine_running() line 62 
02-18 09:24:05.712 E/LocSvc_libulp( 2264): I/===> int ulp_msg_process_start_req() line 447 
02-18 09:24:05.712 E/LocSvc_libulp( 2264): I/int ulp_msg_process_start_req(), at ulp state = 1
02-18 09:24:05.712 E/LocSvc_api_v02( 2264): I/---> locClientSendReq line 2065 QMI_LOC_GET_BEST_AVAILABLE_POSITION_REQ_V02
02-18 09:24:05.715 E/LocSvc_ApiV02( 2264): I/<--- void globalRespCb(locClientHandleType, uint32_t, locClientRespIndUnionType, void*) line 111 QMI_LOC_GET_BEST_AVAILABLE_POSITION_REQ_V02
02-18 09:24:05.715 E/LocSvc_libulp( 2264): I/===> int ulp_brain_process_zpp_position_report(loc_sess_status, LocPosTechMask, const UlpLocation*) line 1463 
02-18 09:24:05.715 E/LocSvc_libulp( 2264): I/===> int ulp_msg_send_generic_position_report(loc_sess_status, LocPosTechMask, const UlpLocation*, const GpsLocationExtended*, const void*) line 1011 
02-18 09:24:05.715 D/Ulp_jni ( 2264): Location CB invoked
02-18 09:24:05.715 E/LocSvc_libulp( 2264): I/int ulp_brain_process_zpp_position_report(loc_sess_status, LocPosTechMask, const UlpLocation*), report ZPP position to providers,report_position = 1
02-18 09:24:05.715 E/LocSvc_libulp( 2264): I/===> int ulp_brain_select_providers() line 333 
02-18 09:24:05.715 E/LocSvc_libulp( 2264): I/===> int ulp_brain_turn_onoff_quipc_provider() line 700 
02-18 09:24:05.715 E/LocSvc_libulp( 2264): I/===> int ulp_quipc_stop_engine() line 235 
02-18 09:24:05.715 E/LocSvc_libulp( 2264): I/===> bool ulp_quipc_engine_running() line 60 
02-18 09:24:05.715 E/LocSvc_libulp( 2264): I/===> int ulp_brain_turn_onoff_gnss_provider() line 595 
02-18 09:24:05.715 E/LocSvc_libulp( 2264): I/===> int ulp_gnss_stop_engine() line 262 
02-18 09:24:05.715 E/LocSvc_libulp( 2264): I/===> bool ulp_quipc_engine_running() line 60 
02-18 09:24:05.715 E/LocSvc_libulp( 2264): I/===> int ulp_brain_turn_onoff_gnp_provider() line 496 
02-18 09:24:05.715 E/LocSvc_libulp( 2264): I/===> bool ulp_gnp_engine_running() line 59 
02-18 09:24:05.715 E/LocSvc_libulp( 2264): I/===> int ulp_gnp_stop_engine() line 195 
02-18 09:24:05.715 E/LocSvc_libulp( 2264): I/===> bool ulp_gnp_engine_running() line 59 
02-18 09:24:05.715 E/LocSvc_libulp( 2264): I/===> bool ulp_gnp_engine_running() line 59 
02-18 09:24:05.715 E/LocSvc_libulp( 2264): I/===> int ulp_brain_turn_onoff_zpp_provider() line 437 
02-18 09:24:05.715 E/LocSvc_libulp( 2264): I/===> int ulp_zpp_stop_engine() line 174 
02-18 09:24:05.715 E/LocSvc_libulp( 2264): I/===> bool ulp_zpp_engine_running() line 62 
02-18 09:24:06.203 V/WLAN_PSA(  326): NL MSG, len[048], NL type[0x11] WNI type[0x5050] len[028]
02-18 09:24:06.203 V/WLAN_PSA(  326): NL MSG, PID: 326
02-18 09:24:06.203 I/WifiHAL ( 2264): Poll result = 1
02-18 09:24:06.203 I/WifiHAL ( 2264): Found some events!!!
02-18 09:24:06.203 D/WifiHAL ( 2264): no_seq_check received
02-18 09:24:06.203 I/WifiHAL ( 2264): event received NL80211_CMD_TRIGGER_SCAN
02-18 09:24:06.203 I/WifiHAL ( 2264): event received NL80211_CMD_TRIGGER_SCAN, vendor_id = 0x0
02-18 09:24:06.203 I/WifiHAL ( 2264): event ignored!!
02-18 09:24:06.203 V/WLAN_PSA(  326): NL MSG, len[048], NL type[0x11] WNI type[0x5050] len[028]
02-18 09:24:06.203 V/WLAN_PSA(  326): NL MSG, PID: 326
02-18 09:24:06.204 V/WLAN_PSA(  326): NL MSG, len[4093], NL type[0x1C] WNI type[0x5900] len[58639]
02-18 09:24:06.204 V/WLAN_PSA(  326): NL MSG, PID: 326
02-18 09:24:06.213 V/WLAN_PSA(  326): NL MSG, len[048], NL type[0x11] WNI type[0x5050] len[028]
02-18 09:24:06.213 V/WLAN_PSA(  326): NL MSG, PID: 326
02-18 09:24:06.213 V/WLAN_PSA(  326): NL MSG, len[914], NL type[0x11] WNI type[0x5050] len[894]
02-18 09:24:06.213 V/WLAN_PSA(  326): NL MSG, PID: 326
02-18 09:24:06.213 V/WLAN_PSA(  326): NL MSG, len[048], NL type[0x11] WNI type[0x5050] len[028]
02-18 09:24:06.213 V/WLAN_PSA(  326): NL MSG, PID: 326
02-18 09:24:06.216 V/WLAN_PSA(  326): NL MSG, len[4083], NL type[0x1C] WNI type[0x5900] len[56079]
02-18 09:24:06.216 V/WLAN_PSA(  326): NL MSG, PID: 326
02-18 09:24:06.241 V/WLAN_PSA(  326): NL MSG, len[4030], NL type[0x1C] WNI type[0x5900] len[42511]
02-18 09:24:06.241 V/WLAN_PSA(  326): NL MSG, PID: 326
02-18 09:24:06.291 V/WLAN_PSA(  326): NL MSG, len[4086], NL type[0x1C] WNI type[0x5900] len[56847]
02-18 09:24:06.291 V/WLAN_PSA(  326): NL MSG, PID: 326
02-18 09:24:06.317 V/WLAN_PSA(  326): NL MSG, len[4059], NL type[0x1C] WNI type[0x5900] len[49935]
02-18 09:24:06.317 V/WLAN_PSA(  326): NL MSG, PID: 326
02-18 09:24:06.351 V/WLAN_PSA(  326): NL MSG, len[4048], NL type[0x1C] WNI type[0x5900] len[47119]
02-18 09:24:06.351 V/WLAN_PSA(  326): NL MSG, PID: 326
02-18 09:24:06.391 V/WLAN_PSA(  326): NL MSG, len[4082], NL type[0x1C] WNI type[0x5900] len[55823]
02-18 09:24:06.391 V/WLAN_PSA(  326): NL MSG, PID: 326
02-18 09:24:06.421 V/WLAN_PSA(  326): NL MSG, len[4024], NL type[0x1C] WNI type[0x5900] len[40975]
02-18 09:24:06.421 V/WLAN_PSA(  326): NL MSG, PID: 326
02-18 09:24:06.471 V/WLAN_PSA(  326): NL MSG, len[3956], NL type[0x1C] WNI type[0x5900] len[23567]
02-18 09:24:06.471 V/WLAN_PSA(  326): NL MSG, PID: 326
02-18 09:24:06.521 V/WLAN_PSA(  326): NL MSG, len[4018], NL type[0x1C] WNI type[0x5900] len[39439]
02-18 09:24:06.521 V/WLAN_PSA(  326): NL MSG, PID: 326
02-18 09:24:06.552 V/WLAN_PSA(  326): NL MSG, len[4038], NL type[0x1C] WNI type[0x5900] len[44559]
02-18 09:24:06.552 V/WLAN_PSA(  326): NL MSG, PID: 326
02-18 09:24:06.591 V/WLAN_PSA(  326): NL MSG, len[4017], NL type[0x1C] WNI type[0x5900] len[39183]
02-18 09:24:06.591 V/WLAN_PSA(  326): NL MSG, PID: 326
02-18 09:24:06.631 V/WLAN_PSA(  326): NL MSG, len[3994], NL type[0x1C] WNI type[0x5900] len[33295]
02-18 09:24:06.631 V/WLAN_PSA(  326): NL MSG, PID: 326
02-18 09:24:06.671 V/WLAN_PSA(  326): NL MSG, len[4014], NL type[0x1C] WNI type[0x5900] len[38415]
02-18 09:24:06.671 V/WLAN_PSA(  326): NL MSG, PID: 326
02-18 09:24:06.711 V/WLAN_PSA(  326): NL MSG, len[4018], NL type[0x1C] WNI type[0x5900] len[39439]
02-18 09:24:06.711 V/WLAN_PSA(  326): NL MSG, PID: 326
02-18 09:24:06.741 V/WLAN_PSA(  326): NL MSG, len[3985], NL type[0x1C] WNI type[0x5900] len[30991]
02-18 09:24:06.741 V/WLAN_PSA(  326): NL MSG, PID: 326
02-18 09:24:06.991 V/WLAN_PSA(  326): NL MSG, len[3999], NL type[0x1C] WNI type[0x5900] len[34575]
02-18 09:24:06.991 V/WLAN_PSA(  326): NL MSG, PID: 326
02-18 09:24:07.221 V/WLAN_PSA(  326): NL MSG, len[3995], NL type[0x1C] WNI type[0x5900] len[33551]
02-18 09:24:07.221 V/WLAN_PSA(  326): NL MSG, PID: 326
02-18 09:24:07.256 V/WLAN_PSA(  326): NL MSG, len[4081], NL type[0x1C] WNI type[0x5900] len[55567]
02-18 09:24:07.256 V/WLAN_PSA(  326): NL MSG, PID: 326
02-18 09:24:07.291 V/WLAN_PSA(  326): NL MSG, len[4032], NL type[0x1C] WNI type[0x5900] len[43023]
02-18 09:24:07.291 V/WLAN_PSA(  326): NL MSG, PID: 326
02-18 09:24:07.331 V/WLAN_PSA(  326): NL MSG, len[4088], NL type[0x1C] WNI type[0x5900] len[57359]
02-18 09:24:07.331 V/WLAN_PSA(  326): NL MSG, PID: 326
02-18 09:24:07.365 V/WLAN_PSA(  326): NL MSG, len[914], NL type[0x11] WNI type[0x5050] len[894]
02-18 09:24:07.365 V/WLAN_PSA(  326): NL MSG, PID: 326
02-18 09:24:07.365 V/WLAN_PSA(  326): NL MSG, len[4094], NL type[0x1C] WNI type[0x5900] len[58895]
02-18 09:24:07.365 V/WLAN_PSA(  326): NL MSG, PID: 326
02-18 09:24:07.365 V/WLAN_PSA(  326): NL MSG, len[4023], NL type[0x1C] WNI type[0x5900] len[40719]
02-18 09:24:07.365 V/WLAN_PSA(  326): NL MSG, PID: 326
02-18 09:24:07.365 V/WLAN_PSA(  326): NL MSG, len[4085], NL type[0x1C] WNI type[0x5900] len[56591]
02-18 09:24:07.365 V/WLAN_PSA(  326): NL MSG, PID: 326
02-18 09:24:07.365 V/WLAN_PSA(  326): NL MSG, len[4024], NL type[0x1C] WNI type[0x5900] len[40975]
02-18 09:24:07.365 V/WLAN_PSA(  326): NL MSG, PID: 326
02-18 09:24:07.365 I/WifiHAL ( 2264): Poll result = 1
02-18 09:24:07.365 I/WifiHAL ( 2264): Found some events!!!
02-18 09:24:07.365 D/WifiHAL ( 2264): no_seq_check received
02-18 09:24:07.365 I/WifiHAL ( 2264): event received NL80211_CMD_NEW_SCAN_RESULTS
02-18 09:24:07.365 I/WifiHAL ( 2264): event received NL80211_CMD_NEW_SCAN_RESULTS, vendor_id = 0x0
02-18 09:24:07.365 I/WifiHAL ( 2264): event ignored!!
02-18 09:24:07.378 D/LBSSystemMonitorService( 2264): handleMessage what - 4
02-18 09:24:07.378 D/Wiper_jni( 2264): Send Network Location.
02-18 09:24:07.379 E/LocSvc_api_v02( 2264): I/---> locClientSendReq line 2065 QMI_LOC_INJECT_WIFI_POSITION_REQ_V02
02-18 09:24:07.381 E/LocSvc_ApiV02( 2264): I/<--- void globalRespCb(locClientHandleType, uint32_t, locClientRespIndUnionType, void*) line 111 QMI_LOC_INJECT_WIFI_POSITION_REQ_V02
02-18 09:24:07.561 V/WLAN_PSA(  326): NL MSG, len[048], NL type[0x11] WNI type[0x5050] len[028]
02-18 09:24:07.561 V/WLAN_PSA(  326): NL MSG, PID: 326
02-18 09:24:07.561 V/WLAN_PSA(  326): NL MSG, len[048], NL type[0x11] WNI type[0x5050] len[028]
02-18 09:24:07.561 V/WLAN_PSA(  326): NL MSG, PID: 326
02-18 09:24:07.562 V/WLAN_PSA(  326): NL MSG, len[048], NL type[0x11] WNI type[0x5050] len[028]
02-18 09:24:07.562 V/WLAN_PSA(  326): NL MSG, PID: 326
02-18 09:24:07.761 V/WLAN_PSA(  326): NL MSG, len[048], NL type[0x11] WNI type[0x5050] len[028]
02-18 09:24:07.761 V/WLAN_PSA(  326): NL MSG, PID: 326
02-18 09:24:07.901 V/WLAN_PSA(  326): NL MSG, len[048], NL type[0x11] WNI type[0x5050] len[028]
02-18 09:24:07.901 V/WLAN_PSA(  326): NL MSG, PID: 326
02-18 09:24:12.911 V/WLAN_PSA(  326): NL MSG, len[048], NL type[0x11] WNI type[0x5050] len[028]
02-18 09:24:12.911 V/WLAN_PSA(  326): NL MSG, PID: 326
02-18 09:24:17.921 V/WLAN_PSA(  326): NL MSG, len[048], NL type[0x11] WNI type[0x5050] len[028]
02-18 09:24:17.921 V/WLAN_PSA(  326): NL MSG, PID: 326
02-18 09:24:21.218 V/WLAN_PSA(  326): NL MSG, len[048], NL type[0x11] WNI type[0x5050] len[028]
02-18 09:24:21.218 V/WLAN_PSA(  326): NL MSG, PID: 326
02-18 09:24:21.218 V/WLAN_PSA(  326): NL MSG, len[4066], NL type[0x1C] WNI type[0x5900] len[51727]
02-18 09:24:21.218 V/WLAN_PSA(  326): NL MSG, PID: 326
02-18 09:24:21.218 I/WifiHAL ( 2264): Poll result = 1
02-18 09:24:21.218 I/WifiHAL ( 2264): Found some events!!!
02-18 09:24:21.218 D/WifiHAL ( 2264): no_seq_check received
02-18 09:24:21.218 I/WifiHAL ( 2264): event received NL80211_CMD_TRIGGER_SCAN
02-18 09:24:21.218 I/WifiHAL ( 2264): event received NL80211_CMD_TRIGGER_SCAN, vendor_id = 0x0
02-18 09:24:21.218 I/WifiHAL ( 2264): event ignored!!
02-18 09:24:21.219 V/WLAN_PSA(  326): NL MSG, len[048], NL type[0x11] WNI type[0x5050] len[028]
02-18 09:24:21.219 V/WLAN_PSA(  326): NL MSG, PID: 326
02-18 09:24:21.228 V/WLAN_PSA(  326): NL MSG, len[048], NL type[0x11] WNI type[0x5050] len[028]
02-18 09:24:21.228 V/WLAN_PSA(  326): NL MSG, PID: 326
02-18 09:24:21.228 V/WLAN_PSA(  326): NL MSG, len[914], NL type[0x11] WNI type[0x5050] len[894]
02-18 09:24:21.228 V/WLAN_PSA(  326): NL MSG, PID: 326
02-18 09:24:21.228 V/WLAN_PSA(  326): NL MSG, len[048], NL type[0x11] WNI type[0x5050] len[028]
02-18 09:24:21.228 V/WLAN_PSA(  326): NL MSG, PID: 326
02-18 09:24:21.228 V/WLAN_PSA(  326): NL MSG, len[4012], NL type[0x1C] WNI type[0x5900] len[37903]
02-18 09:24:21.228 V/WLAN_PSA(  326): NL MSG, PID: 326
02-18 09:24:21.261 V/WLAN_PSA(  326): NL MSG, len[4003], NL type[0x1C] WNI type[0x5900] len[35599]
02-18 09:24:21.261 V/WLAN_PSA(  326): NL MSG, PID: 326
02-18 09:24:21.302 V/WLAN_PSA(  326): NL MSG, len[4044], NL type[0x1C] WNI type[0x5900] len[46095]
02-18 09:24:21.302 V/WLAN_PSA(  326): NL MSG, PID: 326
02-18 09:24:21.341 V/WLAN_PSA(  326): NL MSG, len[4024], NL type[0x1C] WNI type[0x5900] len[40975]
02-18 09:24:21.341 V/WLAN_PSA(  326): NL MSG, PID: 326
02-18 09:24:21.378 V/WLAN_PSA(  326): NL MSG, len[4002], NL type[0x1C] WNI type[0x5900] len[35343]
02-18 09:24:21.378 V/WLAN_PSA(  326): NL MSG, PID: 326
02-18 09:24:21.431 V/WLAN_PSA(  326): NL MSG, len[3961], NL type[0x1C] WNI type[0x5900] len[24847]
02-18 09:24:21.431 V/WLAN_PSA(  326): NL MSG, PID: 326
02-18 09:24:21.467 V/WLAN_PSA(  326): NL MSG, len[4053], NL type[0x1C] WNI type[0x5900] len[48399]
02-18 09:24:21.467 V/WLAN_PSA(  326): NL MSG, PID: 326
02-18 09:24:21.517 V/WLAN_PSA(  326): NL MSG, len[4071], NL type[0x1C] WNI type[0x5900] len[53007]
02-18 09:24:21.517 V/WLAN_PSA(  326): NL MSG, PID: 326
02-18 09:24:21.571 V/WLAN_PSA(  326): NL MSG, len[4041], NL type[0x1C] WNI type[0x5900] len[45327]
02-18 09:24:21.571 V/WLAN_PSA(  326): NL MSG, PID: 326
02-18 09:24:21.618 V/WLAN_PSA(  326): NL MSG, len[4065], NL type[0x1C] WNI type[0x5900] len[51471]
02-18 09:24:21.618 V/WLAN_PSA(  326): NL MSG, PID: 326
02-18 09:24:21.662 V/WLAN_PSA(  326): NL MSG, len[4085], NL type[0x1C] WNI type[0x5900] len[56591]
02-18 09:24:21.662 V/WLAN_PSA(  326): NL MSG, PID: 326
02-18 09:24:21.709 V/WLAN_PSA(  326): NL MSG, len[3956], NL type[0x1C] WNI type[0x5900] len[23567]
02-18 09:24:21.709 V/WLAN_PSA(  326): NL MSG, PID: 326
02-18 09:24:21.758 V/WLAN_PSA(  326): NL MSG, len[4028], NL type[0x1C] WNI type[0x5900] len[41999]
02-18 09:24:21.758 V/WLAN_PSA(  326): NL MSG, PID: 326
02-18 09:24:21.801 V/WLAN_PSA(  326): NL MSG, len[4014], NL type[0x1C] WNI type[0x5900] len[38415]
02-18 09:24:21.801 V/WLAN_PSA(  326): NL MSG, PID: 326
02-18 09:24:21.841 V/WLAN_PSA(  326): NL MSG, len[4018], NL type[0x1C] WNI type[0x5900] len[39439]
02-18 09:24:21.841 V/WLAN_PSA(  326): NL MSG, PID: 326
02-18 09:24:22.182 V/WLAN_PSA(  326): NL MSG, len[4087], NL type[0x1C] WNI type[0x5900] len[57103]
02-18 09:24:22.182 V/WLAN_PSA(  326): NL MSG, PID: 326
02-18 09:24:22.331 V/WLAN_PSA(  326): NL MSG, len[4065], NL type[0x1C] WNI type[0x5900] len[51471]
02-18 09:24:22.331 V/WLAN_PSA(  326): NL MSG, PID: 326
02-18 09:24:22.367 V/WLAN_PSA(  326): NL MSG, len[3962], NL type[0x1C] WNI type[0x5900] len[25103]
02-18 09:24:22.367 V/WLAN_PSA(  326): NL MSG, PID: 326
02-18 09:24:22.407 V/WLAN_PSA(  326): NL MSG, len[4022], NL type[0x1C] WNI type[0x5900] len[40463]
02-18 09:24:22.407 V/WLAN_PSA(  326): NL MSG, PID: 326
02-18 09:24:22.451 V/WLAN_PSA(  326): NL MSG, len[4074], NL type[0x1C] WNI type[0x5900] len[53775]
02-18 09:24:22.451 V/WLAN_PSA(  326): NL MSG, PID: 326
02-18 09:24:22.463 V/WLAN_PSA(  326): NL MSG, len[4055], NL type[0x1C] WNI type[0x5900] len[48911]
02-18 09:24:22.463 V/WLAN_PSA(  326): NL MSG, PID: 326
02-18 09:24:22.464 V/WLAN_PSA(  326): NL MSG, len[914], NL type[0x11] WNI type[0x5050] len[894]
02-18 09:24:22.464 V/WLAN_PSA(  326): NL MSG, PID: 326
02-18 09:24:22.464 V/WLAN_PSA(  326): NL MSG, len[4077], NL type[0x1C] WNI type[0x5900] len[54543]
02-18 09:24:22.464 V/WLAN_PSA(  326): NL MSG, PID: 326
02-18 09:24:22.465 V/WLAN_PSA(  326): NL MSG, len[4052], NL type[0x1C] WNI type[0x5900] len[48143]
02-18 09:24:22.465 V/WLAN_PSA(  326): NL MSG, PID: 326
02-18 09:24:22.465 I/WifiHAL ( 2264): Poll result = 1
02-18 09:24:22.465 I/WifiHAL ( 2264): Found some events!!!
02-18 09:24:22.465 D/WifiHAL ( 2264): no_seq_check received
02-18 09:24:22.465 I/WifiHAL ( 2264): event received NL80211_CMD_NEW_SCAN_RESULTS
02-18 09:24:22.465 I/WifiHAL ( 2264): event received NL80211_CMD_NEW_SCAN_RESULTS, vendor_id = 0x0
02-18 09:24:22.466 I/WifiHAL ( 2264): event ignored!!
02-18 09:24:22.468 V/WLAN_PSA(  326): NL MSG, len[4037], NL type[0x1C] WNI type[0x5900] len[44303]
02-18 09:24:22.468 V/WLAN_PSA(  326): NL MSG, PID: 326
02-18 09:24:22.485 D/LBSSystemMonitorService( 2264): handleMessage what - 4
02-18 09:24:22.485 D/Wiper_jni( 2264): Send Network Location.
02-18 09:24:22.485 E/LocSvc_api_v02( 2264): I/---> locClientSendReq line 2065 QMI_LOC_INJECT_WIFI_POSITION_REQ_V02
02-18 09:24:22.488 E/LocSvc_ApiV02( 2264): I/<--- void globalRespCb(locClientHandleType, uint32_t, locClientRespIndUnionType, void*) line 111 QMI_LOC_INJECT_WIFI_POSITION_REQ_V02
02-18 09:24:22.661 V/WLAN_PSA(  326): NL MSG, len[048], NL type[0x11] WNI type[0x5050] len[028]
02-18 09:24:22.661 V/WLAN_PSA(  326): NL MSG, PID: 326
02-18 09:24:22.671 V/WLAN_PSA(  326): NL MSG, len[048], NL type[0x11] WNI type[0x5050] len[028]
02-18 09:24:22.671 V/WLAN_PSA(  326): NL MSG, PID: 326
02-18 09:24:22.673 V/WLAN_PSA(  326): NL MSG, len[048], NL type[0x11] WNI type[0x5050] len[028]
02-18 09:24:22.673 V/WLAN_PSA(  326): NL MSG, PID: 326
02-18 09:24:22.871 V/WLAN_PSA(  326): NL MSG, len[048], NL type[0x11] WNI type[0x5050] len[028]
02-18 09:24:22.871 V/WLAN_PSA(  326): NL MSG, PID: 326
02-18 09:24:22.931 V/WLAN_PSA(  326): NL MSG, len[048], NL type[0x11] WNI type[0x5050] len[028]
02-18 09:24:22.931 V/WLAN_PSA(  326): NL MSG, PID: 326
02-18 09:24:27.941 V/WLAN_PSA(  326): NL MSG, len[048], NL type[0x11] WNI type[0x5050] len[028]
02-18 09:24:27.941 V/WLAN_PSA(  326): NL MSG, PID: 326
02-18 09:24:32.951 V/WLAN_PSA(  326): NL MSG, len[048], NL type[0x11] WNI type[0x5050] len[028]
02-18 09:24:32.951 V/WLAN_PSA(  326): NL MSG, PID: 326
02-18 09:24:36.232 V/WLAN_PSA(  326): NL MSG, len[048], NL type[0x11] WNI type[0x5050] len[028]
02-18 09:24:36.232 V/WLAN_PSA(  326): NL MSG, PID: 326
02-18 09:24:36.232 I/WifiHAL ( 2264): Poll result = 1
02-18 09:24:36.232 I/WifiHAL ( 2264): Found some events!!!
02-18 09:24:36.232 D/WifiHAL ( 2264): no_seq_check received
02-18 09:24:36.232 I/WifiHAL ( 2264): event received NL80211_CMD_TRIGGER_SCAN
02-18 09:24:36.232 I/WifiHAL ( 2264): event received NL80211_CMD_TRIGGER_SCAN, vendor_id = 0x0
02-18 09:24:36.232 I/WifiHAL ( 2264): event ignored!!
02-18 09:24:36.232 V/WLAN_PSA(  326): NL MSG, len[048], NL type[0x11] WNI type[0x5050] len[028]
02-18 09:24:36.232 V/WLAN_PSA(  326): NL MSG, PID: 326
02-18 09:24:36.232 V/WLAN_PSA(  326): NL MSG, len[4093], NL type[0x1C] WNI type[0x5900] len[58639]
02-18 09:24:36.232 V/WLAN_PSA(  326): NL MSG, PID: 326
02-18 09:24:36.242 V/WLAN_PSA(  326): NL MSG, len[048], NL type[0x11] WNI type[0x5050] len[028]
02-18 09:24:36.242 V/WLAN_PSA(  326): NL MSG, PID: 326
02-18 09:24:36.242 V/WLAN_PSA(  326): NL MSG, len[914], NL type[0x11] WNI type[0x5050] len[894]
02-18 09:24:36.242 V/WLAN_PSA(  326): NL MSG, PID: 326
02-18 09:24:36.242 V/WLAN_PSA(  326): NL MSG, len[048], NL type[0x11] WNI type[0x5050] len[028]
02-18 09:24:36.242 V/WLAN_PSA(  326): NL MSG, PID: 326
02-18 09:24:36.245 V/WLAN_PSA(  326): NL MSG, len[4083], NL type[0x1C] WNI type[0x5900] len[56079]
02-18 09:24:36.245 V/WLAN_PSA(  326): NL MSG, PID: 326
02-18 09:24:36.282 V/WLAN_PSA(  326): NL MSG, len[4042], NL type[0x1C] WNI type[0x5900] len[45583]
02-18 09:24:36.282 V/WLAN_PSA(  326): NL MSG, PID: 326
02-18 09:24:36.311 V/WLAN_PSA(  326): NL MSG, len[3986], NL type[0x1C] WNI type[0x5900] len[31247]
02-18 09:24:36.311 V/WLAN_PSA(  326): NL MSG, PID: 326
02-18 09:24:36.361 V/WLAN_PSA(  326): NL MSG, len[4026], NL type[0x1C] WNI type[0x5900] len[41487]
02-18 09:24:36.361 V/WLAN_PSA(  326): NL MSG, PID: 326
02-18 09:24:36.421 V/WLAN_PSA(  326): NL MSG, len[4061], NL type[0x1C] WNI type[0x5900] len[50447]
02-18 09:24:36.421 V/WLAN_PSA(  326): NL MSG, PID: 326
02-18 09:24:36.454 V/WLAN_PSA(  326): NL MSG, len[4012], NL type[0x1C] WNI type[0x5900] len[37903]
02-18 09:24:36.454 V/WLAN_PSA(  326): NL MSG, PID: 326
02-18 09:24:36.487 V/WLAN_PSA(  326): NL MSG, len[4073], NL type[0x1C] WNI type[0x5900] len[53519]
02-18 09:24:36.487 V/WLAN_PSA(  326): NL MSG, PID: 326
02-18 09:24:36.521 V/WLAN_PSA(  326): NL MSG, len[4092], NL type[0x1C] WNI type[0x5900] len[58383]
02-18 09:24:36.521 V/WLAN_PSA(  326): NL MSG, PID: 326
02-18 09:24:36.563 V/WLAN_PSA(  326): NL MSG, len[4076], NL type[0x1C] WNI type[0x5900] len[54287]
02-18 09:24:36.563 V/WLAN_PSA(  326): NL MSG, PID: 326
02-18 09:24:36.601 V/WLAN_PSA(  326): NL MSG, len[4091], NL type[0x1C] WNI type[0x5900] len[58127]
02-18 09:24:36.601 V/WLAN_PSA(  326): NL MSG, PID: 326
02-18 09:24:36.638 V/WLAN_PSA(  326): NL MSG, len[4039], NL type[0x1C] WNI type[0x5900] len[44815]
02-18 09:24:36.638 V/WLAN_PSA(  326): NL MSG, PID: 326
02-18 09:24:36.671 V/WLAN_PSA(  326): NL MSG, len[4071], NL type[0x1C] WNI type[0x5900] len[53007]
02-18 09:24:36.671 V/WLAN_PSA(  326): NL MSG, PID: 326
02-18 09:24:36.731 V/WLAN_PSA(  326): NL MSG, len[4085], NL type[0x1C] WNI type[0x5900] len[56591]
02-18 09:24:36.731 V/WLAN_PSA(  326): NL MSG, PID: 326
02-18 09:24:36.771 V/WLAN_PSA(  326): NL MSG, len[4018], NL type[0x1C] WNI type[0x5900] len[39439]
02-18 09:24:36.771 V/WLAN_PSA(  326): NL MSG, PID: 326
02-18 09:24:36.796 V/WLAN_PSA(  326): NL MSG, len[4028], NL type[0x1C] WNI type[0x5900] len[41999]
02-18 09:24:36.796 V/WLAN_PSA(  326): NL MSG, PID: 326
02-18 09:24:36.942 V/WLAN_PSA(  326): NL MSG, len[4026], NL type[0x1C] WNI type[0x5900] len[41487]
02-18 09:24:36.942 V/WLAN_PSA(  326): NL MSG, PID: 326
02-18 09:24:37.276 V/WLAN_PSA(  326): NL MSG, len[4051], NL type[0x1C] WNI type[0x5900] len[47887]
02-18 09:24:37.276 V/WLAN_PSA(  326): NL MSG, PID: 326
02-18 09:24:37.312 V/WLAN_PSA(  326): NL MSG, len[4054], NL type[0x1C] WNI type[0x5900] len[48655]
02-18 09:24:37.312 V/WLAN_PSA(  326): NL MSG, PID: 326
02-18 09:24:37.341 V/WLAN_PSA(  326): NL MSG, len[4066], NL type[0x1C] WNI type[0x5900] len[51727]
02-18 09:24:37.341 V/WLAN_PSA(  326): NL MSG, PID: 326
02-18 09:24:37.381 V/WLAN_PSA(  326): NL MSG, len[4092], NL type[0x1C] WNI type[0x5900] len[58383]
02-18 09:24:37.381 V/WLAN_PSA(  326): NL MSG, PID: 326
02-18 09:24:37.422 V/WLAN_PSA(  326): NL MSG, len[4043], NL type[0x1C] WNI type[0x5900] len[45839]
02-18 09:24:37.422 V/WLAN_PSA(  326): NL MSG, PID: 326
02-18 09:24:37.423 V/WLAN_PSA(  326): NL MSG, len[4022], NL type[0x1C] WNI type[0x5900] len[40463]
02-18 09:24:37.423 V/WLAN_PSA(  326): NL MSG, PID: 326
02-18 09:24:37.424 V/WLAN_PSA(  326): NL MSG, len[914], NL type[0x11] WNI type[0x5050] len[894]
02-18 09:24:37.424 V/WLAN_PSA(  326): NL MSG, PID: 326
02-18 09:24:37.424 V/WLAN_PSA(  326): NL MSG, len[4003], NL type[0x1C] WNI type[0x5900] len[35599]
02-18 09:24:37.424 V/WLAN_PSA(  326): NL MSG, PID: 326
02-18 09:24:37.425 V/WLAN_PSA(  326): NL MSG, len[4086], NL type[0x1C] WNI type[0x5900] len[56847]
02-18 09:24:37.425 V/WLAN_PSA(  326): NL MSG, PID: 326
02-18 09:24:37.425 I/WifiHAL ( 2264): Poll result = 1
02-18 09:24:37.425 I/WifiHAL ( 2264): Found some events!!!
02-18 09:24:37.425 D/WifiHAL ( 2264): no_seq_check received
02-18 09:24:37.425 I/WifiHAL ( 2264): event received NL80211_CMD_NEW_SCAN_RESULTS
02-18 09:24:37.425 I/WifiHAL ( 2264): event received NL80211_CMD_NEW_SCAN_RESULTS, vendor_id = 0x0
02-18 09:24:37.425 I/WifiHAL ( 2264): event ignored!!
02-18 09:24:37.438 D/LBSSystemMonitorService( 2264): handleMessage what - 4
02-18 09:24:37.438 D/Wiper_jni( 2264): Send Network Location.
02-18 09:24:37.438 E/LocSvc_api_v02( 2264): I/---> locClientSendReq line 2065 QMI_LOC_INJECT_WIFI_POSITION_REQ_V02
02-18 09:24:37.440 E/LocSvc_ApiV02( 2264): I/<--- void globalRespCb(locClientHandleType, uint32_t, locClientRespIndUnionType, void*) line 111 QMI_LOC_INJECT_WIFI_POSITION_REQ_V02
02-18 09:24:37.621 V/WLAN_PSA(  326): NL MSG, len[048], NL type[0x11] WNI type[0x5050] len[028]
02-18 09:24:37.621 V/WLAN_PSA(  326): NL MSG, PID: 326
02-18 09:24:37.621 V/WLAN_PSA(  326): NL MSG, len[048], NL type[0x11] WNI type[0x5050] len[028]
02-18 09:24:37.621 V/WLAN_PSA(  326): NL MSG, PID: 326
02-18 09:24:37.622 V/WLAN_PSA(  326): NL MSG, len[048], NL type[0x11] WNI type[0x5050] len[028]
02-18 09:24:37.622 V/WLAN_PSA(  326): NL MSG, PID: 326
02-18 09:24:37.821 V/WLAN_PSA(  326): NL MSG, len[048], NL type[0x11] WNI type[0x5050] len[028]
02-18 09:24:37.821 V/WLAN_PSA(  326): NL MSG, PID: 326
02-18 09:24:37.821 V/WLAN_PSA(  326): NL MSG, len[4028], NL type[0x1C] WNI type[0x5900] len[41999]
02-18 09:24:37.821 V/WLAN_PSA(  326): NL MSG, PID: 326
02-18 09:24:37.961 V/WLAN_PSA(  326): NL MSG, len[048], NL type[0x11] WNI type[0x5050] len[028]
02-18 09:24:37.961 V/WLAN_PSA(  326): NL MSG, PID: 326
02-18 09:24:42.971 V/WLAN_PSA(  326): NL MSG, len[048], NL type[0x11] WNI type[0x5050] len[028]
02-18 09:24:42.971 V/WLAN_PSA(  326): NL MSG, PID: 326
02-18 09:24:47.981 V/WLAN_PSA(  326): NL MSG, len[048], NL type[0x11] WNI type[0x5050] len[028]
02-18 09:24:47.981 V/WLAN_PSA(  326): NL MSG, PID: 326
02-18 09:24:51.246 V/WLAN_PSA(  326): NL MSG, len[048], NL type[0x11] WNI type[0x5050] len[028]
02-18 09:24:51.246 V/WLAN_PSA(  326): NL MSG, PID: 326
02-18 09:24:51.246 I/WifiHAL ( 2264): Poll result = 1
02-18 09:24:51.246 I/WifiHAL ( 2264): Found some events!!!
02-18 09:24:51.246 D/WifiHAL ( 2264): no_seq_check received
02-18 09:24:51.246 I/WifiHAL ( 2264): event received NL80211_CMD_TRIGGER_SCAN
02-18 09:24:51.246 I/WifiHAL ( 2264): event received NL80211_CMD_TRIGGER_SCAN, vendor_id = 0x0
02-18 09:24:51.246 I/WifiHAL ( 2264): event ignored!!
02-18 09:24:51.247 V/WLAN_PSA(  326): NL MSG, len[048], NL type[0x11] WNI type[0x5050] len[028]
02-18 09:24:51.247 V/WLAN_PSA(  326): NL MSG, PID: 326
02-18 09:24:51.256 V/WLAN_PSA(  326): NL MSG, len[048], NL type[0x11] WNI type[0x5050] len[028]
02-18 09:24:51.256 V/WLAN_PSA(  326): NL MSG, PID: 326
02-18 09:24:51.256 V/WLAN_PSA(  326): NL MSG, len[914], NL type[0x11] WNI type[0x5050] len[894]
02-18 09:24:51.256 V/WLAN_PSA(  326): NL MSG, PID: 326
02-18 09:24:51.256 V/WLAN_PSA(  326): NL MSG, len[048], NL type[0x11] WNI type[0x5050] len[028]
02-18 09:24:51.256 V/WLAN_PSA(  326): NL MSG, PID: 326
02-18 09:24:51.256 V/WLAN_PSA(  326): NL MSG, len[4056], NL type[0x1C] WNI type[0x5900] len[49167]
02-18 09:24:51.256 V/WLAN_PSA(  326): NL MSG, PID: 326
02-18 09:24:51.261 V/WLAN_PSA(  326): NL MSG, len[4073], NL type[0x1C] WNI type[0x5900] len[53519]
02-18 09:24:51.261 V/WLAN_PSA(  326): NL MSG, PID: 326
02-18 09:24:51.317 V/WLAN_PSA(  326): NL MSG, len[4056], NL type[0x1C] WNI type[0x5900] len[49167]
02-18 09:24:51.317 V/WLAN_PSA(  326): NL MSG, PID: 326
02-18 09:24:51.367 V/WLAN_PSA(  326): NL MSG, len[4012], NL type[0x1C] WNI type[0x5900] len[37903]
02-18 09:24:51.367 V/WLAN_PSA(  326): NL MSG, PID: 326
02-18 09:24:51.411 V/WLAN_PSA(  326): NL MSG, len[4072], NL type[0x1C] WNI type[0x5900] len[53263]
02-18 09:24:51.411 V/WLAN_PSA(  326): NL MSG, PID: 326
02-18 09:24:51.453 V/WLAN_PSA(  326): NL MSG, len[4082], NL type[0x1C] WNI type[0x5900] len[55823]
02-18 09:24:51.453 V/WLAN_PSA(  326): NL MSG, PID: 326
02-18 09:24:51.497 V/WLAN_PSA(  326): NL MSG, len[4074], NL type[0x1C] WNI type[0x5900] len[53775]
02-18 09:24:51.497 V/WLAN_PSA(  326): NL MSG, PID: 326
