02-18 09:21:51.080 I/WifiHAL ( 2264): event received NL80211_CMD_TRIGGER_SCAN, vendor_id = 0x0
02-18 09:21:51.080 I/WifiHAL ( 2264): event ignored!!
02-18 09:21:51.081 V/WLAN_PSA(  326): NL MSG, len[048], NL type[0x11] WNI type[0x5050] len[028]
02-18 09:21:51.081 V/WLAN_PSA(  326): NL MSG, PID: 326
02-18 09:21:51.091 V/WLAN_PSA(  326): NL MSG, len[048], NL type[0x11] WNI type[0x5050] len[028]
02-18 09:21:51.091 V/WLAN_PSA(  326): NL MSG, PID: 326
02-18 09:21:51.091 V/WLAN_PSA(  326): NL MSG, len[4056], NL type[0x1C] WNI type[0x5900] len[49167]
02-18 09:21:51.091 V/WLAN_PSA(  326): NL MSG, PID: 326
02-18 09:21:51.091 V/WLAN_PSA(  326): NL MSG, len[914], NL type[0x11] WNI type[0x5050] len[894]
02-18 09:21:51.091 V/WLAN_PSA(  326): NL MSG, PID: 326
02-18 09:21:51.091 V/WLAN_PSA(  326): NL MSG, len[048], NL type[0x11] WNI type[0x5050] len[028]
02-18 09:21:51.091 V/WLAN_PSA(  326): NL MSG, PID: 326
02-18 09:21:51.096 V/WLAN_PSA(  326): NL MSG, len[4073], NL type[0x1C] WNI type[0x5900] len[53519]
02-18 09:21:51.096 V/WLAN_PSA(  326): NL MSG, PID: 326
02-18 09:21:51.138 V/WLAN_PSA(  326): NL MSG, len[3996], NL type[0x1C] WNI type[0x5900] len[33807]
02-18 09:21:51.138 V/WLAN_PSA(  326): NL MSG, PID: 326
02-18 09:21:51.187 V/WLAN_PSA(  326): NL MSG, len[4014], NL type[0x1C] WNI type[0x5900] len[38415]
02-18 09:21:51.187 V/WLAN_PSA(  326): NL MSG, PID: 326
02-18 09:21:51.222 V/WLAN_PSA(  326): NL MSG, len[4088], NL type[0x1C] WNI type[0x5900] len[57359]
02-18 09:21:51.222 V/WLAN_PSA(  326): NL MSG, PID: 326
02-18 09:21:51.251 V/WLAN_PSA(  326): NL MSG, len[4029], NL type[0x1C] WNI type[0x5900] len[42255]
02-18 09:21:51.251 V/WLAN_PSA(  326): NL MSG, PID: 326
02-18 09:21:51.301 V/WLAN_PSA(  326): NL MSG, len[3995], NL type[0x1C] WNI type[0x5900] len[33551]
02-18 09:21:51.301 V/WLAN_PSA(  326): NL MSG, PID: 326
02-18 09:21:51.337 V/WLAN_PSA(  326): NL MSG, len[3979], NL type[0x1C] WNI type[0x5900] len[29455]
02-18 09:21:51.337 V/WLAN_PSA(  326): NL MSG, PID: 326
02-18 09:21:51.391 V/WLAN_PSA(  326): NL MSG, len[4078], NL type[0x1C] WNI type[0x5900] len[54799]
02-18 09:21:51.391 V/WLAN_PSA(  326): NL MSG, PID: 326
02-18 09:21:51.423 V/WLAN_PSA(  326): NL MSG, len[3985], NL type[0x1C] WNI type[0x5900] len[30991]
02-18 09:21:51.423 V/WLAN_PSA(  326): NL MSG, PID: 326
02-18 09:21:51.462 V/WLAN_PSA(  326): NL MSG, len[4063], NL type[0x1C] WNI type[0x5900] len[50959]
02-18 09:21:51.462 V/WLAN_PSA(  326): NL MSG, PID: 326
02-18 09:21:51.511 V/WLAN_PSA(  326): NL MSG, len[4056], NL type[0x1C] WNI type[0x5900] len[49167]
02-18 09:21:51.511 V/WLAN_PSA(  326): NL MSG, PID: 326
02-18 09:21:51.551 V/WLAN_PSA(  326): NL MSG, len[4031], NL type[0x1C] WNI type[0x5900] len[42767]
02-18 09:21:51.551 V/WLAN_PSA(  326): NL MSG, PID: 326
02-18 09:21:51.591 V/WLAN_PSA(  326): NL MSG, len[4056], NL type[0x1C] WNI type[0x5900] len[49167]
02-18 09:21:51.591 V/WLAN_PSA(  326): NL MSG, PID: 326
02-18 09:21:51.637 V/WLAN_PSA(  326): NL MSG, len[4039], NL type[0x1C] WNI type[0x5900] len[44815]
02-18 09:21:51.637 V/WLAN_PSA(  326): NL MSG, PID: 326
02-18 09:21:51.791 V/WLAN_PSA(  326): NL MSG, len[4092], NL type[0x1C] WNI type[0x5900] len[58383]
02-18 09:21:51.791 V/WLAN_PSA(  326): NL MSG, PID: 326
02-18 09:21:52.132 V/WLAN_PSA(  326): NL MSG, len[4038], NL type[0x1C] WNI type[0x5900] len[44559]
02-18 09:21:52.132 V/WLAN_PSA(  326): NL MSG, PID: 326
02-18 09:21:52.181 V/WLAN_PSA(  326): NL MSG, len[3962], NL type[0x1C] WNI type[0x5900] len[25103]
02-18 09:21:52.181 V/WLAN_PSA(  326): NL MSG, PID: 326
02-18 09:21:52.219 V/WLAN_PSA(  326): NL MSG, len[4025], NL type[0x1C] WNI type[0x5900] len[41231]
02-18 09:21:52.219 V/WLAN_PSA(  326): NL MSG, PID: 326
02-18 09:21:52.261 V/WLAN_PSA(  326): NL MSG, len[4018], NL type[0x1C] WNI type[0x5900] len[39439]
02-18 09:21:52.261 V/WLAN_PSA(  326): NL MSG, PID: 326
02-18 09:21:52.313 V/WLAN_PSA(  326): NL MSG, len[4079], NL type[0x1C] WNI type[0x5900] len[55055]
02-18 09:21:52.313 V/WLAN_PSA(  326): NL MSG, PID: 326
02-18 09:21:52.315 V/WLAN_PSA(  326): NL MSG, len[914], NL type[0x11] WNI type[0x5050] len[894]
02-18 09:21:52.315 V/WLAN_PSA(  326): NL MSG, PID: 326
02-18 09:21:52.316 V/WLAN_PSA(  326): NL MSG, len[4059], NL type[0x1C] WNI type[0x5900] len[49935]
02-18 09:21:52.316 V/WLAN_PSA(  326): NL MSG, PID: 326
02-18 09:21:52.316 V/WLAN_PSA(  326): NL MSG, len[3965], NL type[0x1C] WNI type[0x5900] len[25871]
02-18 09:21:52.316 V/WLAN_PSA(  326): NL MSG, PID: 326
02-18 09:21:52.316 V/WLAN_PSA(  326): NL MSG, len[4070], NL type[0x1C] WNI type[0x5900] len[52751]
02-18 09:21:52.316 V/WLAN_PSA(  326): NL MSG, PID: 326
02-18 09:21:52.317 I/WifiHAL ( 2264): Poll result = 1
02-18 09:21:52.317 I/WifiHAL ( 2264): Found some events!!!
02-18 09:21:52.317 D/WifiHAL ( 2264): no_seq_check received
02-18 09:21:52.317 I/WifiHAL ( 2264): event received NL80211_CMD_NEW_SCAN_RESULTS
02-18 09:21:52.317 I/WifiHAL ( 2264): event received NL80211_CMD_NEW_SCAN_RESULTS, vendor_id = 0x0
02-18 09:21:52.317 I/WifiHAL ( 2264): event ignored!!
02-18 09:21:52.335 D/LBSSystemMonitorService( 2264): handleMessage what - 4
02-18 09:21:52.335 D/Wiper_jni( 2264): Send Network Location.
02-18 09:21:52.336 E/LocSvc_api_v02( 2264): I/---> locClientSendReq line 2065 QMI_LOC_INJECT_WIFI_POSITION_REQ_V02
02-18 09:21:52.338 E/LocSvc_ApiV02( 2264): I/<--- void globalRespCb(locClientHandleType, uint32_t, locClientRespIndUnionType, void*) line 111 QMI_LOC_INJECT_WIFI_POSITION_REQ_V02
02-18 09:21:52.511 V/WLAN_PSA(  326): NL MSG, len[048], NL type[0x11] WNI type[0x5050] len[028]
02-18 09:21:52.511 V/WLAN_PSA(  326): NL MSG, PID: 326
02-18 09:21:52.511 V/WLAN_PSA(  326): NL MSG, len[048], NL type[0x11] WNI type[0x5050] len[028]
02-18 09:21:52.511 V/WLAN_PSA(  326): NL MSG, PID: 326
02-18 09:21:52.512 V/WLAN_PSA(  326): NL MSG, len[048], NL type[0x11] WNI type[0x5050] len[028]
02-18 09:21:52.512 V/WLAN_PSA(  326): NL MSG, PID: 326
02-18 09:21:52.575 I/MSM-irqbalance(  504): Decided to move IRQ240 from CPU6 to CPU7
02-18 09:21:52.631 V/WLAN_PSA(  326): NL MSG, len[048], NL type[0x11] WNI type[0x5050] len[028]
02-18 09:21:52.631 V/WLAN_PSA(  326): NL MSG, PID: 326
02-18 09:21:52.711 V/WLAN_PSA(  326): NL MSG, len[048], NL type[0x11] WNI type[0x5050] len[028]
02-18 09:21:52.711 V/WLAN_PSA(  326): NL MSG, PID: 326
02-18 09:21:57.573 I/MSM-irqbalance(  504): Decided to move IRQ215 from CPU6 to CPU7
02-18 09:21:57.641 V/WLAN_PSA(  326): NL MSG, len[048], NL type[0x11] WNI type[0x5050] len[028]
02-18 09:21:57.641 V/WLAN_PSA(  326): NL MSG, PID: 326
02-18 09:22:02.651 V/WLAN_PSA(  326): NL MSG, len[048], NL type[0x11] WNI type[0x5050] len[028]
02-18 09:22:02.651 V/WLAN_PSA(  326): NL MSG, PID: 326
02-18 09:22:02.651 V/WLAN_PSA(  326): NL MSG, len[4036], NL type[0x1C] WNI type[0x5900] len[44047]
02-18 09:22:02.651 V/WLAN_PSA(  326): NL MSG, PID: 326
02-18 09:22:05.711 E/LocSvc_libulp( 2264): I/===> int ulp_msg_process_system_update(UlpSystemEvent) line 1455 
02-18 09:22:05.712 E/LocSvc_libulp( 2264): I/int ulp_msg_process_system_update(UlpSystemEvent): systemEvent:5 
02-18 09:22:05.712 E/LocSvc_libulp( 2264): I/===> int ulp_brain_process_system_update(UlpSystemEvent) line 2352 
02-18 09:22:05.712 E/LocSvc_libulp( 2264): I/===> int ulp_brain_select_providers() line 333 
02-18 09:22:05.712 E/LocSvc_libulp( 2264): I/===> int ulp_brain_turn_onoff_quipc_provider() line 700 
02-18 09:22:05.712 E/LocSvc_libulp( 2264): I/===> int ulp_quipc_stop_engine() line 235 
02-18 09:22:05.712 E/LocSvc_libulp( 2264): I/===> bool ulp_quipc_engine_running() line 60 
02-18 09:22:05.712 E/LocSvc_libulp( 2264): I/===> int ulp_brain_turn_onoff_gnss_provider() line 595 
02-18 09:22:05.712 E/LocSvc_libulp( 2264): I/===> int ulp_gnss_stop_engine() line 262 
02-18 09:22:05.712 E/LocSvc_libulp( 2264): I/===> bool ulp_quipc_engine_running() line 60 
02-18 09:22:05.712 E/LocSvc_libulp( 2264): I/===> int ulp_brain_turn_onoff_gnp_provider() line 496 
02-18 09:22:05.712 E/LocSvc_libulp( 2264): I/===> bool ulp_gnp_engine_running() line 59 
02-18 09:22:05.712 E/LocSvc_libulp( 2264): I/===> int ulp_gnp_stop_engine() line 195 
02-18 09:22:05.712 E/LocSvc_libulp( 2264): I/===> bool ulp_gnp_engine_running() line 59 
02-18 09:22:05.712 E/LocSvc_libulp( 2264): I/===> bool ulp_gnp_engine_running() line 59 
02-18 09:22:05.712 E/LocSvc_libulp( 2264): I/===> int ulp_brain_turn_onoff_zpp_provider() line 437 
02-18 09:22:05.712 E/LocSvc_libulp( 2264): I/===> int ulp_zpp_start_engine() line 98 
02-18 09:22:05.712 E/LocSvc_libulp( 2264): I/===> bool ulp_zpp_engine_running() line 62 
02-18 09:22:05.712 E/LocSvc_libulp( 2264): I/===> int ulp_msg_process_start_req() line 447 
02-18 09:22:05.712 E/LocSvc_libulp( 2264): I/int ulp_msg_process_start_req(), at ulp state = 1
02-18 09:22:05.712 E/LocSvc_api_v02( 2264): I/---> locClientSendReq line 2065 QMI_LOC_GET_BEST_AVAILABLE_POSITION_REQ_V02
02-18 09:22:05.720 E/LocSvc_ApiV02( 2264): I/<--- void globalRespCb(locClientHandleType, uint32_t, locClientRespIndUnionType, void*) line 111 QMI_LOC_GET_BEST_AVAILABLE_POSITION_REQ_V02
02-18 09:22:05.720 E/LocSvc_libulp( 2264): I/===> int ulp_brain_process_zpp_position_report(loc_sess_status, LocPosTechMask, const UlpLocation*) line 1463 
02-18 09:22:05.720 E/LocSvc_libulp( 2264): I/===> int ulp_msg_send_generic_position_report(loc_sess_status, LocPosTechMask, const UlpLocation*, const GpsLocationExtended*, const void*) line 1011 
02-18 09:22:05.720 D/Ulp_jni ( 2264): Location CB invoked
02-18 09:22:05.720 E/LocSvc_libulp( 2264): I/int ulp_brain_process_zpp_position_report(loc_sess_status, LocPosTechMask, const UlpLocation*), report ZPP position to providers,report_position = 1
02-18 09:22:05.720 E/LocSvc_libulp( 2264): I/===> int ulp_brain_select_providers() line 333 
02-18 09:22:05.720 E/LocSvc_libulp( 2264): I/===> int ulp_brain_turn_onoff_quipc_provider() line 700 
02-18 09:22:05.720 E/LocSvc_libulp( 2264): I/===> int ulp_quipc_stop_engine() line 235 
02-18 09:22:05.721 E/LocSvc_libulp( 2264): I/===> bool ulp_quipc_engine_running() line 60 
02-18 09:22:05.721 E/LocSvc_libulp( 2264): I/===> int ulp_brain_turn_onoff_gnss_provider() line 595 
02-18 09:22:05.721 E/LocSvc_libulp( 2264): I/===> int ulp_gnss_stop_engine() line 262 
02-18 09:22:05.721 E/LocSvc_libulp( 2264): I/===> bool ulp_quipc_engine_running() line 60 
02-18 09:22:05.721 E/LocSvc_libulp( 2264): I/===> int ulp_brain_turn_onoff_gnp_provider() line 496 
02-18 09:22:05.721 E/LocSvc_libulp( 2264): I/===> bool ulp_gnp_engine_running() line 59 
02-18 09:22:05.721 E/LocSvc_libulp( 2264): I/===> int ulp_gnp_stop_engine() line 195 
02-18 09:22:05.721 E/LocSvc_libulp( 2264): I/===> bool ulp_gnp_engine_running() line 59 
02-18 09:22:05.721 E/LocSvc_libulp( 2264): I/===> bool ulp_gnp_engine_running() line 59 
02-18 09:22:05.721 E/LocSvc_libulp( 2264): I/===> int ulp_brain_turn_onoff_zpp_provider() line 437 
02-18 09:22:05.721 E/LocSvc_libulp( 2264): I/===> int ulp_zpp_stop_engine() line 174 
02-18 09:22:05.721 E/LocSvc_libulp( 2264): I/===> bool ulp_zpp_engine_running() line 62 
02-18 09:22:06.095 I/WifiHAL ( 2264): Poll result = 1
02-18 09:22:06.095 V/WLAN_PSA(  326): NL MSG, len[048], NL type[0x11] WNI type[0x5050] len[028]
02-18 09:22:06.095 V/WLAN_PSA(  326): NL MSG, PID: 326
02-18 09:22:06.095 V/WLAN_PSA(  326): NL MSG, len[048], NL type[0x11] WNI type[0x5050] len[028]
02-18 09:22:06.095 V/WLAN_PSA(  326): NL MSG, PID: 326
02-18 09:22:06.096 I/WifiHAL ( 2264): Found some events!!!
02-18 09:22:06.096 D/WifiHAL ( 2264): no_seq_check received
02-18 09:22:06.096 I/WifiHAL ( 2264): event received NL80211_CMD_TRIGGER_SCAN
02-18 09:22:06.096 I/WifiHAL ( 2264): event received NL80211_CMD_TRIGGER_SCAN, vendor_id = 0x0
02-18 09:22:06.096 I/WifiHAL ( 2264): event ignored!!
02-18 09:22:06.105 V/WLAN_PSA(  326): NL MSG, len[048], NL type[0x11] WNI type[0x5050] len[028]
02-18 09:22:06.105 V/WLAN_PSA(  326): NL MSG, PID: 326
02-18 09:22:06.105 V/WLAN_PSA(  326): NL MSG, len[914], NL type[0x11] WNI type[0x5050] len[894]
02-18 09:22:06.105 V/WLAN_PSA(  326): NL MSG, PID: 326
02-18 09:22:06.105 V/WLAN_PSA(  326): NL MSG, len[048], NL type[0x11] WNI type[0x5050] len[028]
02-18 09:22:06.105 V/WLAN_PSA(  326): NL MSG, PID: 326
02-18 09:22:06.105 V/WLAN_PSA(  326): NL MSG, len[3984], NL type[0x1C] WNI type[0x5900] len[30735]
02-18 09:22:06.105 V/WLAN_PSA(  326): NL MSG, PID: 326
02-18 09:22:06.121 V/WLAN_PSA(  326): NL MSG, len[4032], NL type[0x1C] WNI type[0x5900] len[43023]
02-18 09:22:06.121 V/WLAN_PSA(  326): NL MSG, PID: 326
02-18 09:22:06.157 V/WLAN_PSA(  326): NL MSG, len[4085], NL type[0x1C] WNI type[0x5900] len[56591]
02-18 09:22:06.157 V/WLAN_PSA(  326): NL MSG, PID: 326
02-18 09:22:06.208 V/WLAN_PSA(  326): NL MSG, len[3995], NL type[0x1C] WNI type[0x5900] len[33551]
02-18 09:22:06.208 V/WLAN_PSA(  326): NL MSG, PID: 326
02-18 09:22:06.242 V/WLAN_PSA(  326): NL MSG, len[4027], NL type[0x1C] WNI type[0x5900] len[41743]
02-18 09:22:06.242 V/WLAN_PSA(  326): NL MSG, PID: 326
02-18 09:22:06.272 V/WLAN_PSA(  326): NL MSG, len[4077], NL type[0x1C] WNI type[0x5900] len[54543]
02-18 09:22:06.272 V/WLAN_PSA(  326): NL MSG, PID: 326
02-18 09:22:06.308 V/WLAN_PSA(  326): NL MSG, len[4067], NL type[0x1C] WNI type[0x5900] len[51983]
02-18 09:22:06.308 V/WLAN_PSA(  326): NL MSG, PID: 326
02-18 09:22:06.347 V/WLAN_PSA(  326): NL MSG, len[4093], NL type[0x1C] WNI type[0x5900] len[58639]
02-18 09:22:06.347 V/WLAN_PSA(  326): NL MSG, PID: 326
02-18 09:22:06.392 V/WLAN_PSA(  326): NL MSG, len[4046], NL type[0x1C] WNI type[0x5900] len[46607]
02-18 09:22:06.392 V/WLAN_PSA(  326): NL MSG, PID: 326
02-18 09:22:06.421 V/WLAN_PSA(  326): NL MSG, len[3993], NL type[0x1C] WNI type[0x5900] len[33039]
02-18 09:22:06.421 V/WLAN_PSA(  326): NL MSG, PID: 326
02-18 09:22:06.462 V/WLAN_PSA(  326): NL MSG, len[4076], NL type[0x1C] WNI type[0x5900] len[54287]
02-18 09:22:06.462 V/WLAN_PSA(  326): NL MSG, PID: 326
02-18 09:22:06.501 V/WLAN_PSA(  326): NL MSG, len[4049], NL type[0x1C] WNI type[0x5900] len[47375]
02-18 09:22:06.501 V/WLAN_PSA(  326): NL MSG, PID: 326
02-18 09:22:06.551 V/WLAN_PSA(  326): NL MSG, len[3956], NL type[0x1C] WNI type[0x5900] len[23567]
02-18 09:22:06.551 V/WLAN_PSA(  326): NL MSG, PID: 326
02-18 09:22:06.591 V/WLAN_PSA(  326): NL MSG, len[4018], NL type[0x1C] WNI type[0x5900] len[39439]
02-18 09:22:06.591 V/WLAN_PSA(  326): NL MSG, PID: 326
02-18 09:22:06.628 V/WLAN_PSA(  326): NL MSG, len[4028], NL type[0x1C] WNI type[0x5900] len[41999]
02-18 09:22:06.628 V/WLAN_PSA(  326): NL MSG, PID: 326
02-18 09:22:06.772 V/WLAN_PSA(  326): NL MSG, len[4093], NL type[0x1C] WNI type[0x5900] len[58639]
02-18 09:22:06.772 V/WLAN_PSA(  326): NL MSG, PID: 326
02-18 09:22:07.107 V/WLAN_PSA(  326): NL MSG, len[4064], NL type[0x1C] WNI type[0x5900] len[51215]
02-18 09:22:07.107 V/WLAN_PSA(  326): NL MSG, PID: 326
02-18 09:22:07.152 V/WLAN_PSA(  326): NL MSG, len[4087], NL type[0x1C] WNI type[0x5900] len[57103]
02-18 09:22:07.152 V/WLAN_PSA(  326): NL MSG, PID: 326
02-18 09:22:07.181 V/WLAN_PSA(  326): NL MSG, len[4000], NL type[0x1C] WNI type[0x5900] len[34831]
02-18 09:22:07.181 V/WLAN_PSA(  326): NL MSG, PID: 326
02-18 09:22:07.221 V/WLAN_PSA(  326): NL MSG, len[4008], NL type[0x1C] WNI type[0x5900] len[36879]
02-18 09:22:07.221 V/WLAN_PSA(  326): NL MSG, PID: 326
02-18 09:22:07.263 V/WLAN_PSA(  326): NL MSG, len[4065], NL type[0x1C] WNI type[0x5900] len[51471]
02-18 09:22:07.263 V/WLAN_PSA(  326): NL MSG, PID: 326
02-18 09:22:07.266 V/WLAN_PSA(  326): NL MSG, len[3996], NL type[0x1C] WNI type[0x5900] len[33807]
02-18 09:22:07.266 V/WLAN_PSA(  326): NL MSG, PID: 326
02-18 09:22:07.268 V/WLAN_PSA(  326): NL MSG, len[914], NL type[0x11] WNI type[0x5050] len[894]
02-18 09:22:07.268 V/WLAN_PSA(  326): NL MSG, PID: 326
02-18 09:22:07.268 V/WLAN_PSA(  326): NL MSG, len[3944], NL type[0x1C] WNI type[0x5900] len[20495]
02-18 09:22:07.268 V/WLAN_PSA(  326): NL MSG, PID: 326
02-18 09:22:07.269 V/WLAN_PSA(  326): NL MSG, len[4086], NL type[0x1C] WNI type[0x5900] len[56847]
02-18 09:22:07.269 V/WLAN_PSA(  326): NL MSG, PID: 326
02-18 09:22:07.269 I/WifiHAL ( 2264): Poll result = 1
02-18 09:22:07.269 I/WifiHAL ( 2264): Found some events!!!
02-18 09:22:07.269 D/WifiHAL ( 2264): no_seq_check received
02-18 09:22:07.269 I/WifiHAL ( 2264): event received NL80211_CMD_NEW_SCAN_RESULTS
02-18 09:22:07.269 I/WifiHAL ( 2264): event received NL80211_CMD_NEW_SCAN_RESULTS, vendor_id = 0x0
02-18 09:22:07.269 I/WifiHAL ( 2264): event ignored!!
02-18 09:22:07.286 D/LBSSystemMonitorService( 2264): handleMessage what - 4
02-18 09:22:07.287 D/Wiper_jni( 2264): Send Network Location.
02-18 09:22:07.287 E/LocSvc_api_v02( 2264): I/---> locClientSendReq line 2065 QMI_LOC_INJECT_WIFI_POSITION_REQ_V02
02-18 09:22:07.290 E/LocSvc_ApiV02( 2264): I/<--- void globalRespCb(locClientHandleType, uint32_t, locClientRespIndUnionType, void*) line 111 QMI_LOC_INJECT_WIFI_POSITION_REQ_V02
02-18 09:22:07.461 V/WLAN_PSA(  326): NL MSG, len[048], NL type[0x11] WNI type[0x5050] len[028]
02-18 09:22:07.461 V/WLAN_PSA(  326): NL MSG, PID: 326
02-18 09:22:07.461 V/WLAN_PSA(  326): NL MSG, len[048], NL type[0x11] WNI type[0x5050] len[028]
02-18 09:22:07.461 V/WLAN_PSA(  326): NL MSG, PID: 326
02-18 09:22:07.462 V/WLAN_PSA(  326): NL MSG, len[048], NL type[0x11] WNI type[0x5050] len[028]
02-18 09:22:07.462 V/WLAN_PSA(  326): NL MSG, PID: 326
02-18 09:22:07.574 I/MSM-irqbalance(  504): Decided to move IRQ57 from CPU6 to CPU7
02-18 09:22:07.661 V/WLAN_PSA(  326): NL MSG, len[048], NL type[0x11] WNI type[0x5050] len[028]
02-18 09:22:07.661 V/WLAN_PSA(  326): NL MSG, PID: 326
02-18 09:22:07.661 V/WLAN_PSA(  326): NL MSG, len[048], NL type[0x11] WNI type[0x5050] len[028]
02-18 09:22:07.661 V/WLAN_PSA(  326): NL MSG, PID: 326
02-18 09:22:12.671 V/WLAN_PSA(  326): NL MSG, len[048], NL type[0x11] WNI type[0x5050] len[028]
02-18 09:22:12.671 V/WLAN_PSA(  326): NL MSG, PID: 326
02-18 09:22:13.460 V/WLAN_PSA(  326): NL MSG, len[4018], NL type[0x1C] WNI type[0x5900] len[39439]
02-18 09:22:13.460 V/WLAN_PSA(  326): NL MSG, PID: 326
02-18 09:22:17.681 V/WLAN_PSA(  326): NL MSG, len[048], NL type[0x11] WNI type[0x5050] len[028]
02-18 09:22:17.681 V/WLAN_PSA(  326): NL MSG, PID: 326
02-18 09:22:21.110 V/WLAN_PSA(  326): NL MSG, len[048], NL type[0x11] WNI type[0x5050] len[028]
02-18 09:22:21.110 V/WLAN_PSA(  326): NL MSG, PID: 326
02-18 09:22:21.110 I/WifiHAL ( 2264): Poll result = 1
02-18 09:22:21.110 I/WifiHAL ( 2264): Found some events!!!
02-18 09:22:21.110 D/WifiHAL ( 2264): no_seq_check received
02-18 09:22:21.110 I/WifiHAL ( 2264): event received NL80211_CMD_TRIGGER_SCAN
02-18 09:22:21.110 I/WifiHAL ( 2264): event received NL80211_CMD_TRIGGER_SCAN, vendor_id = 0x0
02-18 09:22:21.110 I/WifiHAL ( 2264): event ignored!!
02-18 09:22:21.110 V/WLAN_PSA(  326): NL MSG, len[048], NL type[0x11] WNI type[0x5050] len[028]
02-18 09:22:21.110 V/WLAN_PSA(  326): NL MSG, PID: 326
02-18 09:22:21.120 V/WLAN_PSA(  326): NL MSG, len[048], NL type[0x11] WNI type[0x5050] len[028]
02-18 09:22:21.120 V/WLAN_PSA(  326): NL MSG, PID: 326
02-18 09:22:21.120 V/WLAN_PSA(  326): NL MSG, len[4068], NL type[0x1C] WNI type[0x5900] len[52239]
02-18 09:22:21.120 V/WLAN_PSA(  326): NL MSG, PID: 326
02-18 09:22:21.120 V/WLAN_PSA(  326): NL MSG, len[914], NL type[0x11] WNI type[0x5050] len[894]
02-18 09:22:21.120 V/WLAN_PSA(  326): NL MSG, PID: 326
02-18 09:22:21.120 V/WLAN_PSA(  326): NL MSG, len[048], NL type[0x11] WNI type[0x5050] len[028]
02-18 09:22:21.120 V/WLAN_PSA(  326): NL MSG, PID: 326
02-18 09:22:21.131 V/WLAN_PSA(  326): NL MSG, len[4070], NL type[0x1C] WNI type[0x5900] len[52751]
02-18 09:22:21.131 V/WLAN_PSA(  326): NL MSG, PID: 326
02-18 09:22:21.168 V/WLAN_PSA(  326): NL MSG, len[4023], NL type[0x1C] WNI type[0x5900] len[40719]
02-18 09:22:21.168 V/WLAN_PSA(  326): NL MSG, PID: 326
02-18 09:22:21.221 V/WLAN_PSA(  326): NL MSG, len[4072], NL type[0x1C] WNI type[0x5900] len[53263]
02-18 09:22:21.221 V/WLAN_PSA(  326): NL MSG, PID: 326
02-18 09:22:21.267 V/WLAN_PSA(  326): NL MSG, len[3939], NL type[0x1C] WNI type[0x5900] len[19215]
02-18 09:22:21.267 V/WLAN_PSA(  326): NL MSG, PID: 326
02-18 09:22:21.301 V/WLAN_PSA(  326): NL MSG, len[4000], NL type[0x1C] WNI type[0x5900] len[34831]
02-18 09:22:21.301 V/WLAN_PSA(  326): NL MSG, PID: 326
02-18 09:22:21.342 V/WLAN_PSA(  326): NL MSG, len[4083], NL type[0x1C] WNI type[0x5900] len[56079]
02-18 09:22:21.342 V/WLAN_PSA(  326): NL MSG, PID: 326
02-18 09:22:21.371 V/WLAN_PSA(  326): NL MSG, len[4025], NL type[0x1C] WNI type[0x5900] len[41231]
02-18 09:22:21.371 V/WLAN_PSA(  326): NL MSG, PID: 326
02-18 09:22:21.402 V/WLAN_PSA(  326): NL MSG, len[4085], NL type[0x1C] WNI type[0x5900] len[56591]
02-18 09:22:21.402 V/WLAN_PSA(  326): NL MSG, PID: 326
02-18 09:22:21.447 V/WLAN_PSA(  326): NL MSG, len[4047], NL type[0x1C] WNI type[0x5900] len[46863]
02-18 09:22:21.447 V/WLAN_PSA(  326): NL MSG, PID: 326
02-18 09:22:21.491 V/WLAN_PSA(  326): NL MSG, len[4087], NL type[0x1C] WNI type[0x5900] len[57103]
02-18 09:22:21.491 V/WLAN_PSA(  326): NL MSG, PID: 326
02-18 09:22:21.532 V/WLAN_PSA(  326): NL MSG, len[4067], NL type[0x1C] WNI type[0x5900] len[51983]
02-18 09:22:21.532 V/WLAN_PSA(  326): NL MSG, PID: 326
02-18 09:22:21.573 V/WLAN_PSA(  326): NL MSG, len[4085], NL type[0x1C] WNI type[0x5900] len[56591]
02-18 09:22:21.573 V/WLAN_PSA(  326): NL MSG, PID: 326
02-18 09:22:21.609 V/WLAN_PSA(  326): NL MSG, len[3989], NL type[0x1C] WNI type[0x5900] len[32015]
02-18 09:22:21.609 V/WLAN_PSA(  326): NL MSG, PID: 326
02-18 09:22:21.651 V/WLAN_PSA(  326): NL MSG, len[4082], NL type[0x1C] WNI type[0x5900] len[55823]
02-18 09:22:21.651 V/WLAN_PSA(  326): NL MSG, PID: 326
02-18 09:22:21.887 V/WLAN_PSA(  326): NL MSG, len[4083], NL type[0x1C] WNI type[0x5900] len[56079]
02-18 09:22:21.887 V/WLAN_PSA(  326): NL MSG, PID: 326
02-18 09:22:22.111 V/WLAN_PSA(  326): NL MSG, len[4069], NL type[0x1C] WNI type[0x5900] len[52495]
02-18 09:22:22.111 V/WLAN_PSA(  326): NL MSG, PID: 326
02-18 09:22:22.151 V/WLAN_PSA(  326): NL MSG, len[4026], NL type[0x1C] WNI type[0x5900] len[41487]
02-18 09:22:22.151 V/WLAN_PSA(  326): NL MSG, PID: 326
02-18 09:22:22.191 V/WLAN_PSA(  326): NL MSG, len[4057], NL type[0x1C] WNI type[0x5900] len[49423]
02-18 09:22:22.191 V/WLAN_PSA(  326): NL MSG, PID: 326
02-18 09:22:22.227 V/WLAN_PSA(  326): NL MSG, len[4056], NL type[0x1C] WNI type[0x5900] len[49167]
02-18 09:22:22.227 V/WLAN_PSA(  326): NL MSG, PID: 326
02-18 09:22:22.263 V/WLAN_PSA(  326): NL MSG, len[4024], NL type[0x1C] WNI type[0x5900] len[40975]
02-18 09:22:22.263 V/WLAN_PSA(  326): NL MSG, PID: 326
02-18 09:22:22.264 V/WLAN_PSA(  326): NL MSG, len[3995], NL type[0x1C] WNI type[0x5900] len[33551]
02-18 09:22:22.264 V/WLAN_PSA(  326): NL MSG, PID: 326
02-18 09:22:22.265 V/WLAN_PSA(  326): NL MSG, len[914], NL type[0x11] WNI type[0x5050] len[894]
02-18 09:22:22.265 V/WLAN_PSA(  326): NL MSG, PID: 326
02-18 09:22:22.266 V/WLAN_PSA(  326): NL MSG, len[4054], NL type[0x1C] WNI type[0x5900] len[48655]
02-18 09:22:22.266 V/WLAN_PSA(  326): NL MSG, PID: 326
02-18 09:22:22.266 V/WLAN_PSA(  326): NL MSG, len[3993], NL type[0x1C] WNI type[0x5900] len[33039]
02-18 09:22:22.266 V/WLAN_PSA(  326): NL MSG, PID: 326
02-18 09:22:22.267 I/WifiHAL ( 2264): Poll result = 1
02-18 09:22:22.267 I/WifiHAL ( 2264): Found some events!!!
02-18 09:22:22.267 D/WifiHAL ( 2264): no_seq_check received
02-18 09:22:22.267 I/WifiHAL ( 2264): event received NL80211_CMD_NEW_SCAN_RESULTS
02-18 09:22:22.267 I/WifiHAL ( 2264): event received NL80211_CMD_NEW_SCAN_RESULTS, vendor_id = 0x0
02-18 09:22:22.267 I/WifiHAL ( 2264): event ignored!!
02-18 09:22:22.280 D/LBSSystemMonitorService( 2264): handleMessage what - 4
02-18 09:22:22.280 D/Wiper_jni( 2264): Send Network Location.
02-18 09:22:22.281 E/LocSvc_api_v02( 2264): I/---> locClientSendReq line 2065 QMI_LOC_INJECT_WIFI_POSITION_REQ_V02
02-18 09:22:22.284 E/LocSvc_ApiV02( 2264): I/<--- void globalRespCb(locClientHandleType, uint32_t, locClientRespIndUnionType, void*) line 111 QMI_LOC_INJECT_WIFI_POSITION_REQ_V02
02-18 09:22:22.461 V/WLAN_PSA(  326): NL MSG, len[048], NL type[0x11] WNI type[0x5050] len[028]
02-18 09:22:22.461 V/WLAN_PSA(  326): NL MSG, PID: 326
02-18 09:22:22.461 V/WLAN_PSA(  326): NL MSG, len[048], NL type[0x11] WNI type[0x5050] len[028]
02-18 09:22:22.461 V/WLAN_PSA(  326): NL MSG, PID: 326
02-18 09:22:22.462 V/WLAN_PSA(  326): NL MSG, len[048], NL type[0x11] WNI type[0x5050] len[028]
02-18 09:22:22.462 V/WLAN_PSA(  326): NL MSG, PID: 326
02-18 09:22:22.661 V/WLAN_PSA(  326): NL MSG, len[048], NL type[0x11] WNI type[0x5050] len[028]
02-18 09:22:22.661 V/WLAN_PSA(  326): NL MSG, PID: 326
02-18 09:22:22.691 V/WLAN_PSA(  326): NL MSG, len[048], NL type[0x11] WNI type[0x5050] len[028]
02-18 09:22:22.691 V/WLAN_PSA(  326): NL MSG, PID: 326
02-18 09:22:27.701 V/WLAN_PSA(  326): NL MSG, len[048], NL type[0x11] WNI type[0x5050] len[028]
02-18 09:22:27.701 V/WLAN_PSA(  326): NL MSG, PID: 326
02-18 09:22:32.711 V/WLAN_PSA(  326): NL MSG, len[048], NL type[0x11] WNI type[0x5050] len[028]
02-18 09:22:32.711 V/WLAN_PSA(  326): NL MSG, PID: 326
02-18 09:22:36.124 V/WLAN_PSA(  326): NL MSG, len[4020], NL type[0x1C] WNI type[0x5900] len[39951]
02-18 09:22:36.124 V/WLAN_PSA(  326): NL MSG, PID: 326
02-18 09:22:36.124 V/WLAN_PSA(  326): NL MSG, len[048], NL type[0x11] WNI type[0x5050] len[028]
02-18 09:22:36.124 V/WLAN_PSA(  326): NL MSG, PID: 326
02-18 09:22:36.124 I/WifiHAL ( 2264): Poll result = 1
02-18 09:22:36.124 I/WifiHAL ( 2264): Found some events!!!
02-18 09:22:36.124 D/WifiHAL ( 2264): no_seq_check received
02-18 09:22:36.124 I/WifiHAL ( 2264): event received NL80211_CMD_TRIGGER_SCAN
02-18 09:22:36.124 I/WifiHAL ( 2264): event received NL80211_CMD_TRIGGER_SCAN, vendor_id = 0x0
02-18 09:22:36.124 I/WifiHAL ( 2264): event ignored!!
02-18 09:22:36.125 V/WLAN_PSA(  326): NL MSG, len[048], NL type[0x11] WNI type[0x5050] len[028]
02-18 09:22:36.125 V/WLAN_PSA(  326): NL MSG, PID: 326
02-18 09:22:36.134 V/WLAN_PSA(  326): NL MSG, len[048], NL type[0x11] WNI type[0x5050] len[028]
02-18 09:22:36.134 V/WLAN_PSA(  326): NL MSG, PID: 326
02-18 09:22:36.134 V/WLAN_PSA(  326): NL MSG, len[914], NL type[0x11] WNI type[0x5050] len[894]
02-18 09:22:36.134 V/WLAN_PSA(  326): NL MSG, PID: 326
02-18 09:22:36.134 V/WLAN_PSA(  326): NL MSG, len[048], NL type[0x11] WNI type[0x5050] len[028]
02-18 09:22:36.134 V/WLAN_PSA(  326): NL MSG, PID: 326
02-18 09:22:36.134 V/WLAN_PSA(  326): NL MSG, len[4023], NL type[0x1C] WNI type[0x5900] len[40719]
02-18 09:22:36.134 V/WLAN_PSA(  326): NL MSG, PID: 326
02-18 09:22:36.141 V/WLAN_PSA(  326): NL MSG, len[3990], NL type[0x1C] WNI type[0x5900] len[32271]
02-18 09:22:36.141 V/WLAN_PSA(  326): NL MSG, PID: 326
02-18 09:22:36.189 V/WLAN_PSA(  326): NL MSG, len[4073], NL type[0x1C] WNI type[0x5900] len[53519]
02-18 09:22:36.189 V/WLAN_PSA(  326): NL MSG, PID: 326
02-18 09:22:36.237 V/WLAN_PSA(  326): NL MSG, len[4033], NL type[0x1C] WNI type[0x5900] len[43279]
02-18 09:22:36.237 V/WLAN_PSA(  326): NL MSG, PID: 326
02-18 09:22:36.272 V/WLAN_PSA(  326): NL MSG, len[4036], NL type[0x1C] WNI type[0x5900] len[44047]
02-18 09:22:36.272 V/WLAN_PSA(  326): NL MSG, PID: 326
02-18 09:22:36.302 V/WLAN_PSA(  326): NL MSG, len[4043], NL type[0x1C] WNI type[0x5900] len[45839]
02-18 09:22:36.302 V/WLAN_PSA(  326): NL MSG, PID: 326
02-18 09:22:36.361 V/WLAN_PSA(  326): NL MSG, len[4087], NL type[0x1C] WNI type[0x5900] len[57103]
02-18 09:22:36.361 V/WLAN_PSA(  326): NL MSG, PID: 326
02-18 09:22:36.387 V/WLAN_PSA(  326): NL MSG, len[4053], NL type[0x1C] WNI type[0x5900] len[48399]
02-18 09:22:36.387 V/WLAN_PSA(  326): NL MSG, PID: 326
02-18 09:22:36.427 V/WLAN_PSA(  326): NL MSG, len[4033], NL type[0x1C] WNI type[0x5900] len[43279]
02-18 09:22:36.427 V/WLAN_PSA(  326): NL MSG, PID: 326
02-18 09:22:36.471 V/WLAN_PSA(  326): NL MSG, len[4009], NL type[0x1C] WNI type[0x5900] len[37135]
02-18 09:22:36.472 V/WLAN_PSA(  326): NL MSG, PID: 326
02-18 09:22:36.521 V/WLAN_PSA(  326): NL MSG, len[4036], NL type[0x1C] WNI type[0x5900] len[44047]
02-18 09:22:36.521 V/WLAN_PSA(  326): NL MSG, PID: 326
02-18 09:22:36.568 V/WLAN_PSA(  326): NL MSG, len[4005], NL type[0x1C] WNI type[0x5900] len[36111]
02-18 09:22:36.568 V/WLAN_PSA(  326): NL MSG, PID: 326
02-18 09:22:36.611 V/WLAN_PSA(  326): NL MSG, len[4090], NL type[0x1C] WNI type[0x5900] len[57871]
02-18 09:22:36.611 V/WLAN_PSA(  326): NL MSG, PID: 326
02-18 09:22:36.661 V/WLAN_PSA(  326): NL MSG, len[4018], NL type[0x1C] WNI type[0x5900] len[39439]
02-18 09:22:36.661 V/WLAN_PSA(  326): NL MSG, PID: 326
02-18 09:22:36.697 V/WLAN_PSA(  326): NL MSG, len[4088], NL type[0x1C] WNI type[0x5900] len[57359]
02-18 09:22:36.697 V/WLAN_PSA(  326): NL MSG, PID: 326
02-18 09:22:36.871 V/WLAN_PSA(  326): NL MSG, len[4018], NL type[0x1C] WNI type[0x5900] len[39439]
02-18 09:22:36.871 V/WLAN_PSA(  326): NL MSG, PID: 326
02-18 09:22:37.202 V/WLAN_PSA(  326): NL MSG, len[4039], NL type[0x1C] WNI type[0x5900] len[44815]
02-18 09:22:37.202 V/WLAN_PSA(  326): NL MSG, PID: 326
02-18 09:22:37.233 V/WLAN_PSA(  326): NL MSG, len[4086], NL type[0x1C] WNI type[0x5900] len[56847]
02-18 09:22:37.233 V/WLAN_PSA(  326): NL MSG, PID: 326
02-18 09:22:37.267 V/WLAN_PSA(  326): NL MSG, len[4088], NL type[0x1C] WNI type[0x5900] len[57359]
02-18 09:22:37.267 V/WLAN_PSA(  326): NL MSG, PID: 326
02-18 09:22:37.318 V/WLAN_PSA(  326): NL MSG, len[4074], NL type[0x1C] WNI type[0x5900] len[53775]
02-18 09:22:37.318 V/WLAN_PSA(  326): NL MSG, PID: 326
02-18 09:22:37.363 V/WLAN_PSA(  326): NL MSG, len[4009], NL type[0x1C] WNI type[0x5900] len[37135]
02-18 09:22:37.363 V/WLAN_PSA(  326): NL MSG, PID: 326
02-18 09:22:37.364 V/WLAN_PSA(  326): NL MSG, len[4024], NL type[0x1C] WNI type[0x5900] len[40975]
02-18 09:22:37.364 V/WLAN_PSA(  326): NL MSG, PID: 326
02-18 09:22:37.366 V/WLAN_PSA(  326): NL MSG, len[914], NL type[0x11] WNI type[0x5050] len[894]
02-18 09:22:37.366 V/WLAN_PSA(  326): NL MSG, PID: 326
02-18 09:22:37.366 V/WLAN_PSA(  326): NL MSG, len[3949], NL type[0x1C] WNI type[0x5900] len[21775]
02-18 09:22:37.366 V/WLAN_PSA(  326): NL MSG, PID: 326
02-18 09:22:37.367 V/WLAN_PSA(  326): NL MSG, len[4006], NL type[0x1C] WNI type[0x5900] len[36367]
02-18 09:22:37.367 V/WLAN_PSA(  326): NL MSG, PID: 326
02-18 09:22:37.368 I/WifiHAL ( 2264): Poll result = 1
02-18 09:22:37.368 I/WifiHAL ( 2264): Found some events!!!
02-18 09:22:37.368 D/WifiHAL ( 2264): no_seq_check received
02-18 09:22:37.368 I/WifiHAL ( 2264): event received NL80211_CMD_NEW_SCAN_RESULTS
02-18 09:22:37.368 I/WifiHAL ( 2264): event received NL80211_CMD_NEW_SCAN_RESULTS, vendor_id = 0x0
02-18 09:22:37.368 I/WifiHAL ( 2264): event ignored!!
02-18 09:22:37.384 D/LBSSystemMonitorService( 2264): handleMessage what - 4
02-18 09:22:37.384 D/Wiper_jni( 2264): Send Network Location.
02-18 09:22:37.384 E/LocSvc_api_v02( 2264): I/---> locClientSendReq line 2065 QMI_LOC_INJECT_WIFI_POSITION_REQ_V02
02-18 09:22:37.387 E/LocSvc_ApiV02( 2264): I/<--- void globalRespCb(locClientHandleType, uint32_t, locClientRespIndUnionType, void*) line 111 QMI_LOC_INJECT_WIFI_POSITION_REQ_V02
02-18 09:22:37.571 V/WLAN_PSA(  326): NL MSG, len[048], NL type[0x11] WNI type[0x5050] len[028]
02-18 09:22:37.571 V/WLAN_PSA(  326): NL MSG, PID: 326
02-18 09:22:37.572 V/WLAN_PSA(  326): NL MSG, len[048], NL type[0x11] WNI type[0x5050] len[028]
02-18 09:22:37.572 V/WLAN_PSA(  326): NL MSG, PID: 326
02-18 09:22:37.574 V/WLAN_PSA(  326): NL MSG, len[4055], NL type[0x1C] WNI type[0x5900] len[48911]
02-18 09:22:37.574 V/WLAN_PSA(  326): NL MSG, PID: 326
02-18 09:22:37.574 V/WLAN_PSA(  326): NL MSG, len[048], NL type[0x11] WNI type[0x5050] len[028]
02-18 09:22:37.574 V/WLAN_PSA(  326): NL MSG, PID: 326
02-18 09:22:37.721 V/WLAN_PSA(  326): NL MSG, len[048], NL type[0x11] WNI type[0x5050] len[028]
02-18 09:22:37.721 V/WLAN_PSA(  326): NL MSG, PID: 326
02-18 09:22:37.771 V/WLAN_PSA(  326): NL MSG, len[048], NL type[0x11] WNI type[0x5050] len[028]
02-18 09:22:37.771 V/WLAN_PSA(  326): NL MSG, PID: 326
02-18 09:22:42.731 V/WLAN_PSA(  326): NL MSG, len[048], NL type[0x11] WNI type[0x5050] len[028]
02-18 09:22:42.731 V/WLAN_PSA(  326): NL MSG, PID: 326
02-18 09:22:47.741 V/WLAN_PSA(  326): NL MSG, len[048], NL type[0x11] WNI type[0x5050] len[028]
02-18 09:22:47.741 V/WLAN_PSA(  326): NL MSG, PID: 326
02-18 09:22:51.139 V/WLAN_PSA(  326): NL MSG, len[048], NL type[0x11] WNI type[0x5050] len[028]
02-18 09:22:51.139 V/WLAN_PSA(  326): NL MSG, PID: 326
02-18 09:22:51.139 I/WifiHAL ( 2264): Poll result = 1
02-18 09:22:51.139 I/WifiHAL ( 2264): Found some events!!!
02-18 09:22:51.139 D/WifiHAL ( 2264): no_seq_check received
02-18 09:22:51.139 I/WifiHAL ( 2264): event received NL80211_CMD_TRIGGER_SCAN
02-18 09:22:51.139 I/WifiHAL ( 2264): event received NL80211_CMD_TRIGGER_SCAN, vendor_id = 0x0
02-18 09:22:51.139 I/WifiHAL ( 2264): event ignored!!
02-18 09:22:51.139 V/WLAN_PSA(  326): NL MSG, len[048], NL type[0x11] WNI type[0x5050] len[028]
02-18 09:22:51.139 V/WLAN_PSA(  326): NL MSG, PID: 326
02-18 09:22:51.149 V/WLAN_PSA(  326): NL MSG, len[048], NL type[0x11] WNI type[0x5050] len[028]
02-18 09:22:51.149 V/WLAN_PSA(  326): NL MSG, PID: 326
02-18 09:22:51.149 V/WLAN_PSA(  326): NL MSG, len[4080], NL type[0x1C] WNI type[0x5900] len[55311]
02-18 09:22:51.149 V/WLAN_PSA(  326): NL MSG, PID: 326
02-18 09:22:51.149 V/WLAN_PSA(  326): NL MSG, len[914], NL type[0x11] WNI type[0x5050] len[894]
02-18 09:22:51.149 V/WLAN_PSA(  326): NL MSG, PID: 326
02-18 09:22:51.149 V/WLAN_PSA(  326): NL MSG, len[048], NL type[0x11] WNI type[0x5050] len[028]
02-18 09:22:51.149 V/WLAN_PSA(  326): NL MSG, PID: 326
02-18 09:22:51.154 V/WLAN_PSA(  326): NL MSG, len[4064], NL type[0x1C] WNI type[0x5900] len[51215]
02-18 09:22:51.154 V/WLAN_PSA(  326): NL MSG, PID: 326
02-18 09:22:51.192 V/WLAN_PSA(  326): NL MSG, len[4021], NL type[0x1C] WNI type[0x5900] len[40207]
02-18 09:22:51.192 V/WLAN_PSA(  326): NL MSG, PID: 326
02-18 09:22:51.241 V/WLAN_PSA(  326): NL MSG, len[4021], NL type[0x1C] WNI type[0x5900] len[40207]
02-18 09:22:51.241 V/WLAN_PSA(  326): NL MSG, PID: 326
02-18 09:22:51.292 V/WLAN_PSA(  326): NL MSG, len[4071], NL type[0x1C] WNI type[0x5900] len[53007]
02-18 09:22:51.292 V/WLAN_PSA(  326): NL MSG, PID: 326
02-18 09:22:51.321 V/WLAN_PSA(  326): NL MSG, len[4025], NL type[0x1C] WNI type[0x5900] len[41231]
02-18 09:22:51.321 V/WLAN_PSA(  326): NL MSG, PID: 326
02-18 09:22:51.354 V/WLAN_PSA(  326): NL MSG, len[4093], NL type[0x1C] WNI type[0x5900] len[58639]
02-18 09:22:51.354 V/WLAN_PSA(  326): NL MSG, PID: 326
02-18 09:22:51.392 V/WLAN_PSA(  326): NL MSG, len[4030], NL type[0x1C] WNI type[0x5900] len[42511]
02-18 09:22:51.392 V/WLAN_PSA(  326): NL MSG, PID: 326
02-18 09:22:51.421 V/WLAN_PSA(  326): NL MSG, len[4054], NL type[0x1C] WNI type[0x5900] len[48655]
02-18 09:22:51.421 V/WLAN_PSA(  326): NL MSG, PID: 326
02-18 09:22:51.459 V/WLAN_PSA(  326): NL MSG, len[4032], NL type[0x1C] WNI type[0x5900] len[43023]
02-18 09:22:51.459 V/WLAN_PSA(  326): NL MSG, PID: 326
02-18 09:22:51.501 V/WLAN_PSA(  326): NL MSG, len[4080], NL type[0x1C] WNI type[0x5900] len[55311]
02-18 09:22:51.501 V/WLAN_PSA(  326): NL MSG, PID: 326
02-18 09:22:51.531 V/WLAN_PSA(  326): NL MSG, len[4089], NL type[0x1C] WNI type[0x5900] len[57615]
02-18 09:22:51.531 V/WLAN_PSA(  326): NL MSG, PID: 326
02-18 09:22:51.581 V/WLAN_PSA(  326): NL MSG, len[4005], NL type[0x1C] WNI type[0x5900] len[36111]
02-18 09:22:51.581 V/WLAN_PSA(  326): NL MSG, PID: 326
02-18 09:22:51.621 V/WLAN_PSA(  326): NL MSG, len[4018], NL type[0x1C] WNI type[0x5900] len[39439]
02-18 09:22:51.621 V/WLAN_PSA(  326): NL MSG, PID: 326
02-18 09:22:51.671 V/WLAN_PSA(  326): NL MSG, len[4018], NL type[0x1C] WNI type[0x5900] len[39439]
02-18 09:22:51.671 V/WLAN_PSA(  326): NL MSG, PID: 326
02-18 09:22:51.708 V/WLAN_PSA(  326): NL MSG, len[4028], NL type[0x1C] WNI type[0x5900] len[41999]
02-18 09:22:51.708 V/WLAN_PSA(  326): NL MSG, PID: 326
02-18 09:22:51.852 V/WLAN_PSA(  326): NL MSG, len[4022], NL type[0x1C] WNI type[0x5900] len[40463]
02-18 09:22:51.852 V/WLAN_PSA(  326): NL MSG, PID: 326
02-18 09:22:52.187 V/WLAN_PSA(  326): NL MSG, len[4051], NL type[0x1C] WNI type[0x5900] len[47887]
02-18 09:22:52.187 V/WLAN_PSA(  326): NL MSG, PID: 326
02-18 09:22:52.231 V/WLAN_PSA(  326): NL MSG, len[4084], NL type[0x1C] WNI type[0x5900] len[56335]
02-18 09:22:52.231 V/WLAN_PSA(  326): NL MSG, PID: 326
02-18 09:22:52.261 V/WLAN_PSA(  326): NL MSG, len[4084], NL type[0x1C] WNI type[0x5900] len[56335]
02-18 09:22:52.261 V/WLAN_PSA(  326): NL MSG, PID: 326
02-18 09:22:52.301 V/WLAN_PSA(  326): NL MSG, len[4060], NL type[0x1C] WNI type[0x5900] len[50191]
02-18 09:22:52.301 V/WLAN_PSA(  326): NL MSG, PID: 326
02-18 09:22:52.363 V/WLAN_PSA(  326): NL MSG, len[4016], NL type[0x1C] WNI type[0x5900] len[38927]
02-18 09:22:52.363 V/WLAN_PSA(  326): NL MSG, PID: 326
02-18 09:22:52.364 V/WLAN_PSA(  326): NL MSG, len[3996], NL type[0x1C] WNI type[0x5900] len[33807]
02-18 09:22:52.364 V/WLAN_PSA(  326): NL MSG, PID: 326
02-18 09:22:52.365 V/WLAN_PSA(  326): NL MSG, len[4086], NL type[0x1C] WNI type[0x5900] len[56847]
02-18 09:22:52.365 V/WLAN_PSA(  326): NL MSG, PID: 326
02-18 09:22:52.366 V/WLAN_PSA(  326): NL MSG, len[914], NL type[0x11] WNI type[0x5050] len[894]
02-18 09:22:52.366 V/WLAN_PSA(  326): NL MSG, PID: 326
02-18 09:22:52.367 V/WLAN_PSA(  326): NL MSG, len[3968], NL type[0x1C] WNI type[0x5900] len[26639]
02-18 09:22:52.367 V/WLAN_PSA(  326): NL MSG, PID: 326
02-18 09:22:52.367 I/WifiHAL ( 2264): Poll result = 1
02-18 09:22:52.367 I/WifiHAL ( 2264): Found some events!!!
02-18 09:22:52.367 D/WifiHAL ( 2264): no_seq_check received
02-18 09:22:52.367 I/WifiHAL ( 2264): event received NL80211_CMD_NEW_SCAN_RESULTS
02-18 09:22:52.367 I/WifiHAL ( 2264): event received NL80211_CMD_NEW_SCAN_RESULTS, vendor_id = 0x0
02-18 09:22:52.367 I/WifiHAL ( 2264): event ignored!!
02-18 09:22:52.367 V/WLAN_PSA(  326): NL MSG, len[4015], NL type[0x1C] WNI type[0x5900] len[38671]
02-18 09:22:52.367 V/WLAN_PSA(  326): NL MSG, PID: 326
02-18 09:22:52.386 D/LBSSystemMonitorService( 2264): handleMessage what - 4
02-18 09:22:52.386 D/Wiper_jni( 2264): Send Network Location.
02-18 09:22:52.388 E/LocSvc_api_v02( 2264): I/---> locClientSendReq line 2065 QMI_LOC_INJECT_WIFI_POSITION_REQ_V02
02-18 09:22:52.391 E/LocSvc_ApiV02( 2264): I/<--- void globalRespCb(locClientHandleType, uint32_t, locClientRespIndUnionType, void*) line 111 QMI_LOC_INJECT_WIFI_POSITION_REQ_V02
02-18 09:22:52.561 V/WLAN_PSA(  326): NL MSG, len[048], NL type[0x11] WNI type[0x5050] len[028]
02-18 09:22:52.561 V/WLAN_PSA(  326): NL MSG, PID: 326
02-18 09:22:52.561 V/WLAN_PSA(  326): NL MSG, len[048], NL type[0x11] WNI type[0x5050] len[028]
02-18 09:22:52.561 V/WLAN_PSA(  326): NL MSG, PID: 326
02-18 09:22:52.565 V/WLAN_PSA(  326): NL MSG, len[048], NL type[0x11] WNI type[0x5050] len[028]
02-18 09:22:52.565 V/WLAN_PSA(  326): NL MSG, PID: 326
02-18 09:22:52.751 V/WLAN_PSA(  326): NL MSG, len[048], NL type[0x11] WNI type[0x5050] len[028]
02-18 09:22:52.751 V/WLAN_PSA(  326): NL MSG, PID: 326
02-18 09:22:52.761 V/WLAN_PSA(  326): NL MSG, len[048], NL type[0x11] WNI type[0x5050] len[028]
02-18 09:22:52.761 V/WLAN_PSA(  326): NL MSG, PID: 326
02-18 09:22:57.761 V/WLAN_PSA(  326): NL MSG, len[048], NL type[0x11] WNI type[0x5050] len[028]
02-18 09:22:57.761 V/WLAN_PSA(  326): NL MSG, PID: 326
02-18 09:23:02.573 I/MSM-irqbalance(  504): Decided to move IRQ215 from CPU7 to CPU6
02-18 09:23:02.771 V/WLAN_PSA(  326): NL MSG, len[048], NL type[0x11] WNI type[0x5050] len[028]
02-18 09:23:02.771 V/WLAN_PSA(  326): NL MSG, PID: 326
02-18 09:23:05.711 E/LocSvc_libulp( 2264): I/===> int ulp_msg_process_system_update(UlpSystemEvent) line 1455 
02-18 09:23:05.711 E/LocSvc_libulp( 2264): I/int ulp_msg_process_system_update(UlpSystemEvent): systemEvent:5 
02-18 09:23:05.711 E/LocSvc_libulp( 2264): I/===> int ulp_brain_process_system_update(UlpSystemEvent) line 2352 
02-18 09:23:05.711 E/LocSvc_libulp( 2264): I/===> int ulp_brain_select_providers() line 333 
02-18 09:23:05.711 E/LocSvc_libulp( 2264): I/===> int ulp_brain_turn_onoff_quipc_provider() line 700 
02-18 09:23:05.711 E/LocSvc_libulp( 2264): I/===> int ulp_quipc_stop_engine() line 235 
02-18 09:23:05.711 E/LocSvc_libulp( 2264): I/===> bool ulp_quipc_engine_running() line 60 
02-18 09:23:05.711 E/LocSvc_libulp( 2264): I/===> int ulp_brain_turn_onoff_gnss_provider() line 595 
02-18 09:23:05.711 E/LocSvc_libulp( 2264): I/===> int ulp_gnss_stop_engine() line 262 
02-18 09:23:05.711 E/LocSvc_libulp( 2264): I/===> bool ulp_quipc_engine_running() line 60 
02-18 09:23:05.712 E/LocSvc_libulp( 2264): I/===> int ulp_brain_turn_onoff_gnp_provider() line 496 
02-18 09:23:05.712 E/LocSvc_libulp( 2264): I/===> bool ulp_gnp_engine_running() line 59 
02-18 09:23:05.712 E/LocSvc_libulp( 2264): I/===> int ulp_gnp_stop_engine() line 195 
02-18 09:23:05.712 E/LocSvc_libulp( 2264): I/===> bool ulp_gnp_engine_running() line 59 
02-18 09:23:05.712 E/LocSvc_libulp( 2264): I/===> bool ulp_gnp_engine_running() line 59 
02-18 09:23:05.712 E/LocSvc_libulp( 2264): I/===> int ulp_brain_turn_onoff_zpp_provider() line 437 
02-18 09:23:05.712 E/LocSvc_libulp( 2264): I/===> int ulp_zpp_start_engine() line 98 
02-18 09:23:05.712 E/LocSvc_libulp( 2264): I/===> bool ulp_zpp_engine_running() line 62 
02-18 09:23:05.712 E/LocSvc_libulp( 2264): I/===> int ulp_msg_process_start_req() line 447 
02-18 09:23:05.712 E/LocSvc_libulp( 2264): I/int ulp_msg_process_start_req(), at ulp state = 1
02-18 09:23:05.712 E/LocSvc_api_v02( 2264): I/---> locClientSendReq line 2065 QMI_LOC_GET_BEST_AVAILABLE_POSITION_REQ_V02
02-18 09:23:05.715 E/LocSvc_ApiV02( 2264): I/<--- void globalRespCb(locClientHandleType, uint32_t, locClientRespIndUnionType, void*) line 111 QMI_LOC_GET_BEST_AVAILABLE_POSITION_REQ_V02
02-18 09:23:05.715 E/LocSvc_libulp( 2264): I/===> int ulp_brain_process_zpp_position_report(loc_sess_status, LocPosTechMask, const UlpLocation*) line 1463 
02-18 09:23:05.715 E/LocSvc_libulp( 2264): I/===> int ulp_msg_send_generic_position_report(loc_sess_status, LocPosTechMask, const UlpLocation*, const GpsLocationExtended*, const void*) line 1011 
02-18 09:23:05.715 D/Ulp_jni ( 2264): Location CB invoked
02-18 09:23:05.715 E/LocSvc_libulp( 2264): I/int ulp_brain_process_zpp_position_report(loc_sess_status, LocPosTechMask, const UlpLocation*), report ZPP position to providers,report_position = 1
02-18 09:23:05.715 E/LocSvc_libulp( 2264): I/===> int ulp_brain_select_providers() line 333 
02-18 09:23:05.715 E/LocSvc_libulp( 2264): I/===> int ulp_brain_turn_onoff_quipc_provider() line 700 
02-18 09:23:05.715 E/LocSvc_libulp( 2264): I/===> int ulp_quipc_stop_engine() line 235 
02-18 09:23:05.715 E/LocSvc_libulp( 2264): I/===> bool ulp_quipc_engine_running() line 60 
02-18 09:23:05.715 E/LocSvc_libulp( 2264): I/===> int ulp_brain_turn_onoff_gnss_provider() line 595 
02-18 09:23:05.715 E/LocSvc_libulp( 2264): I/===> int ulp_gnss_stop_engine() line 262 
02-18 09:23:05.715 E/LocSvc_libulp( 2264): I/===> bool ulp_quipc_engine_running() line 60 
02-18 09:23:05.716 E/LocSvc_libulp( 2264): I/===> int ulp_brain_turn_onoff_gnp_provider() line 496 
02-18 09:23:05.716 E/LocSvc_libulp( 2264): I/===> bool ulp_gnp_engine_running() line 59 
02-18 09:23:05.716 E/LocSvc_libulp( 2264): I/===> int ulp_gnp_stop_engine() line 195 
02-18 09:23:05.716 E/LocSvc_libulp( 2264): I/===> bool ulp_gnp_engine_running() line 59 
02-18 09:23:05.716 E/LocSvc_libulp( 2264): I/===> bool ulp_gnp_engine_running() line 59 
02-18 09:23:05.716 E/LocSvc_libulp( 2264): I/===> int ulp_brain_turn_onoff_zpp_provider() line 437 
02-18 09:23:05.716 E/LocSvc_libulp( 2264): I/===> int ulp_zpp_stop_engine() line 174 
02-18 09:23:05.716 E/LocSvc_libulp( 2264): I/===> bool ulp_zpp_engine_running() line 62 
02-18 09:23:06.153 V/WLAN_PSA(  326): NL MSG, len[048], NL type[0x11] WNI type[0x5050] len[028]
02-18 09:23:06.153 V/WLAN_PSA(  326): NL MSG, PID: 326
02-18 09:23:06.153 V/WLAN_PSA(  326): NL MSG, len[4001], NL type[0x1C] WNI type[0x5900] len[35087]
02-18 09:23:06.153 V/WLAN_PSA(  326): NL MSG, PID: 326
02-18 09:23:06.154 I/WifiHAL ( 2264): Poll result = 1
02-18 09:23:06.154 I/WifiHAL ( 2264): Found some events!!!
02-18 09:23:06.154 D/WifiHAL ( 2264): no_seq_check received
02-18 09:23:06.154 I/WifiHAL ( 2264): event received NL80211_CMD_TRIGGER_SCAN
02-18 09:23:06.154 I/WifiHAL ( 2264): event received NL80211_CMD_TRIGGER_SCAN, vendor_id = 0x0
02-18 09:23:06.154 I/WifiHAL ( 2264): event ignored!!
02-18 09:23:06.154 V/WLAN_PSA(  326): NL MSG, len[048], NL type[0x11] WNI type[0x5050] len[028]
02-18 09:23:06.154 V/WLAN_PSA(  326): NL MSG, PID: 326
02-18 09:23:06.165 V/WLAN_PSA(  326): NL MSG, len[048], NL type[0x11] WNI type[0x5050] len[028]
02-18 09:23:06.165 V/WLAN_PSA(  326): NL MSG, PID: 326
02-18 09:23:06.165 V/WLAN_PSA(  326): NL MSG, len[914], NL type[0x11] WNI type[0x5050] len[894]
02-18 09:23:06.165 V/WLAN_PSA(  326): NL MSG, PID: 326
02-18 09:23:06.165 V/WLAN_PSA(  326): NL MSG, len[048], NL type[0x11] WNI type[0x5050] len[028]
02-18 09:23:06.165 V/WLAN_PSA(  326): NL MSG, PID: 326
02-18 09:23:06.165 V/WLAN_PSA(  326): NL MSG, len[4059], NL type[0x1C] WNI type[0x5900] len[49935]
02-18 09:23:06.165 V/WLAN_PSA(  326): NL MSG, PID: 326
02-18 09:23:06.191 V/WLAN_PSA(  326): NL MSG, len[4036], NL type[0x1C] WNI type[0x5900] len[44047]
02-18 09:23:06.191 V/WLAN_PSA(  326): NL MSG, PID: 326
02-18 09:23:06.232 V/WLAN_PSA(  326): NL MSG, len[4069], NL type[0x1C] WNI type[0x5900] len[52495]
02-18 09:23:06.232 V/WLAN_PSA(  326): NL MSG, PID: 326
02-18 09:23:06.288 V/WLAN_PSA(  326): NL MSG, len[4051], NL type[0x1C] WNI type[0x5900] len[47887]
02-18 09:23:06.288 V/WLAN_PSA(  326): NL MSG, PID: 326
02-18 09:23:06.332 V/WLAN_PSA(  326): NL MSG, len[4088], NL type[0x1C] WNI type[0x5900] len[57359]
02-18 09:23:06.332 V/WLAN_PSA(  326): NL MSG, PID: 326
02-18 09:23:06.371 V/WLAN_PSA(  326): NL MSG, len[4007], NL type[0x1C] WNI type[0x5900] len[36623]
02-18 09:23:06.371 V/WLAN_PSA(  326): NL MSG, PID: 326
02-18 09:23:06.401 V/WLAN_PSA(  326): NL MSG, len[4025], NL type[0x1C] WNI type[0x5900] len[41231]
02-18 09:23:06.401 V/WLAN_PSA(  326): NL MSG, PID: 326
02-18 09:23:06.437 V/WLAN_PSA(  326): NL MSG, len[4034], NL type[0x1C] WNI type[0x5900] len[43535]
02-18 09:23:06.437 V/WLAN_PSA(  326): NL MSG, PID: 326
02-18 09:23:06.482 V/WLAN_PSA(  326): NL MSG, len[4003], NL type[0x1C] WNI type[0x5900] len[35599]
02-18 09:23:06.482 V/WLAN_PSA(  326): NL MSG, PID: 326
02-18 09:23:06.521 V/WLAN_PSA(  326): NL MSG, len[3998], NL type[0x1C] WNI type[0x5900] len[34319]
02-18 09:23:06.521 V/WLAN_PSA(  326): NL MSG, PID: 326
02-18 09:23:06.581 V/WLAN_PSA(  326): NL MSG, len[3954], NL type[0x1C] WNI type[0x5900] len[23055]
02-18 09:23:06.581 V/WLAN_PSA(  326): NL MSG, PID: 326
02-18 09:23:06.611 V/WLAN_PSA(  326): NL MSG, len[4090], NL type[0x1C] WNI type[0x5900] len[57871]
02-18 09:23:06.611 V/WLAN_PSA(  326): NL MSG, PID: 326
02-18 09:23:06.651 V/WLAN_PSA(  326): NL MSG, len[3999], NL type[0x1C] WNI type[0x5900] len[34575]
02-18 09:23:06.651 V/WLAN_PSA(  326): NL MSG, PID: 326
02-18 09:23:06.686 V/WLAN_PSA(  326): NL MSG, len[3973], NL type[0x1C] WNI type[0x5900] len[27919]
02-18 09:23:06.686 V/WLAN_PSA(  326): NL MSG, PID: 326
02-18 09:23:06.721 V/WLAN_PSA(  326): NL MSG, len[4068], NL type[0x1C] WNI type[0x5900] len[52239]
02-18 09:23:06.721 V/WLAN_PSA(  326): NL MSG, PID: 326
02-18 09:23:06.961 V/WLAN_PSA(  326): NL MSG, len[4074], NL type[0x1C] WNI type[0x5900] len[53775]
02-18 09:23:06.962 V/WLAN_PSA(  326): NL MSG, PID: 326
02-18 09:23:07.191 V/WLAN_PSA(  326): NL MSG, len[3992], NL type[0x1C] WNI type[0x5900] len[32783]
02-18 09:23:07.191 V/WLAN_PSA(  326): NL MSG, PID: 326
02-18 09:23:07.227 V/WLAN_PSA(  326): NL MSG, len[4072], NL type[0x1C] WNI type[0x5900] len[53263]
02-18 09:23:07.227 V/WLAN_PSA(  326): NL MSG, PID: 326
02-18 09:23:07.261 V/WLAN_PSA(  326): NL MSG, len[4032], NL type[0x1C] WNI type[0x5900] len[43023]
02-18 09:23:07.261 V/WLAN_PSA(  326): NL MSG, PID: 326
02-18 09:23:07.301 V/WLAN_PSA(  326): NL MSG, len[4088], NL type[0x1C] WNI type[0x5900] len[57359]
02-18 09:23:07.301 V/WLAN_PSA(  326): NL MSG, PID: 326
02-18 09:23:07.335 V/WLAN_PSA(  326): NL MSG, len[914], NL type[0x11] WNI type[0x5050] len[894]
02-18 09:23:07.335 V/WLAN_PSA(  326): NL MSG, PID: 326
02-18 09:23:07.336 I/WifiHAL ( 2264): Poll result = 1
02-18 09:23:07.336 I/WifiHAL ( 2264): Found some events!!!
02-18 09:23:07.336 D/WifiHAL ( 2264): no_seq_check received
02-18 09:23:07.336 I/WifiHAL ( 2264): event received NL80211_CMD_NEW_SCAN_RESULTS
02-18 09:23:07.336 I/WifiHAL ( 2264): event received NL80211_CMD_NEW_SCAN_RESULTS, vendor_id = 0x0
02-18 09:23:07.336 I/WifiHAL ( 2264): event ignored!!
02-18 09:23:07.336 V/WLAN_PSA(  326): NL MSG, len[4083], NL type[0x1C] WNI type[0x5900] len[56079]
02-18 09:23:07.336 V/WLAN_PSA(  326): NL MSG, PID: 326
02-18 09:23:07.336 V/WLAN_PSA(  326): NL MSG, len[4018], NL type[0x1C] WNI type[0x5900] len[39439]
02-18 09:23:07.336 V/WLAN_PSA(  326): NL MSG, PID: 326
02-18 09:23:07.336 V/WLAN_PSA(  326): NL MSG, len[4008], NL type[0x1C] WNI type[0x5900] len[36879]
02-18 09:23:07.336 V/WLAN_PSA(  326): NL MSG, PID: 326
02-18 09:23:07.336 V/WLAN_PSA(  326): NL MSG, len[4070], NL type[0x1C] WNI type[0x5900] len[52751]
02-18 09:23:07.336 V/WLAN_PSA(  326): NL MSG, PID: 326
02-18 09:23:07.356 D/LBSSystemMonitorService( 2264): handleMessage what - 4
02-18 09:23:07.356 D/Wiper_jni( 2264): Send Network Location.
02-18 09:23:07.356 E/LocSvc_api_v02( 2264): I/---> locClientSendReq line 2065 QMI_LOC_INJECT_WIFI_POSITION_REQ_V02
02-18 09:23:07.358 E/LocSvc_ApiV02( 2264): I/<--- void globalRespCb(locClientHandleType, uint32_t, locClientRespIndUnionType, void*) line 111 QMI_LOC_INJECT_WIFI_POSITION_REQ_V02
02-18 09:23:07.531 V/WLAN_PSA(  326): NL MSG, len[048], NL type[0x11] WNI type[0x5050] len[028]
02-18 09:23:07.531 V/WLAN_PSA(  326): NL MSG, PID: 326
02-18 09:23:07.531 V/WLAN_PSA(  326): NL MSG, len[048], NL type[0x11] WNI type[0x5050] len[028]
